Archive member included to satisfy reference by file (symbol)

D:/GitHub/LTE01R07A16V03_C_SDK_A_SDK/ql-sdk/ql-application/threadx/interface/soundbox//build/soundbox.lib(sb_app_main.o)
                              (--whole-archive)
D:/GitHub/LTE01R07A16V03_C_SDK_A_SDK/ql-sdk/ql-application/threadx/interface/soundbox//build/soundbox.lib(sb_error.o)
                              (--whole-archive)
D:/GitHub/LTE01R07A16V03_C_SDK_A_SDK/ql-sdk/ql-application/threadx/interface/soundbox//build/soundbox.lib(sb_event.o)
                              (--whole-archive)
D:/GitHub/LTE01R07A16V03_C_SDK_A_SDK/ql-sdk/ql-application/threadx/interface/soundbox//build/soundbox.lib(sb_event_bus.o)
                              (--whole-archive)
D:/GitHub/LTE01R07A16V03_C_SDK_A_SDK/ql-sdk/ql-application/threadx/interface/soundbox//build/soundbox.lib(sb_log.o)
                              (--whole-archive)
D:/GitHub/LTE01R07A16V03_C_SDK_A_SDK/ql-sdk/ql-application/threadx/interface/soundbox//build/soundbox.lib(sb_supervisor.o)
                              (--whole-archive)
D:/GitHub/LTE01R07A16V03_C_SDK_A_SDK/ql-sdk/ql-application/threadx/interface/soundbox//build/soundbox.lib(sb_bsp_kae8_sq1.o)
                              (--whole-archive)
D:/GitHub/LTE01R07A16V03_C_SDK_A_SDK/ql-sdk/ql-application/threadx/interface/soundbox//build/soundbox.lib(sb_hal_adc.o)
                              (--whole-archive)
D:/GitHub/LTE01R07A16V03_C_SDK_A_SDK/ql-sdk/ql-application/threadx/interface/soundbox//build/soundbox.lib(sb_hal_audio_pa.o)
                              (--whole-archive)
D:/GitHub/LTE01R07A16V03_C_SDK_A_SDK/ql-sdk/ql-application/threadx/interface/soundbox//build/soundbox.lib(sb_hal_gpio.o)
                              (--whole-archive)
D:/GitHub/LTE01R07A16V03_C_SDK_A_SDK/ql-sdk/ql-application/threadx/interface/soundbox//build/soundbox.lib(sb_hal_key.o)
                              (--whole-archive)
D:/GitHub/LTE01R07A16V03_C_SDK_A_SDK/ql-sdk/ql-application/threadx/interface/soundbox//build/soundbox.lib(sb_hal_led.o)
                              (--whole-archive)
D:/GitHub/LTE01R07A16V03_C_SDK_A_SDK/ql-sdk/ql-application/threadx/interface/soundbox//build/soundbox.lib(sb_led_status.o)
                              (--whole-archive)
D:/GitHub/LTE01R07A16V03_C_SDK_A_SDK/ql-sdk/ql-application/threadx/interface/soundbox//build/soundbox.lib(sb_crc32.o)
                              (--whole-archive)
D:/GitHub/LTE01R07A16V03_C_SDK_A_SDK/ql-sdk/ql-application/threadx/interface/soundbox//build/soundbox.lib(sb_storage_fs.o)
                              (--whole-archive)
D:/GitHub/LTE01R07A16V03_C_SDK_A_SDK/ql-sdk/ql-application/threadx/interface/soundbox//build/soundbox.lib(sb_ext_nor_flash.o)
                              (--whole-archive)
D:/GitHub/LTE01R07A16V03_C_SDK_A_SDK/ql-sdk/ql-application/threadx/interface/soundbox//build/soundbox.lib(sb_audio_types.o)
                              (--whole-archive)
D:/GitHub/LTE01R07A16V03_C_SDK_A_SDK/ql-sdk/ql-application/threadx/interface/soundbox//build/soundbox.lib(sb_amount_tokenizer.o)
                              (--whole-archive)
D:/GitHub/LTE01R07A16V03_C_SDK_A_SDK/ql-sdk/ql-application/threadx/interface/soundbox//build/soundbox.lib(sb_audio_asset.o)
                              (--whole-archive)
D:/GitHub/LTE01R07A16V03_C_SDK_A_SDK/ql-sdk/ql-application/threadx/interface/soundbox//build/soundbox.lib(sb_audio_asset_store.o)
                              (--whole-archive)
D:/GitHub/LTE01R07A16V03_C_SDK_A_SDK/ql-sdk/ql-application/threadx/interface/soundbox//build/soundbox.lib(sb_audio_asset_manifest.o)
                              (--whole-archive)
D:/GitHub/LTE01R07A16V03_C_SDK_A_SDK/ql-sdk/ql-application/threadx/interface/soundbox//build/soundbox.lib(sb_audio_prompt_logic.o)
                              (--whole-archive)
D:/GitHub/LTE01R07A16V03_C_SDK_A_SDK/ql-sdk/ql-application/threadx/interface/soundbox//build/soundbox.lib(sb_audio_script.o)
                              (--whole-archive)
D:/GitHub/LTE01R07A16V03_C_SDK_A_SDK/ql-sdk/ql-application/threadx/interface/soundbox//build/soundbox.lib(sb_audio_codec_es8311.o)
                              (--whole-archive)
D:/GitHub/LTE01R07A16V03_C_SDK_A_SDK/ql-sdk/ql-application/threadx/interface/soundbox//build/soundbox.lib(sb_audio_hal.o)
                              (--whole-archive)
D:/GitHub/LTE01R07A16V03_C_SDK_A_SDK/ql-sdk/ql-application/threadx/interface/soundbox//build/soundbox.lib(sb_audio_service.o)
                              (--whole-archive)
D:/GitHub/LTE01R07A16V03_C_SDK_A_SDK/ql-sdk/ql-application/threadx/interface/soundbox//build/soundbox.lib(sb_config.o)
                              (--whole-archive)
D:/GitHub/LTE01R07A16V03_C_SDK_A_SDK/ql-sdk/ql-application/threadx/interface/soundbox//build/soundbox.lib(sb_sim_service.o)
                              (--whole-archive)
D:/GitHub/LTE01R07A16V03_C_SDK_A_SDK/ql-sdk/ql-application/threadx/interface/soundbox//build/soundbox.lib(sb_time_service.o)
[...]
Memory Configuration

Name             Origin             Length             Attributes
ROM              0x80322008         0x00100000         xr
SRAM             0x7e1f0800         0x00100000         xrw
*default*        0x00000000         0xffffffff

Linker script and memory map

                0x80322000                __ROM_START_ADDR = 0x80322000
                0x00100000                __MAX_ROM_SIZE = 0x100000
                0x7e1f0800                __RAM_START_ADDR = 0x7e1f0800
                0x00100000                __MAX_RAM_SIZE = 0x100000
                0x80322008                . = (__ROM_START_ADDR + 0x8)

.initdata       0x80322008       0x20
 *(.initdata)
 .initdata      0x80322008       0x20 common/lib/ql_common_api.lib(ql_main.o)
                0x80322008                GADLENTRY

.userStartUp
 *(.userInit)

.text           0x80322028    0x19514
 *(.text)
 .text          0x80322028       0xec D:\GitHub\LTE01R07A16V03_C_SDK_A_SDK\ql-sdk\ql-application\threadx\/../..\ql-cross-tool\win32\owtoolchain\gcc-arm-none-eabi\arm-none-eabi\lib\thumb\v7+fp\softfp\libc.a(lib_a-memcpy.o)
                0x80322028                memcpy
 .text          0x80322114      0x1bc D:\GitHub\LTE01R07A16V03_C_SDK_A_SDK\ql-sdk\ql-application\threadx\/../..\ql-cross-tool\win32\owtoolchain\gcc-arm-none-eabi\arm-none-eabi\lib\thumb\v7+fp\softfp\libc.a(lib_a-strcmp.o)
                0x80322114                strcmp
 .text          0x803222d0      0x278 D:\GitHub\LTE01R07A16V03_C_SDK_A_SDK\ql-sdk\ql-application\threadx\/../..\ql-cross-tool\win32\owtoolchain\gcc-arm-none-eabi\lib\gcc\arm-none-eabi\9.2.1\thumb\v7+fp\softfp\libgcc.a(_udivsi3.o)
                0x803222d0                __aeabi_uidiv
                0x803222d0                __udivsi3
                0x8032252c                __aeabi_uidivmod
 .text          0x80322548        0x4 D:\GitHub\LTE01R07A16V03_C_SDK_A_SDK\ql-sdk\ql-application\threadx\/../..\ql-cross-tool\win32\owtoolchain\gcc-arm-none-eabi\lib\gcc\arm-none-eabi\9.2.1\thumb\v7+fp\softfp\libgcc.a(_dvmd_tls.o)
                0x80322548                __aeabi_idiv0
                0x80322548                __aeabi_ldiv0
 .text          0x8032254c      0x378 D:\GitHub\LTE01R07A16V03_C_SDK_A_SDK\ql-sdk\ql-application\threadx\/../..\ql-cross-tool\win32\owtoolchain\gcc-arm-none-eabi\lib\gcc\arm-none-eabi\9.2.1\thumb\v7+fp\softfp\libgcc.a(_arm_addsubdf3.o)
                0x8032254c                __aeabi_drsub
                0x80322554                __aeabi_dsub
                0x80322554                __subdf3
                0x80322558                __aeabi_dadd
                0x80322558                __adddf3
                0x803227d0                __floatunsidf
                0x803227d0                __aeabi_ui2d
                0x803227f0                __floatsidf
                0x803227f0                __aeabi_i2d
                0x80322814                __aeabi_f2d
                0x80322814                __extendsfdf2
                0x80322858                __floatundidf
                0x80322858                __aeabi_ul2d
                0x80322868                __floatdidf
                0x80322868                __aeabi_l2d
 .text          0x803228c4       0x30 D:\GitHub\LTE01R07A16V03_C_SDK_A_SDK\ql-sdk\ql-application\threadx\/../..\ql-cross-tool\win32\owtoolchain\gcc-arm-none-eabi\lib\gcc\arm-none-eabi\9.2.1\thumb\v7+fp\softfp\libgcc.a(_aeabi_uldivmod.o)
                0x803228c4                __aeabi_uldivmod
 .text          0x803228f4       0x30 D:\GitHub\LTE01R07A16V03_C_SDK_A_SDK\ql-sdk\ql-application\threadx\/../..\ql-cross-tool\win32\owtoolchain\gcc-arm-none-eabi\lib\gcc\arm-none-eabi\9.2.1\thumb\v7+fp\softfp\libgcc.a(_fixdfdi.o)
                0x803228f4                __fixdfdi
                0x803228f4                __aeabi_d2lz
 *fill*         0x80322924        0x4 
 .text          0x80322928       0x40 D:\GitHub\LTE01R07A16V03_C_SDK_A_SDK\ql-sdk\ql-application\threadx\/../..\ql-cross-tool\win32\owtoolchain\gcc-arm-none-eabi\lib\gcc\arm-none-eabi\9.2.1\thumb\v7+fp\softfp\libgcc.a(_fixunsdfdi.o)
                0x80322928                __fixunsdfdi
                0x80322928                __aeabi_d2ulz
 .text          0x80322968      0x11c D:\GitHub\LTE01R07A16V03_C_SDK_A_SDK\ql-sdk\ql-application\threadx\/../..\ql-cross-tool\win32\owtoolchain\gcc-arm-none-eabi\lib\gcc\arm-none-eabi\9.2.1\thumb\v7+fp\softfp\libgcc.a(_udivmoddi4.o)
                0x80322968                __udivmoddi4
 *(.text*)
 .text.sb_app_entry
                0x80322a84      0x314 D:/GitHub/LTE01R07A16V03_C_SDK_A_SDK/ql-sdk/ql-application/threadx/interface/soundbox//build/soundbox.lib(sb_app_main.o)
 .text.sb_status_to_string
                0x80322d98       0x1c D:/GitHub/LTE01R07A16V03_C_SDK_A_SDK/ql-sdk/ql-application/threadx/interface/soundbox//build/soundbox.lib(sb_error.o)
                0x80322d98                sb_status_to_string
 .text.sb_event_init
                0x80322db4       0x24 D:/GitHub/LTE01R07A16V03_C_SDK_A_SDK/ql-sdk/ql-application/threadx/interface/soundbox//build/soundbox.lib(sb_event.o)
                0x80322db4                sb_event_init
 .text.sb_event_set_text
                0x80322dd8       0x2e D:/GitHub/LTE01R07A16V03_C_SDK_A_SDK/ql-sdk/ql-application/threadx/interface/soundbox//build/soundbox.lib(sb_event.o)
                0x80322dd8                sb_event_set_text
 *fill*         0x80322e06        0x2 
 .text.sb_event_id_to_string
                0x80322e08       0x18 D:/GitHub/LTE01R07A16V03_C_SDK_A_SDK/ql-sdk/ql-application/threadx/interface/soundbox//build/soundbox.lib(sb_event.o)
                0x80322e08                sb_event_id_to_string
 .text.sb_event_bus_init
                0x80322e20       0x38 D:/GitHub/LTE01R07A16V03_C_SDK_A_SDK/ql-sdk/ql-application/threadx/interface/soundbox//build/soundbox.lib(sb_event_bus.o)
                0x80322e20                sb_event_bus_init
 .text.sb_event_post
                0x80322e58       0x40 D:/GitHub/LTE01R07A16V03_C_SDK_A_SDK/ql-sdk/ql-application/threadx/interface/soundbox//build/soundbox.lib(sb_event_bus.o)
                0x80322e58                sb_event_post
 .text.sb_event_wait
                0x80322e98       0x40 D:/GitHub/LTE01R07A16V03_C_SDK_A_SDK/ql-sdk/ql-application/threadx/interface/soundbox//build/soundbox.lib(sb_event_bus.o)
                0x80322e98                sb_event_wait
 .text.sb_event_pending_count
                0x80322ed8       0x38 D:/GitHub/LTE01R07A16V03_C_SDK_A_SDK/ql-sdk/ql-application/threadx/interface/soundbox//build/soundbox.lib(sb_event_bus.o)
                0x80322ed8                sb_event_pending_count
 .text.sb_log_init
                0x80322f10        0xc D:/GitHub/LTE01R07A16V03_C_SDK_A_SDK/ql-sdk/ql-application/threadx/interface/soundbox//build/soundbox.lib(sb_log.o)
                0x80322f10                sb_log_init
 .text.sb_log_write
                0x80322f1c       0x84 D:/GitHub/LTE01R07A16V03_C_SDK_A_SDK/ql-sdk/ql-application/threadx/interface/soundbox//build/soundbox.lib(sb_log.o)
                0x80322f1c                sb_log_write
 .text.sb_supervisor_timer_cb
                0x80322fa0       0x24 D:/GitHub/LTE01R07A16V03_C_SDK_A_SDK/ql-sdk/ql-application/threadx/interface/soundbox//build/soundbox.lib(sb_supervisor.o)
 .text.sb_supervisor_language
                0x80322fc4       0x28 D:/GitHub/LTE01R07A16V03_C_SDK_A_SDK/ql-sdk/ql-application/threadx/interface/soundbox//build/soundbox.lib(sb_supervisor.o)
 .text.sb_supervisor_play_alert_once
                0x80322fec       0x24 D:/GitHub/LTE01R07A16V03_C_SDK_A_SDK/ql-sdk/ql-application/threadx/interface/soundbox//build/soundbox.lib(sb_supervisor.o)
 .text.sb_supervisor_task
                0x80323010      0x524 D:/GitHub/LTE01R07A16V03_C_SDK_A_SDK/ql-sdk/ql-application/threadx/interface/soundbox//build/soundbox.lib(sb_supervisor.o)
 .text.sb_supervisor_post_boot_event
                0x80323534       0x24 D:/GitHub/LTE01R07A16V03_C_SDK_A_SDK/ql-sdk/ql-application/threadx/interface/soundbox//build/soundbox.lib(sb_supervisor.o)
                0x80323534                sb_supervisor_post_boot_event
 .text.sb_supervisor_start
                0x80323558       0x78 D:/GitHub/LTE01R07A16V03_C_SDK_A_SDK/ql-sdk/ql-application/threadx/interface/soundbox//build/soundbox.lib(sb_supervisor.o)
                0x80323558                sb_supervisor_start
 .text.sb_bsp_log_key_state
                0x803235d0       0x64 D:/GitHub/LTE01R07A16V03_C_SDK_A_SDK/ql-sdk/ql-application/threadx/interface/soundbox//build/soundbox.lib(sb_bsp_kae8_sq1.o)
 .text.sb_bsp_check_status
                0x80323634       0x48 D:/GitHub/LTE01R07A16V03_C_SDK_A_SDK/ql-sdk/ql-application/threadx/interface/soundbox//build/soundbox.lib(sb_bsp_kae8_sq1.o)
 .text.sb_bsp_board_post_status
                0x8032367c       0x5c D:/GitHub/LTE01R07A16V03_C_SDK_A_SDK/ql-sdk/ql-application/threadx/interface/soundbox//build/soundbox.lib(sb_bsp_kae8_sq1.o)
                0x8032367c                sb_bsp_board_post_status
 .text.sb_bsp_board_set_status_led
                0x803236d8        0xc D:/GitHub/LTE01R07A16V03_C_SDK_A_SDK/ql-sdk/ql-application/threadx/interface/soundbox//build/soundbox.lib(sb_bsp_kae8_sq1.o)
                0x803236d8                sb_bsp_board_set_status_led
 .text.sb_bsp_board_init
                0x803236e4       0xec D:/GitHub/LTE01R07A16V03_C_SDK_A_SDK/ql-sdk/ql-application/threadx/interface/soundbox//build/soundbox.lib(sb_bsp_kae8_sq1.o)
                0x803236e4                sb_bsp_board_init
 .text.sb_bsp_board_set_speaker_amp
                0x803237d0        0x8 D:/GitHub/LTE01R07A16V03_C_SDK_A_SDK/ql-sdk/ql-application/threadx/interface/soundbox//build/soundbox.lib(sb_bsp_kae8_sq1.o)
                0x803237d0                sb_bsp_board_set_speaker_amp
 .text.sb_bsp_board_read_battery
                0x803237d8        0x8 D:/GitHub/LTE01R07A16V03_C_SDK_A_SDK/ql-sdk/ql-application/threadx/interface/soundbox//build/soundbox.lib(sb_bsp_kae8_sq1.o)
                0x803237d8                sb_bsp_board_read_battery
 .text.sb_hal_adc_battery_percent_from_mv
                0x803237e0       0x30 D:/GitHub/LTE01R07A16V03_C_SDK_A_SDK/ql-sdk/ql-application/threadx/interface/soundbox//build/soundbox.lib(sb_hal_adc.o)
                0x803237e0                sb_hal_adc_battery_percent_from_mv
 .text.sb_hal_adc_init
                0x80323810       0x28 D:/GitHub/LTE01R07A16V03_C_SDK_A_SDK/ql-sdk/ql-application/threadx/interface/soundbox//build/soundbox.lib(sb_hal_adc.o)
                0x80323810                sb_hal_adc_init
 .text.sb_hal_adc_read_battery
                0x80323838       0x64 D:/GitHub/LTE01R07A16V03_C_SDK_A_SDK/ql-sdk/ql-application/threadx/interface/soundbox//build/soundbox.lib(sb_hal_adc.o)
                0x80323838                sb_hal_adc_read_battery
 .text.sb_hal_audio_pa_init
                0x8032389c       0x18 D:/GitHub/LTE01R07A16V03_C_SDK_A_SDK/ql-sdk/ql-application/threadx/interface/soundbox//build/soundbox.lib(sb_hal_audio_pa.o)
                0x8032389c                sb_hal_audio_pa_init
 .text.sb_hal_audio_pa_set_enabled
                0x803238b4       0x28 D:/GitHub/LTE01R07A16V03_C_SDK_A_SDK/ql-sdk/ql-application/threadx/interface/soundbox//build/soundbox.lib(sb_hal_audio_pa.o)
                0x803238b4                sb_hal_audio_pa_set_enabled
 .text.sb_hal_gpio_input
                0x803238dc       0x1c D:/GitHub/LTE01R07A16V03_C_SDK_A_SDK/ql-sdk/ql-application/threadx/interface/soundbox//build/soundbox.lib(sb_hal_gpio.o)
                0x803238dc                sb_hal_gpio_input
 .text.sb_hal_gpio_output
                0x803238f8       0x1c D:/GitHub/LTE01R07A16V03_C_SDK_A_SDK/ql-sdk/ql-application/threadx/interface/soundbox//build/soundbox.lib(sb_hal_gpio.o)
                0x803238f8                sb_hal_gpio_output
 .text.sb_hal_gpio_set
                0x80323914       0x14 D:/GitHub/LTE01R07A16V03_C_SDK_A_SDK/ql-sdk/ql-application/threadx/interface/soundbox//build/soundbox.lib(sb_hal_gpio.o)
                0x80323914                sb_hal_gpio_set
 .text.sb_hal_gpio_get
                0x80323928       0x1c D:/GitHub/LTE01R07A16V03_C_SDK_A_SDK/ql-sdk/ql-application/threadx/interface/soundbox//build/soundbox.lib(sb_hal_gpio.o)
                0x80323928                sb_hal_gpio_get
 .text.sb_hal_gpio_register_eint
                0x80323944       0x24 D:/GitHub/LTE01R07A16V03_C_SDK_A_SDK/ql-sdk/ql-application/threadx/interface/soundbox//build/soundbox.lib(sb_hal_gpio.o)
                0x80323944                sb_hal_gpio_register_eint
 .text.sb_hal_gpio_enable_eint
                0x80323968       0x14 D:/GitHub/LTE01R07A16V03_C_SDK_A_SDK/ql-sdk/ql-application/threadx/interface/soundbox//build/soundbox.lib(sb_hal_gpio.o)
                0x80323968                sb_hal_gpio_enable_eint
 .text.sb_hal_gpio_disable_eint
                0x8032397c       0x14 D:/GitHub/LTE01R07A16V03_C_SDK_A_SDK/ql-sdk/ql-application/threadx/interface/soundbox//build/soundbox.lib(sb_hal_gpio.o)
                0x8032397c                sb_hal_gpio_disable_eint
 .text.sb_key_irq_post
                0x80323990       0x4c D:/GitHub/LTE01R07A16V03_C_SDK_A_SDK/ql-sdk/ql-application/threadx/interface/soundbox//build/soundbox.lib(sb_hal_key.o)
 .text.sb_key_mode_irq
                0x803239dc        0xc D:/GitHub/LTE01R07A16V03_C_SDK_A_SDK/ql-sdk/ql-application/threadx/interface/soundbox//build/soundbox.lib(sb_hal_key.o)
 .text.sb_key_volume_down_irq
                0x803239e8        0xc D:/GitHub/LTE01R07A16V03_C_SDK_A_SDK/ql-sdk/ql-application/threadx/interface/soundbox//build/soundbox.lib(sb_hal_key.o)
 .text.sb_key_volume_up_irq
                0x803239f4        0xc D:/GitHub/LTE01R07A16V03_C_SDK_A_SDK/ql-sdk/ql-application/threadx/interface/soundbox//build/soundbox.lib(sb_hal_key.o)
 .text.sb_hal_key_gpio
                0x80323a00       0x18 D:/GitHub/LTE01R07A16V03_C_SDK_A_SDK/ql-sdk/ql-application/threadx/interface/soundbox//build/soundbox.lib(sb_hal_key.o)
                0x80323a00                sb_hal_key_gpio
 .text.sb_hal_key_get_state
                0x80323a18       0x4c D:/GitHub/LTE01R07A16V03_C_SDK_A_SDK/ql-sdk/ql-application/threadx/interface/soundbox//build/soundbox.lib(sb_hal_key.o)
                0x80323a18                sb_hal_key_get_state
 .text.sb_key_task
                0x80323a64      0x104 D:/GitHub/LTE01R07A16V03_C_SDK_A_SDK/ql-sdk/ql-application/threadx/interface/soundbox//build/soundbox.lib(sb_hal_key.o)
 .text.sb_hal_key_configure
                0x80323b68       0x90 D:/GitHub/LTE01R07A16V03_C_SDK_A_SDK/ql-sdk/ql-application/threadx/interface/soundbox//build/soundbox.lib(sb_hal_key.o)
 .text.sb_hal_key_init
                0x80323bf8       0xa0 D:/GitHub/LTE01R07A16V03_C_SDK_A_SDK/ql-sdk/ql-application/threadx/interface/soundbox//build/soundbox.lib(sb_hal_key.o)
                0x80323bf8                sb_hal_key_init
 .text.sb_hal_led_init
                0x80323c98       0x14 D:/GitHub/LTE01R07A16V03_C_SDK_A_SDK/ql-sdk/ql-application/threadx/interface/soundbox//build/soundbox.lib(sb_hal_led.o)
                0x80323c98                sb_hal_led_init
 .text.sb_hal_led_set
                0x80323cac       0x28 D:/GitHub/LTE01R07A16V03_C_SDK_A_SDK/ql-sdk/ql-application/threadx/interface/soundbox//build/soundbox.lib(sb_hal_led.o)
                0x80323cac                sb_hal_led_set
 .text.sb_led_status_init
                0x80323cd4       0x2c D:/GitHub/LTE01R07A16V03_C_SDK_A_SDK/ql-sdk/ql-application/threadx/interface/soundbox//build/soundbox.lib(sb_led_status.o)
                0x80323cd4                sb_led_status_init
 .text.sb_led_status_set
                0x80323d00       0x74 D:/GitHub/LTE01R07A16V03_C_SDK_A_SDK/ql-sdk/ql-application/threadx/interface/soundbox//build/soundbox.lib(sb_led_status.o)
                0x80323d00                sb_led_status_set
 .text.sb_led_status_on_heartbeat
                0x80323d74       0x88 D:/GitHub/LTE01R07A16V03_C_SDK_A_SDK/ql-sdk/ql-application/threadx/interface/soundbox//build/soundbox.lib(sb_led_status.o)
                0x80323d74                sb_led_status_on_heartbeat
 .text.sb_crc32_update
                0x80323dfc       0x2c D:/GitHub/LTE01R07A16V03_C_SDK_A_SDK/ql-sdk/ql-application/threadx/interface/soundbox//build/soundbox.lib(sb_crc32.o)
                0x80323dfc                sb_crc32_update
 .text.sb_crc32_compute
                0x80323e28       0x18 D:/GitHub/LTE01R07A16V03_C_SDK_A_SDK/ql-sdk/ql-application/threadx/interface/soundbox//build/soundbox.lib(sb_crc32.o)
                0x80323e28                sb_crc32_compute
 .text.sb_storage_strlen
                0x80323e40       0x12 D:/GitHub/LTE01R07A16V03_C_SDK_A_SDK/ql-sdk/ql-application/threadx/interface/soundbox//build/soundbox.lib(sb_storage_fs.o)
 .text.sb_storage_fs_path_is_absolute_u
                0x80323e52       0x1e D:/GitHub/LTE01R07A16V03_C_SDK_A_SDK/ql-sdk/ql-application/threadx/interface/soundbox//build/soundbox.lib(sb_storage_fs.o)
                0x80323e52                sb_storage_fs_path_is_absolute_u
 .text.sb_storage_validate_path
                0x80323e70       0x24 D:/GitHub/LTE01R07A16V03_C_SDK_A_SDK/ql-sdk/ql-application/threadx/interface/soundbox//build/soundbox.lib(sb_storage_fs.o)
 .text.sb_storage_fs_print_usage
                0x80323e94       0x74 D:/GitHub/LTE01R07A16V03_C_SDK_A_SDK/ql-sdk/ql-application/threadx/interface/soundbox//build/soundbox.lib(sb_storage_fs.o)
                0x80323e94                sb_storage_fs_print_usage
 .text.sb_storage_fs_mkdir_recursive
                0x80323f08       0xb8 D:/GitHub/LTE01R07A16V03_C_SDK_A_SDK/ql-sdk/ql-application/threadx/interface/soundbox//build/soundbox.lib(sb_storage_fs.o)
                0x80323f08                sb_storage_fs_mkdir_recursive
 .text.sb_storage_make_parent_dir
                0x80323fc0       0x70 D:/GitHub/LTE01R07A16V03_C_SDK_A_SDK/ql-sdk/ql-application/threadx/interface/soundbox//build/soundbox.lib(sb_storage_fs.o)
 .text.sb_storage_fs_file_exists
                0x80324030       0x3c D:/GitHub/LTE01R07A16V03_C_SDK_A_SDK/ql-sdk/ql-application/threadx/interface/soundbox//build/soundbox.lib(sb_storage_fs.o)
                0x80324030                sb_storage_fs_file_exists
 .text.sb_storage_fs_read_file
                0x8032406c       0x70 D:/GitHub/LTE01R07A16V03_C_SDK_A_SDK/ql-sdk/ql-application/threadx/interface/soundbox//build/soundbox.lib(sb_storage_fs.o)
                0x8032406c                sb_storage_fs_read_file
 .text.sb_storage_fs_read_file_partial
                0x803240dc       0x88 D:/GitHub/LTE01R07A16V03_C_SDK_A_SDK/ql-sdk/ql-application/threadx/interface/soundbox//build/soundbox.lib(sb_storage_fs.o)
                0x803240dc                sb_storage_fs_read_file_partial
 .text.sb_storage_fs_write_file_atomic
                0x80324164       0xd0 D:/GitHub/LTE01R07A16V03_C_SDK_A_SDK/ql-sdk/ql-application/threadx/interface/soundbox//build/soundbox.lib(sb_storage_fs.o)
                0x80324164                sb_storage_fs_write_file_atomic
 .text.sb_storage_fs_write_text_atomic
                0x80324234       0x70 D:/GitHub/LTE01R07A16V03_C_SDK_A_SDK/ql-sdk/ql-application/threadx/interface/soundbox//build/soundbox.lib(sb_storage_fs.o)
                0x80324234                sb_storage_fs_write_text_atomic
 .text.sb_storage_fs_self_test
                0x803242a4       0x78 D:/GitHub/LTE01R07A16V03_C_SDK_A_SDK/ql-sdk/ql-application/threadx/interface/soundbox//build/soundbox.lib(sb_storage_fs.o)
                0x803242a4                sb_storage_fs_self_test
 .text.sb_storage_fs_init
                0x8032431c      0x104 D:/GitHub/LTE01R07A16V03_C_SDK_A_SDK/ql-sdk/ql-application/threadx/interface/soundbox//build/soundbox.lib(sb_storage_fs.o)
                0x8032431c                sb_storage_fs_init
 .text.sb_ext_nor_save_diag
                0x80324420       0xec D:/GitHub/LTE01R07A16V03_C_SDK_A_SDK/ql-sdk/ql-application/threadx/interface/soundbox//build/soundbox.lib(sb_ext_nor_flash.o)
 .text.sb_ext_nor_flash_is_ready
                0x8032450c        0xc D:/GitHub/LTE01R07A16V03_C_SDK_A_SDK/ql-sdk/ql-application/threadx/interface/soundbox//build/soundbox.lib(sb_ext_nor_flash.o)
                0x8032450c                sb_ext_nor_flash_is_ready
 .text.sb_ext_nor_flash_get_status
                0x80324518       0x24 D:/GitHub/LTE01R07A16V03_C_SDK_A_SDK/ql-sdk/ql-application/threadx/interface/soundbox//build/soundbox.lib(sb_ext_nor_flash.o)
                0x80324518                sb_ext_nor_flash_get_status
 .text.sb_ext_nor_flash_read
                0x8032453c       0x6c D:/GitHub/LTE01R07A16V03_C_SDK_A_SDK/ql-sdk/ql-application/threadx/interface/soundbox//build/soundbox.lib(sb_ext_nor_flash.o)
                0x8032453c                sb_ext_nor_flash_read
 .text.sb_ext_nor_flash_write
                0x803245a8       0x70 D:/GitHub/LTE01R07A16V03_C_SDK_A_SDK/ql-sdk/ql-application/threadx/interface/soundbox//build/soundbox.lib(sb_ext_nor_flash.o)
                0x803245a8                sb_ext_nor_flash_write
 .text.sb_ext_nor_flash_erase_sector
                0x80324618       0x44 D:/GitHub/LTE01R07A16V03_C_SDK_A_SDK/ql-sdk/ql-application/threadx/interface/soundbox//build/soundbox.lib(sb_ext_nor_flash.o)
                0x80324618                sb_ext_nor_flash_erase_sector
 .text.sb_ext_nor_flash_factory_rw_test
                0x8032465c       0xe0 D:/GitHub/LTE01R07A16V03_C_SDK_A_SDK/ql-sdk/ql-application/threadx/interface/soundbox//build/soundbox.lib(sb_ext_nor_flash.o)
                0x8032465c                sb_ext_nor_flash_factory_rw_test
 .text.sb_ext_nor_flash_init
                0x8032473c      0x1a8 D:/GitHub/LTE01R07A16V03_C_SDK_A_SDK/ql-sdk/ql-application/threadx/interface/soundbox//build/soundbox.lib(sb_ext_nor_flash.o)
                0x8032473c                sb_ext_nor_flash_init
 .text.sb_audio_language_code
                0x803248e4       0x18 D:/GitHub/LTE01R07A16V03_C_SDK_A_SDK/ql-sdk/ql-application/threadx/interface/soundbox//build/soundbox.lib(sb_audio_types.o)
                0x803248e4                sb_audio_language_code
 .text.sb_audio_language_asset_code
                0x803248fc       0x18 D:/GitHub/LTE01R07A16V03_C_SDK_A_SDK/ql-sdk/ql-application/threadx/interface/soundbox//build/soundbox.lib(sb_audio_types.o)
                0x803248fc                sb_audio_language_asset_code
 .text.sb_audio_language_from_code
                0x80324914       0x60 D:/GitHub/LTE01R07A16V03_C_SDK_A_SDK/ql-sdk/ql-application/threadx/interface/soundbox//build/soundbox.lib(sb_audio_types.o)
                0x80324914                sb_audio_language_from_code
 .text.sb_lang_flat_path
                0x80324974       0x64 D:/GitHub/LTE01R07A16V03_C_SDK_A_SDK/ql-sdk/ql-application/threadx/interface/soundbox//build/soundbox.lib(sb_audio_asset.o)
 .text.sb_audio_script_init
                0x803249d8       0x18 D:/GitHub/LTE01R07A16V03_C_SDK_A_SDK/ql-sdk/ql-application/threadx/interface/soundbox//build/soundbox.lib(sb_audio_asset.o)
                0x803249d8                sb_audio_script_init
 .text.sb_audio_script_append_path
                0x803249f0       0x38 D:/GitHub/LTE01R07A16V03_C_SDK_A_SDK/ql-sdk/ql-application/threadx/interface/soundbox//build/soundbox.lib(sb_audio_asset.o)
                0x803249f0                sb_audio_script_append_path
 .text.sb_audio_asset_build_common_path
                0x80324a28       0x20 D:/GitHub/LTE01R07A16V03_C_SDK_A_SDK/ql-sdk/ql-application/threadx/interface/soundbox//build/soundbox.lib(sb_audio_asset.o)
                0x80324a28                sb_audio_asset_build_common_path
 .text.sb_audio_asset_build_alert_path
                0x80324a48       0x10 D:/GitHub/LTE01R07A16V03_C_SDK_A_SDK/ql-sdk/ql-application/threadx/interface/soundbox//build/soundbox.lib(sb_audio_asset.o)
                0x80324a48                sb_audio_asset_build_alert_path
 .text.sb_audio_asset_build_audio_file_path
                0x80324a58       0x10 D:/GitHub/LTE01R07A16V03_C_SDK_A_SDK/ql-sdk/ql-application/threadx/interface/soundbox//build/soundbox.lib(sb_audio_asset.o)
                0x80324a58                sb_audio_asset_build_audio_file_path
 .text.sb_audio_asset_build_provider_path
                0x80324a68       0x38 D:/GitHub/LTE01R07A16V03_C_SDK_A_SDK/ql-sdk/ql-application/threadx/interface/soundbox//build/soundbox.lib(sb_audio_asset.o)
                0x80324a68                sb_audio_asset_build_provider_path
 .text.sb_audio_asset_build_amount_token_path
                0x80324aa0       0xcc D:/GitHub/LTE01R07A16V03_C_SDK_A_SDK/ql-sdk/ql-application/threadx/interface/soundbox//build/soundbox.lib(sb_audio_asset.o)
                0x80324aa0                sb_audio_asset_build_amount_token_path
 .text.sb_audio_asset_validate_script
                0x80324b6c       0x68 D:/GitHub/LTE01R07A16V03_C_SDK_A_SDK/ql-sdk/ql-application/threadx/interface/soundbox//build/soundbox.lib(sb_audio_asset.o)
                0x80324b6c                sb_audio_asset_validate_script
 .text.sb_store_ufs_file_present.part.0
                0x80324bd4       0x3c D:/GitHub/LTE01R07A16V03_C_SDK_A_SDK/ql-sdk/ql-application/threadx/interface/soundbox//build/soundbox.lib(sb_audio_asset_store.o)
 .text.sb_store_common_to_ufs.constprop.0
                0x80324c10       0x78 D:/GitHub/LTE01R07A16V03_C_SDK_A_SDK/ql-sdk/ql-application/threadx/interface/soundbox//build/soundbox.lib(sb_audio_asset_store.o)
 .text.sb_audio_asset_store_init
                0x80324c88       0xe8 D:/GitHub/LTE01R07A16V03_C_SDK_A_SDK/ql-sdk/ql-application/threadx/interface/soundbox//build/soundbox.lib(sb_audio_asset_store.o)
                0x80324c88                sb_audio_asset_store_init
 .text.sb_audio_asset_store_get_status
                0x80324d70       0x20 D:/GitHub/LTE01R07A16V03_C_SDK_A_SDK/ql-sdk/ql-application/threadx/interface/soundbox//build/soundbox.lib(sb_audio_asset_store.o)
                0x80324d70                sb_audio_asset_store_get_status
 .text.sb_audio_asset_store_exists
                0x80324d90       0x3c D:/GitHub/LTE01R07A16V03_C_SDK_A_SDK/ql-sdk/ql-application/threadx/interface/soundbox//build/soundbox.lib(sb_audio_asset_store.o)
                0x80324d90                sb_audio_asset_store_exists
 .text.sb_audio_asset_store_prepare_play_path
                0x80324dcc      0x204 D:/GitHub/LTE01R07A16V03_C_SDK_A_SDK/ql-sdk/ql-application/threadx/interface/soundbox//build/soundbox.lib(sb_audio_asset_store.o)
                0x80324dcc                sb_audio_asset_store_prepare_play_path
 .text.sb_audio_manifest_init
                0x80324fd0      0x12c D:/GitHub/LTE01R07A16V03_C_SDK_A_SDK/ql-sdk/ql-application/threadx/interface/soundbox//build/soundbox.lib(sb_audio_asset_manifest.o)
                0x80324fd0                sb_audio_manifest_init
 .text.sb_audio_manifest_get_status
                0x803250fc       0x1c D:/GitHub/LTE01R07A16V03_C_SDK_A_SDK/ql-sdk/ql-application/threadx/interface/soundbox//build/soundbox.lib(sb_audio_asset_manifest.o)
                0x803250fc                sb_audio_manifest_get_status
 .text.sb_audio_manifest_find
                0x80325118       0x68 D:/GitHub/LTE01R07A16V03_C_SDK_A_SDK/ql-sdk/ql-application/threadx/interface/soundbox//build/soundbox.lib(sb_audio_asset_manifest.o)
                0x80325118                sb_audio_manifest_find
 .text.sb_manifest_try_file_variant
                0x80325180       0xb8 D:/GitHub/LTE01R07A16V03_C_SDK_A_SDK/ql-sdk/ql-application/threadx/interface/soundbox//build/soundbox.lib(sb_audio_asset_manifest.o)
 .text.sb_audio_manifest_find_with_fallback
                0x80325238       0xd8 D:/GitHub/LTE01R07A16V03_C_SDK_A_SDK/ql-sdk/ql-application/threadx/interface/soundbox//build/soundbox.lib(sb_audio_asset_manifest.o)
                0x80325238                sb_audio_manifest_find_with_fallback
 .text.sb_lang_suffix_used
                0x80325310        0xe D:/GitHub/LTE01R07A16V03_C_SDK_A_SDK/ql-sdk/ql-application/threadx/interface/soundbox//build/soundbox.lib(sb_audio_prompt_logic.o)
 *fill*         0x8032531e        0x2 
 .text.sb_logic_append_token
                0x80325320       0x30 D:/GitHub/LTE01R07A16V03_C_SDK_A_SDK/ql-sdk/ql-application/threadx/interface/soundbox//build/soundbox.lib(sb_audio_prompt_logic.o)
 .text.sb_logic_append_under_100
                0x80325350       0x48 D:/GitHub/LTE01R07A16V03_C_SDK_A_SDK/ql-sdk/ql-application/threadx/interface/soundbox//build/soundbox.lib(sb_audio_prompt_logic.o)
 .text.sb_logic_append_number
                0x80325398      0x140 D:/GitHub/LTE01R07A16V03_C_SDK_A_SDK/ql-sdk/ql-application/threadx/interface/soundbox//build/soundbox.lib(sb_audio_prompt_logic.o)
 .text.sb_logic_append_provider
                0x803254d8       0x28 D:/GitHub/LTE01R07A16V03_C_SDK_A_SDK/ql-sdk/ql-application/threadx/interface/soundbox//build/soundbox.lib(sb_audio_prompt_logic.o)
 .text.sb_logic_append_audio_file
                0x80325500       0x28 D:/GitHub/LTE01R07A16V03_C_SDK_A_SDK/ql-sdk/ql-application/threadx/interface/soundbox//build/soundbox.lib(sb_audio_prompt_logic.o)
 .text.sb_logic_append_rupees_and_paise
                0x80325528       0xa0 D:/GitHub/LTE01R07A16V03_C_SDK_A_SDK/ql-sdk/ql-application/threadx/interface/soundbox//build/soundbox.lib(sb_audio_prompt_logic.o)
 .text.sb_audio_prompt_logic_build_common
                0x803255c8       0x3c D:/GitHub/LTE01R07A16V03_C_SDK_A_SDK/ql-sdk/ql-application/threadx/interface/soundbox//build/soundbox.lib(sb_audio_prompt_logic.o)
                0x803255c8                sb_audio_prompt_logic_build_common
 .text.sb_audio_prompt_logic_build_alert
                0x80325604       0x40 D:/GitHub/LTE01R07A16V03_C_SDK_A_SDK/ql-sdk/ql-application/threadx/interface/soundbox//build/soundbox.lib(sb_audio_prompt_logic.o)
                0x80325604                sb_audio_prompt_logic_build_alert
 .text.sb_audio_prompt_logic_build_health
                0x80325644       0x84 D:/GitHub/LTE01R07A16V03_C_SDK_A_SDK/ql-sdk/ql-application/threadx/interface/soundbox//build/soundbox.lib(sb_audio_prompt_logic.o)
                0x80325644                sb_audio_prompt_logic_build_health
 .text.sb_audio_prompt_logic_build_transaction_fallback
                0x803256c8       0x54 D:/GitHub/LTE01R07A16V03_C_SDK_A_SDK/ql-sdk/ql-application/threadx/interface/soundbox//build/soundbox.lib(sb_audio_prompt_logic.o)
                0x803256c8                sb_audio_prompt_logic_build_transaction_fallback
 .text.sb_audio_prompt_logic_build_transaction
                0x8032571c       0xd0 D:/GitHub/LTE01R07A16V03_C_SDK_A_SDK/ql-sdk/ql-application/threadx/interface/soundbox//build/soundbox.lib(sb_audio_prompt_logic.o)
                0x8032571c                sb_audio_prompt_logic_build_transaction
 .text.sb_audio_prompt_logic_build_last_transaction
                0x803257ec       0x68 D:/GitHub/LTE01R07A16V03_C_SDK_A_SDK/ql-sdk/ql-application/threadx/interface/soundbox//build/soundbox.lib(sb_audio_prompt_logic.o)
                0x803257ec                sb_audio_prompt_logic_build_last_transaction
 .text.sb_audio_prompt_logic_build_daily_summary
                0x80325854      0x134 D:/GitHub/LTE01R07A16V03_C_SDK_A_SDK/ql-sdk/ql-application/threadx/interface/soundbox//build/soundbox.lib(sb_audio_prompt_logic.o)
                0x80325854                sb_audio_prompt_logic_build_daily_summary
 .text.sb_audio_script_build_status
                0x80325988       0x74 D:/GitHub/LTE01R07A16V03_C_SDK_A_SDK/ql-sdk/ql-application/threadx/interface/soundbox//build/soundbox.lib(sb_audio_script.o)
                0x80325988                sb_audio_script_build_status
 .text.sb_audio_script_build_amount_received
                0x803259fc       0x18 D:/GitHub/LTE01R07A16V03_C_SDK_A_SDK/ql-sdk/ql-application/threadx/interface/soundbox//build/soundbox.lib(sb_audio_script.o)
                0x803259fc                sb_audio_script_build_amount_received
 .text.sb_es8311_write_reg
                0x80325a14       0x40 D:/GitHub/LTE01R07A16V03_C_SDK_A_SDK/ql-sdk/ql-application/threadx/interface/soundbox//build/soundbox.lib(sb_audio_codec_es8311.o)
 .text.sb_audio_codec_es8311_open
                0x80325a54      0x250 D:/GitHub/LTE01R07A16V03_C_SDK_A_SDK/ql-sdk/ql-application/threadx/interface/soundbox//build/soundbox.lib(sb_audio_codec_es8311.o)
                0x80325a54                sb_audio_codec_es8311_open
 .text.sb_audio_hal_play_mp3_stream_from_file
                0x80325ca4      0x158 D:/GitHub/LTE01R07A16V03_C_SDK_A_SDK/ql-sdk/ql-application/threadx/interface/soundbox//build/soundbox.lib(sb_audio_hal.o)
 .text.sb_audio_hal_mp3_event_cb
                0x80325dfc       0x28 D:/GitHub/LTE01R07A16V03_C_SDK_A_SDK/ql-sdk/ql-application/threadx/interface/soundbox//build/soundbox.lib(sb_audio_hal.o)
 .text.sb_audio_hal_set_volume_percent
                0x80325e24       0x2c D:/GitHub/LTE01R07A16V03_C_SDK_A_SDK/ql-sdk/ql-application/threadx/interface/soundbox//build/soundbox.lib(sb_audio_hal.o)
                0x80325e24                sb_audio_hal_set_volume_percent
 .text.sb_audio_hal_init
                0x80325e50       0xec D:/GitHub/LTE01R07A16V03_C_SDK_A_SDK/ql-sdk/ql-application/threadx/interface/soundbox//build/soundbox.lib(sb_audio_hal.o)
                0x80325e50                sb_audio_hal_init
 .text.sb_audio_hal_play_mp3_file
                0x80325f3c      0x200 D:/GitHub/LTE01R07A16V03_C_SDK_A_SDK/ql-sdk/ql-application/threadx/interface/soundbox//build/soundbox.lib(sb_audio_hal.o)
                0x80325f3c                sb_audio_hal_play_mp3_file
 .text.sb_audio_hal_is_ready
                0x8032613c        0xc D:/GitHub/LTE01R07A16V03_C_SDK_A_SDK/ql-sdk/ql-application/threadx/interface/soundbox//build/soundbox.lib(sb_audio_hal.o)
                0x8032613c                sb_audio_hal_is_ready
 .text.sb_audio_post_event
                0x80326148       0x38 D:/GitHub/LTE01R07A16V03_C_SDK_A_SDK/ql-sdk/ql-application/threadx/interface/soundbox//build/soundbox.lib(sb_audio_service.o)
 .text.sb_audio_service_enqueue
                0x80326180       0x2c D:/GitHub/LTE01R07A16V03_C_SDK_A_SDK/ql-sdk/ql-application/threadx/interface/soundbox//build/soundbox.lib(sb_audio_service.o)
 .text.sb_audio_request_clear.part.0
                0x803261ac       0x10 D:/GitHub/LTE01R07A16V03_C_SDK_A_SDK/ql-sdk/ql-application/threadx/interface/soundbox//build/soundbox.lib(sb_audio_service.o)
 .text.sb_audio_play_script
                0x803261bc       0xe8 D:/GitHub/LTE01R07A16V03_C_SDK_A_SDK/ql-sdk/ql-application/threadx/interface/soundbox//build/soundbox.lib(sb_audio_service.o)
 .text.sb_audio_service_handle_request
                0x803262a4      0x1cc D:/GitHub/LTE01R07A16V03_C_SDK_A_SDK/ql-sdk/ql-application/threadx/interface/soundbox//build/soundbox.lib(sb_audio_service.o)
 .text.sb_audio_task
                0x80326470       0xe8 D:/GitHub/LTE01R07A16V03_C_SDK_A_SDK/ql-sdk/ql-application/threadx/interface/soundbox//build/soundbox.lib(sb_audio_service.o)
 .text.sb_audio_service_init
                0x80326558       0x9c D:/GitHub/LTE01R07A16V03_C_SDK_A_SDK/ql-sdk/ql-application/threadx/interface/soundbox//build/soundbox.lib(sb_audio_service.o)
                0x80326558                sb_audio_service_init
 .text.sb_audio_service_play_prompt
                0x803265f4       0x44 D:/GitHub/LTE01R07A16V03_C_SDK_A_SDK/ql-sdk/ql-application/threadx/interface/soundbox//build/soundbox.lib(sb_audio_service.o)
                0x803265f4                sb_audio_service_play_prompt
 .text.sb_audio_service_play_amount
                0x80326638       0x44 D:/GitHub/LTE01R07A16V03_C_SDK_A_SDK/ql-sdk/ql-application/threadx/interface/soundbox//build/soundbox.lib(sb_audio_service.o)
                0x80326638                sb_audio_service_play_amount
 .text.sb_audio_service_set_volume
                0x8032667c       0x4c D:/GitHub/LTE01R07A16V03_C_SDK_A_SDK/ql-sdk/ql-application/threadx/interface/soundbox//build/soundbox.lib(sb_audio_service.o)
                0x8032667c                sb_audio_service_set_volume
 .text.sb_audio_service_play_common
                0x803266c8       0x4c D:/GitHub/LTE01R07A16V03_C_SDK_A_SDK/ql-sdk/ql-application/threadx/interface/soundbox//build/soundbox.lib(sb_audio_service.o)
                0x803266c8                sb_audio_service_play_common
 .text.sb_audio_service_play_alert
                0x80326714       0x44 D:/GitHub/LTE01R07A16V03_C_SDK_A_SDK/ql-sdk/ql-application/threadx/interface/soundbox//build/soundbox.lib(sb_audio_service.o)
                0x80326714                sb_audio_service_play_alert
 .text.sb_audio_service_play_health
                0x80326758       0x3c D:/GitHub/LTE01R07A16V03_C_SDK_A_SDK/ql-sdk/ql-application/threadx/interface/soundbox//build/soundbox.lib(sb_audio_service.o)
                0x80326758                sb_audio_service_play_health
 .text.sb_audio_service_play_last_transaction
                0x80326794       0x48 D:/GitHub/LTE01R07A16V03_C_SDK_A_SDK/ql-sdk/ql-application/threadx/interface/soundbox//build/soundbox.lib(sb_audio_service.o)
                0x80326794                sb_audio_service_play_last_transaction
 .text.sb_audio_service_play_daily_summary
                0x803267dc       0x38 D:/GitHub/LTE01R07A16V03_C_SDK_A_SDK/ql-sdk/ql-application/threadx/interface/soundbox//build/soundbox.lib(sb_audio_service.o)
                0x803267dc                sb_audio_service_play_daily_summary
 .text.sb_config_sanitize
                0x80326814       0x5c D:/GitHub/LTE01R07A16V03_C_SDK_A_SDK/ql-sdk/ql-application/threadx/interface/soundbox//build/soundbox.lib(sb_config.o)
 .text.sb_config_lock
                0x80326870       0x28 D:/GitHub/LTE01R07A16V03_C_SDK_A_SDK/ql-sdk/ql-application/threadx/interface/soundbox//build/soundbox.lib(sb_config.o)
 .text.sb_config_post_ready_event
                0x80326898       0x30 D:/GitHub/LTE01R07A16V03_C_SDK_A_SDK/ql-sdk/ql-application/threadx/interface/soundbox//build/soundbox.lib(sb_config.o)
 .text.sb_config_validate_record
                0x803268c8       0x58 D:/GitHub/LTE01R07A16V03_C_SDK_A_SDK/ql-sdk/ql-application/threadx/interface/soundbox//build/soundbox.lib(sb_config.o)
 .text.sb_config_unlock
                0x80326920       0x14 D:/GitHub/LTE01R07A16V03_C_SDK_A_SDK/ql-sdk/ql-application/threadx/interface/soundbox//build/soundbox.lib(sb_config.o)
 .text.sb_config_make_defaults.part.0
                0x80326934       0x64 D:/GitHub/LTE01R07A16V03_C_SDK_A_SDK/ql-sdk/ql-application/threadx/interface/soundbox//build/soundbox.lib(sb_config.o)
 .text.sb_config_copy
                0x80326998       0x14 D:/GitHub/LTE01R07A16V03_C_SDK_A_SDK/ql-sdk/ql-application/threadx/interface/soundbox//build/soundbox.lib(sb_config.o)
 .text.sb_config_prepare_record
                0x803269ac       0x60 D:/GitHub/LTE01R07A16V03_C_SDK_A_SDK/ql-sdk/ql-application/threadx/interface/soundbox//build/soundbox.lib(sb_config.o)
 .text.sb_config_make_defaults
                0x80326a0c        0xc D:/GitHub/LTE01R07A16V03_C_SDK_A_SDK/ql-sdk/ql-application/threadx/interface/soundbox//build/soundbox.lib(sb_config.o)
                0x80326a0c                sb_config_make_defaults
 .text.sb_config_service_init
                0x80326a18      0x1fc D:/GitHub/LTE01R07A16V03_C_SDK_A_SDK/ql-sdk/ql-application/threadx/interface/soundbox//build/soundbox.lib(sb_config.o)
                0x80326a18                sb_config_service_init
 .text.sb_config_get
                0x80326c14       0x4c D:/GitHub/LTE01R07A16V03_C_SDK_A_SDK/ql-sdk/ql-application/threadx/interface/soundbox//build/soundbox.lib(sb_config.o)
                0x80326c14                sb_config_get
 .text.sb_config_commit
                0x80326c60       0xdc D:/GitHub/LTE01R07A16V03_C_SDK_A_SDK/ql-sdk/ql-application/threadx/interface/soundbox//build/soundbox.lib(sb_config.o)
                0x80326c60                sb_config_commit
 .text.sb_sim_service_check
                0x80326d3c       0x40 D:/GitHub/LTE01R07A16V03_C_SDK_A_SDK/ql-sdk/ql-application/threadx/interface/soundbox//build/soundbox.lib(sb_sim_service.o)
                0x80326d3c                sb_sim_service_check
 .text.sb_sim_status_name
                0x80326d7c       0x18 D:/GitHub/LTE01R07A16V03_C_SDK_A_SDK/ql-sdk/ql-application/threadx/interface/soundbox//build/soundbox.lib(sb_sim_service.o)
                0x80326d7c                sb_sim_status_name
 .text.sb_time_copy_server
                0x80326d94       0x38 D:/GitHub/LTE01R07A16V03_C_SDK_A_SDK/ql-sdk/ql-application/threadx/interface/soundbox//build/soundbox.lib(sb_time_service.o)
 .text.sb_time_rtc_is_valid
                0x80326dcc       0x36 D:/GitHub/LTE01R07A16V03_C_SDK_A_SDK/ql-sdk/ql-application/threadx/interface/soundbox//build/soundbox.lib(sb_time_service.o)
 *fill*         0x80326e02        0x2 
 .text.sb_time_accept_rtc_fallback
                0x80326e04       0x88 D:/GitHub/LTE01R07A16V03_C_SDK_A_SDK/ql-sdk/ql-application/threadx/interface/soundbox//build/soundbox.lib(sb_time_service.o)
 .text.sb_time_ntp_callback
                0x80326e8c       0x44 D:/GitHub/LTE01R07A16V03_C_SDK_A_SDK/ql-sdk/ql-application/threadx/interface/soundbox//build/soundbox.lib(sb_time_service.o)
 .text.sb_time_service_init
                0x80326ed0       0x4c D:/GitHub/LTE01R07A16V03_C_SDK_A_SDK/ql-sdk/ql-application/threadx/interface/soundbox//build/soundbox.lib(sb_time_service.o)
                0x80326ed0                sb_time_service_init
 .text.sb_time_get_rtc
                0x80326f1c       0x3c D:/GitHub/LTE01R07A16V03_C_SDK_A_SDK/ql-sdk/ql-application/threadx/interface/soundbox//build/soundbox.lib(sb_time_service.o)
                0x80326f1c                sb_time_get_rtc
 .text.sb_time_start_ntp_sync
                0x80326f58       0xcc D:/GitHub/LTE01R07A16V03_C_SDK_A_SDK/ql-sdk/ql-application/threadx/interface/soundbox//build/soundbox.lib(sb_time_service.o)
                0x80326f58                sb_time_start_ntp_sync
 .text.sb_network_status_update_online
                0x80327024       0x40 D:/GitHub/LTE01R07A16V03_C_SDK_A_SDK/ql-sdk/ql-application/threadx/interface/soundbox//build/soundbox.lib(sb_network_service.o)
 .text.sb_network_status_set
                0x80327064       0x38 D:/GitHub/LTE01R07A16V03_C_SDK_A_SDK/ql-sdk/ql-application/threadx/interface/soundbox//build/soundbox.lib(sb_network_service.o)
 .text.sb_network_post_event
                0x8032709c       0x3c D:/GitHub/LTE01R07A16V03_C_SDK_A_SDK/ql-sdk/ql-application/threadx/interface/soundbox//build/soundbox.lib(sb_network_service.o)
 .text.sb_network_sample_csq
                0x803270d8       0x7c D:/GitHub/LTE01R07A16V03_C_SDK_A_SDK/ql-sdk/ql-application/threadx/interface/soundbox//build/soundbox.lib(sb_network_service.o)
 .text.sb_network_task
                0x80327154      0x2cc D:/GitHub/LTE01R07A16V03_C_SDK_A_SDK/ql-sdk/ql-application/threadx/interface/soundbox//build/soundbox.lib(sb_network_service.o)
 .text.sb_network_data_call_cb
                0x80327420       0x30 D:/GitHub/LTE01R07A16V03_C_SDK_A_SDK/ql-sdk/ql-application/threadx/interface/soundbox//build/soundbox.lib(sb_network_service.o)
 .text.sb_network_service_init
                0x80327450       0xd4 D:/GitHub/LTE01R07A16V03_C_SDK_A_SDK/ql-sdk/ql-application/threadx/interface/soundbox//build/soundbox.lib(sb_network_service.o)
                0x80327450                sb_network_service_init
 .text.sb_network_get_status
                0x80327524       0x44 D:/GitHub/LTE01R07A16V03_C_SDK_A_SDK/ql-sdk/ql-application/threadx/interface/soundbox//build/soundbox.lib(sb_network_service.o)
                0x80327524                sb_network_get_status
 .text.sb_cloud_str_len
                0x80327568       0x12 D:/GitHub/LTE01R07A16V03_C_SDK_A_SDK/ql-sdk/ql-application/threadx/interface/soundbox//build/soundbox.lib(sb_cloud_utils.o)
                0x80327568                sb_cloud_str_len
 .text.sb_cloud_copy_string
                0x8032757a       0x26 D:/GitHub/LTE01R07A16V03_C_SDK_A_SDK/ql-sdk/ql-application/threadx/interface/soundbox//build/soundbox.lib(sb_cloud_utils.o)
                0x8032757a                sb_cloud_copy_string
 .text.sb_cloud_append_string
                0x803275a0       0x4c D:/GitHub/LTE01R07A16V03_C_SDK_A_SDK/ql-sdk/ql-application/threadx/interface/soundbox//build/soundbox.lib(sb_cloud_utils.o)
                0x803275a0                sb_cloud_append_string
 .text.sb_cloud_append_u32
                0x803275ec       0x78 D:/GitHub/LTE01R07A16V03_C_SDK_A_SDK/ql-sdk/ql-application/threadx/interface/soundbox//build/soundbox.lib(sb_cloud_utils.o)
                0x803275ec                sb_cloud_append_u32
 .text.sb_cloud_append_json_string
                0x80327664       0x78 D:/GitHub/LTE01R07A16V03_C_SDK_A_SDK/ql-sdk/ql-application/threadx/interface/soundbox//build/soundbox.lib(sb_cloud_utils.o)
                0x80327664                sb_cloud_append_json_string
 .text.sb_cloud_has_prefix
                0x803276dc       0x1e D:/GitHub/LTE01R07A16V03_C_SDK_A_SDK/ql-sdk/ql-application/threadx/interface/soundbox//build/soundbox.lib(sb_cloud_utils.o)
                0x803276dc                sb_cloud_has_prefix
 .text.sb_cloud_text_equal
                0x803276fa       0x28 D:/GitHub/LTE01R07A16V03_C_SDK_A_SDK/ql-sdk/ql-application/threadx/interface/soundbox//build/soundbox.lib(sb_cloud_utils.o)
                0x803276fa                sb_cloud_text_equal
 .text.sb_cloud_find
                0x80327722       0x34 D:/GitHub/LTE01R07A16V03_C_SDK_A_SDK/ql-sdk/ql-application/threadx/interface/soundbox//build/soundbox.lib(sb_cloud_utils.o)
                0x80327722                sb_cloud_find
 *fill*         0x80327756        0x2 
 .text.sb_default_cert_write_file
                0x80327758       0xbc D:/GitHub/LTE01R07A16V03_C_SDK_A_SDK/ql-sdk/ql-application/threadx/interface/soundbox//build/soundbox.lib(sb_default_certs.o)
 .text.sb_default_cert_log_status
                0x80327814       0x34 D:/GitHub/LTE01R07A16V03_C_SDK_A_SDK/ql-sdk/ql-application/threadx/interface/soundbox//build/soundbox.lib(sb_default_certs.o)
 .text.sb_default_certs_ensure_mqtt_files
                0x80327848       0x7c D:/GitHub/LTE01R07A16V03_C_SDK_A_SDK/ql-sdk/ql-application/threadx/interface/soundbox//build/soundbox.lib(sb_default_certs.o)
                0x80327848                sb_default_certs_ensure_mqtt_files
 .text.sb_demo_get_imei
                0x803278c4       0x44 D:/GitHub/LTE01R07A16V03_C_SDK_A_SDK/ql-sdk/ql-application/threadx/interface/soundbox//build/soundbox.lib(sb_demo_profile.o)
                0x803278c4                sb_demo_get_imei
 .text.sb_demo_expand_text
                0x80327908       0xbc D:/GitHub/LTE01R07A16V03_C_SDK_A_SDK/ql-sdk/ql-application/threadx/interface/soundbox//build/soundbox.lib(sb_demo_profile.o)
                0x80327908                sb_demo_expand_text
 .text.sb_demo_expand_field
                0x803279c4       0x2c D:/GitHub/LTE01R07A16V03_C_SDK_A_SDK/ql-sdk/ql-application/threadx/interface/soundbox//build/soundbox.lib(sb_demo_profile.o)
 .text.sb_demo_apply_config_defaults
                0x803279f0       0xa0 D:/GitHub/LTE01R07A16V03_C_SDK_A_SDK/ql-sdk/ql-application/threadx/interface/soundbox//build/soundbox.lib(sb_demo_profile.o)
                0x803279f0                sb_demo_apply_config_defaults
 .text.sb_demo_expand_config_runtime
                0x80327a90       0x3c D:/GitHub/LTE01R07A16V03_C_SDK_A_SDK/ql-sdk/ql-application/threadx/interface/soundbox//build/soundbox.lib(sb_demo_profile.o)
                0x80327a90                sb_demo_expand_config_runtime
 .text.sb_mqtt_tls_file_ready
                0x80327acc       0x60 D:/GitHub/LTE01R07A16V03_C_SDK_A_SDK/ql-sdk/ql-application/threadx/interface/soundbox//build/soundbox.lib(sb_mqtt_service.o)
 .text.sb_mqtt_status_set
                0x80327b2c       0x40 D:/GitHub/LTE01R07A16V03_C_SDK_A_SDK/ql-sdk/ql-application/threadx/interface/soundbox//build/soundbox.lib(sb_mqtt_service.o)
 .text.sb_mqtt_status_count_reconnect
                0x80327b6c       0x38 D:/GitHub/LTE01R07A16V03_C_SDK_A_SDK/ql-sdk/ql-application/threadx/interface/soundbox//build/soundbox.lib(sb_mqtt_service.o)
 .text.sb_mqtt_post_event
                0x80327ba4       0x38 D:/GitHub/LTE01R07A16V03_C_SDK_A_SDK/ql-sdk/ql-application/threadx/interface/soundbox//build/soundbox.lib(sb_mqtt_service.o)
 .text.sb_mqtt_publish_now
                0x80327bdc       0x94 D:/GitHub/LTE01R07A16V03_C_SDK_A_SDK/ql-sdk/ql-application/threadx/interface/soundbox//build/soundbox.lib(sb_mqtt_service.o)
 .text.sb_mqtt_publish_periodic_health
                0x80327c70       0x70 D:/GitHub/LTE01R07A16V03_C_SDK_A_SDK/ql-sdk/ql-application/threadx/interface/soundbox//build/soundbox.lib(sb_mqtt_service.o)
 .text.sb_mqtt_zero.part.0
                0x80327ce0        0xe D:/GitHub/LTE01R07A16V03_C_SDK_A_SDK/ql-sdk/ql-application/threadx/interface/soundbox//build/soundbox.lib(sb_mqtt_service.o)
 *fill*         0x80327cee        0x2 
 .text.sb_mqtt_pool_free.part.0
                0x80327cf0       0x34 D:/GitHub/LTE01R07A16V03_C_SDK_A_SDK/ql-sdk/ql-application/threadx/interface/soundbox//build/soundbox.lib(sb_mqtt_service.o)
 .text.sb_mqtt_pool_alloc.constprop.0
                0x80327d24       0x50 D:/GitHub/LTE01R07A16V03_C_SDK_A_SDK/ql-sdk/ql-application/threadx/interface/soundbox//build/soundbox.lib(sb_mqtt_service.o)
 .text.sb_mqtt_drain_publish_queue
                0x80327d74       0xa0 D:/GitHub/LTE01R07A16V03_C_SDK_A_SDK/ql-sdk/ql-application/threadx/interface/soundbox//build/soundbox.lib(sb_mqtt_service.o)
 .text.sb_mqtt_task
                0x80327e14      0x460 D:/GitHub/LTE01R07A16V03_C_SDK_A_SDK/ql-sdk/ql-application/threadx/interface/soundbox//build/soundbox.lib(sb_mqtt_service.o)
 .text.sb_mqtt_message_arrived
                0x80328274      0x198 D:/GitHub/LTE01R07A16V03_C_SDK_A_SDK/ql-sdk/ql-application/threadx/interface/soundbox//build/soundbox.lib(sb_mqtt_service.o)
 .text.sb_mqtt_service_init
                0x8032840c       0xfc D:/GitHub/LTE01R07A16V03_C_SDK_A_SDK/ql-sdk/ql-application/threadx/interface/soundbox//build/soundbox.lib(sb_mqtt_service.o)
                0x8032840c                sb_mqtt_service_init
 .text.sb_mqtt_service_publish
                0x80328508       0xf0 D:/GitHub/LTE01R07A16V03_C_SDK_A_SDK/ql-sdk/ql-application/threadx/interface/soundbox//build/soundbox.lib(sb_mqtt_service.o)
                0x80328508                sb_mqtt_service_publish
 .text.sb_mqtt_service_receive
                0x803285f8       0x70 D:/GitHub/LTE01R07A16V03_C_SDK_A_SDK/ql-sdk/ql-application/threadx/interface/soundbox//build/soundbox.lib(sb_mqtt_service.o)
                0x803285f8                sb_mqtt_service_receive
 .text.sb_mqtt_get_status
                0x80328668       0x44 D:/GitHub/LTE01R07A16V03_C_SDK_A_SDK/ql-sdk/ql-application/threadx/interface/soundbox//build/soundbox.lib(sb_mqtt_service.o)
                0x80328668                sb_mqtt_get_status
 .text.sb_mqtt_state_name
                0x803286ac       0x18 D:/GitHub/LTE01R07A16V03_C_SDK_A_SDK/ql-sdk/ql-application/threadx/interface/soundbox//build/soundbox.lib(sb_mqtt_service.o)
                0x803286ac                sb_mqtt_state_name
 .text.sb_http_set_state
                0x803286c4       0x48 D:/GitHub/LTE01R07A16V03_C_SDK_A_SDK/ql-sdk/ql-application/threadx/interface/soundbox//build/soundbox.lib(sb_http_service.o)
 .text.sb_http_post_event
                0x8032870c       0x38 D:/GitHub/LTE01R07A16V03_C_SDK_A_SDK/ql-sdk/ql-application/threadx/interface/soundbox//build/soundbox.lib(sb_http_service.o)
 .text.sb_http_response_cb
                0x80328744       0x64 D:/GitHub/LTE01R07A16V03_C_SDK_A_SDK/ql-sdk/ql-application/threadx/interface/soundbox//build/soundbox.lib(sb_http_service.o)
 .text.sb_http_registration_cycle
                0x803287a8      0x298 D:/GitHub/LTE01R07A16V03_C_SDK_A_SDK/ql-sdk/ql-application/threadx/interface/soundbox//build/soundbox.lib(sb_http_service.o)
 .text.sb_http_task
                0x80328a40       0xf0 D:/GitHub/LTE01R07A16V03_C_SDK_A_SDK/ql-sdk/ql-application/threadx/interface/soundbox//build/soundbox.lib(sb_http_service.o)
 .text.sb_http_state_name
                0x80328b30       0x1c D:/GitHub/LTE01R07A16V03_C_SDK_A_SDK/ql-sdk/ql-application/threadx/interface/soundbox//build/soundbox.lib(sb_http_service.o)
                0x80328b30                sb_http_state_name
 .text.sb_http_get_status
                0x80328b4c       0x44 D:/GitHub/LTE01R07A16V03_C_SDK_A_SDK/ql-sdk/ql-application/threadx/interface/soundbox//build/soundbox.lib(sb_http_service.o)
                0x80328b4c                sb_http_get_status
 .text.sb_http_service_init
                0x80328b90       0x8c D:/GitHub/LTE01R07A16V03_C_SDK_A_SDK/ql-sdk/ql-application/threadx/interface/soundbox//build/soundbox.lib(sb_http_service.o)
                0x80328b90                sb_http_service_init
 .text.sb_json_find_key.part.0
                0x80328c1c       0x3e D:/GitHub/LTE01R07A16V03_C_SDK_A_SDK/ql-sdk/ql-application/threadx/interface/soundbox//build/soundbox.lib(sb_json.o)
 *fill*         0x80328c5a        0x2 
 .text.sb_json_skip_to_value.part.0
                0x80328c5c       0x48 D:/GitHub/LTE01R07A16V03_C_SDK_A_SDK/ql-sdk/ql-application/threadx/interface/soundbox//build/soundbox.lib(sb_json.o)
 .text.sb_json_get_string
                0x80328ca4       0x70 D:/GitHub/LTE01R07A16V03_C_SDK_A_SDK/ql-sdk/ql-application/threadx/interface/soundbox//build/soundbox.lib(sb_json.o)
                0x80328ca4                sb_json_get_string
 .text.sb_json_get_u64
                0x80328d14       0x70 D:/GitHub/LTE01R07A16V03_C_SDK_A_SDK/ql-sdk/ql-application/threadx/interface/soundbox//build/soundbox.lib(sb_json.o)
                0x80328d14                sb_json_get_u64
 .text.sb_json_get_amount_paise
                0x80328d84      0x10c D:/GitHub/LTE01R07A16V03_C_SDK_A_SDK/ql-sdk/ql-application/threadx/interface/soundbox//build/soundbox.lib(sb_json.o)
                0x80328d84                sb_json_get_amount_paise
 .text.sb_ledger_init_defaults
                0x80328e90       0x2c D:/GitHub/LTE01R07A16V03_C_SDK_A_SDK/ql-sdk/ql-application/threadx/interface/soundbox//build/soundbox.lib(sb_transaction_ledger.o)
 .text.sb_ledger_save
                0x80328ebc       0x3c D:/GitHub/LTE01R07A16V03_C_SDK_A_SDK/ql-sdk/ql-application/threadx/interface/soundbox//build/soundbox.lib(sb_transaction_ledger.o)
 .text.sb_transaction_date_from_rtc
                0x80328ef8       0x18 D:/GitHub/LTE01R07A16V03_C_SDK_A_SDK/ql-sdk/ql-application/threadx/interface/soundbox//build/soundbox.lib(sb_transaction_ledger.o)
                0x80328ef8                sb_transaction_date_from_rtc
 .text.sb_transaction_time_from_rtc
                0x80328f10       0x18 D:/GitHub/LTE01R07A16V03_C_SDK_A_SDK/ql-sdk/ql-application/threadx/interface/soundbox//build/soundbox.lib(sb_transaction_ledger.o)
                0x80328f10                sb_transaction_time_from_rtc
 .text.sb_transaction_ledger_init
                0x80328f28       0xac D:/GitHub/LTE01R07A16V03_C_SDK_A_SDK/ql-sdk/ql-application/threadx/interface/soundbox//build/soundbox.lib(sb_transaction_ledger.o)
                0x80328f28                sb_transaction_ledger_init
 .text.sb_transaction_ledger_reset_daily_if_needed
                0x80328fd4       0x60 D:/GitHub/LTE01R07A16V03_C_SDK_A_SDK/ql-sdk/ql-application/threadx/interface/soundbox//build/soundbox.lib(sb_transaction_ledger.o)
                0x80328fd4                sb_transaction_ledger_reset_daily_if_needed
 .text.sb_transaction_ledger_add
                0x80329034      0x104 D:/GitHub/LTE01R07A16V03_C_SDK_A_SDK/ql-sdk/ql-application/threadx/interface/soundbox//build/soundbox.lib(sb_transaction_ledger.o)
                0x80329034                sb_transaction_ledger_add
 .text.sb_transaction_ledger_get_last
                0x80329138       0x7c D:/GitHub/LTE01R07A16V03_C_SDK_A_SDK/ql-sdk/ql-application/threadx/interface/soundbox//build/soundbox.lib(sb_transaction_ledger.o)
                0x80329138                sb_transaction_ledger_get_last
 .text.sb_transaction_ledger_get_daily
                0x803291b4       0x44 D:/GitHub/LTE01R07A16V03_C_SDK_A_SDK/ql-sdk/ql-application/threadx/interface/soundbox//build/soundbox.lib(sb_transaction_ledger.o)
                0x803291b4                sb_transaction_ledger_get_daily
 .text.sb_payment_read_compat_token
                0x803291f8       0x56 D:/GitHub/LTE01R07A16V03_C_SDK_A_SDK/ql-sdk/ql-application/threadx/interface/soundbox//build/soundbox.lib(sb_payment_processor.o)
 *fill*         0x8032924e        0x2 
 .text.sb_payment_post_event
                0x80329250       0x38 D:/GitHub/LTE01R07A16V03_C_SDK_A_SDK/ql-sdk/ql-application/threadx/interface/soundbox//build/soundbox.lib(sb_payment_processor.o)
 .text.sb_payment_u32_to_hex.part.0
                0x80329288       0x28 D:/GitHub/LTE01R07A16V03_C_SDK_A_SDK/ql-sdk/ql-application/threadx/interface/soundbox//build/soundbox.lib(sb_payment_processor.o)
 .text.sb_payment_publish_ack
                0x803292b0       0x88 D:/GitHub/LTE01R07A16V03_C_SDK_A_SDK/ql-sdk/ql-application/threadx/interface/soundbox//build/soundbox.lib(sb_payment_processor.o)
 .text.sb_payment_provider_from_text
                0x80329338       0x88 D:/GitHub/LTE01R07A16V03_C_SDK_A_SDK/ql-sdk/ql-application/threadx/interface/soundbox//build/soundbox.lib(sb_payment_processor.o)
                0x80329338                sb_payment_provider_from_text
 .text.sb_payment_processor_init
                0x803293c0       0x3c D:/GitHub/LTE01R07A16V03_C_SDK_A_SDK/ql-sdk/ql-application/threadx/interface/soundbox//build/soundbox.lib(sb_payment_processor.o)
                0x803293c0                sb_payment_processor_init
 .text.sb_payment_processor_handle_message
                0x803293fc      0x380 D:/GitHub/LTE01R07A16V03_C_SDK_A_SDK/ql-sdk/ql-application/threadx/interface/soundbox//build/soundbox.lib(sb_payment_processor.o)
                0x803293fc                sb_payment_processor_handle_message
 .text.sb_command_post_event
                0x8032977c       0x34 D:/GitHub/LTE01R07A16V03_C_SDK_A_SDK/ql-sdk/ql-application/threadx/interface/soundbox//build/soundbox.lib(sb_command_dispatcher.o)
 .text.sb_command_send_response.part.0
                0x803297b0       0xa8 D:/GitHub/LTE01R07A16V03_C_SDK_A_SDK/ql-sdk/ql-application/threadx/interface/soundbox//build/soundbox.lib(sb_command_dispatcher.o)
 .text.sb_command_dispatcher_init
                0x80329858       0x3c D:/GitHub/LTE01R07A16V03_C_SDK_A_SDK/ql-sdk/ql-application/threadx/interface/soundbox//build/soundbox.lib(sb_command_dispatcher.o)
                0x80329858                sb_command_dispatcher_init
 .text.sb_command_dispatcher_handle_message
                0x80329894      0x1c8 D:/GitHub/LTE01R07A16V03_C_SDK_A_SDK/ql-sdk/ql-application/threadx/interface/soundbox//build/soundbox.lib(sb_command_dispatcher.o)
                0x80329894                sb_command_dispatcher_handle_message
 .text.sb_business_append_checked
                0x80329a5c        0xc D:/GitHub/LTE01R07A16V03_C_SDK_A_SDK/ql-sdk/ql-application/threadx/interface/soundbox//build/soundbox.lib(sb_business_service.o)
 .text.sb_business_language
                0x80329a68       0x10 D:/GitHub/LTE01R07A16V03_C_SDK_A_SDK/ql-sdk/ql-application/threadx/interface/soundbox//build/soundbox.lib(sb_business_service.o)
 .text.sb_business_post_event
                0x80329a78       0x38 D:/GitHub/LTE01R07A16V03_C_SDK_A_SDK/ql-sdk/ql-application/threadx/interface/soundbox//build/soundbox.lib(sb_business_service.o)
 .text.sb_business_handle_volume
                0x80329ab0       0xfc D:/GitHub/LTE01R07A16V03_C_SDK_A_SDK/ql-sdk/ql-application/threadx/interface/soundbox//build/soundbox.lib(sb_business_service.o)
 .text.sb_business_task
                0x80329bac       0x7c D:/GitHub/LTE01R07A16V03_C_SDK_A_SDK/ql-sdk/ql-application/threadx/interface/soundbox//build/soundbox.lib(sb_business_service.o)
 .text.sb_business_service_handle_key_edge
                0x80329c28      0x1ac D:/GitHub/LTE01R07A16V03_C_SDK_A_SDK/ql-sdk/ql-application/threadx/interface/soundbox//build/soundbox.lib(sb_business_service.o)
                0x80329c28                sb_business_service_handle_key_edge
 .text.sb_business_service_build_health_payload
                0x80329dd4      0x184 D:/GitHub/LTE01R07A16V03_C_SDK_A_SDK/ql-sdk/ql-application/threadx/interface/soundbox//build/soundbox.lib(sb_business_service.o)
                0x80329dd4                sb_business_service_build_health_payload
 .text.sb_business_service_init
                0x80329f58       0xb0 D:/GitHub/LTE01R07A16V03_C_SDK_A_SDK/ql-sdk/ql-application/threadx/interface/soundbox//build/soundbox.lib(sb_business_service.o)
                0x80329f58                sb_business_service_init
 .text.sb_mode_save_locked
                0x8032a008       0x44 D:/GitHub/LTE01R07A16V03_C_SDK_A_SDK/ql-sdk/ql-application/threadx/interface/soundbox//build/soundbox.lib(sb_mode_service.o)
 .text.sb_mode_name
                0x8032a04c       0x24 D:/GitHub/LTE01R07A16V03_C_SDK_A_SDK/ql-sdk/ql-application/threadx/interface/soundbox//build/soundbox.lib(sb_mode_service.o)
                0x8032a04c                sb_mode_name
 .text.sb_mode_service_init
                0x8032a070       0xac D:/GitHub/LTE01R07A16V03_C_SDK_A_SDK/ql-sdk/ql-application/threadx/interface/soundbox//build/soundbox.lib(sb_mode_service.o)
                0x8032a070                sb_mode_service_init
 .text.sb_mode_get
                0x8032a11c       0x3c D:/GitHub/LTE01R07A16V03_C_SDK_A_SDK/ql-sdk/ql-application/threadx/interface/soundbox//build/soundbox.lib(sb_mode_service.o)
                0x8032a11c                sb_mode_get
 .text.sb_mode_set
                0x8032a158       0x48 D:/GitHub/LTE01R07A16V03_C_SDK_A_SDK/ql-sdk/ql-application/threadx/interface/soundbox//build/soundbox.lib(sb_mode_service.o)
                0x8032a158                sb_mode_set
 .text.sb_mode_factory_access_allowed
                0x8032a1a0       0x24 D:/GitHub/LTE01R07A16V03_C_SDK_A_SDK/ql-sdk/ql-application/threadx/interface/soundbox//build/soundbox.lib(sb_mode_service.o)
                0x8032a1a0                sb_mode_factory_access_allowed
 .text.sb_factory_reply_status_u32
                0x8032a1c4       0x64 D:/GitHub/LTE01R07A16V03_C_SDK_A_SDK/ql-sdk/ql-application/threadx/interface/soundbox//build/soundbox.lib(sb_factory_diag.o)
 .text.sb_factory_reply_status
                0x8032a228       0x74 D:/GitHub/LTE01R07A16V03_C_SDK_A_SDK/ql-sdk/ql-application/threadx/interface/soundbox//build/soundbox.lib(sb_factory_diag.o)
 .text.sb_factory_commit_config_from_json
                0x8032a29c      0x168 D:/GitHub/LTE01R07A16V03_C_SDK_A_SDK/ql-sdk/ql-application/threadx/interface/soundbox//build/soundbox.lib(sb_factory_diag.o)
 .text.sb_factory_file_close_upload
                0x8032a404       0x28 D:/GitHub/LTE01R07A16V03_C_SDK_A_SDK/ql-sdk/ql-application/threadx/interface/soundbox//build/soundbox.lib(sb_factory_diag.o)
 .text.sb_factory_zero_buffer.part.0
                0x8032a42c        0xe D:/GitHub/LTE01R07A16V03_C_SDK_A_SDK/ql-sdk/ql-application/threadx/interface/soundbox//build/soundbox.lib(sb_factory_diag.o)
 *fill*         0x8032a43a        0x2 
 .text.sb_factory_reply_diag
                0x8032a43c      0x124 D:/GitHub/LTE01R07A16V03_C_SDK_A_SDK/ql-sdk/ql-application/threadx/interface/soundbox//build/soundbox.lib(sb_factory_diag.o)
 .text.sb_factory_hex_value
                0x8032a560       0x2a D:/GitHub/LTE01R07A16V03_C_SDK_A_SDK/ql-sdk/ql-application/threadx/interface/soundbox//build/soundbox.lib(sb_factory_diag.o)
 *fill*         0x8032a58a        0x2 
 .text.sb_factory_file_chunk_from_json
                0x8032a58c      0x1d0 D:/GitHub/LTE01R07A16V03_C_SDK_A_SDK/ql-sdk/ql-application/threadx/interface/soundbox//build/soundbox.lib(sb_factory_diag.o)
 .text.sb_factory_file_begin_from_json
                0x8032a75c      0x2ac D:/GitHub/LTE01R07A16V03_C_SDK_A_SDK/ql-sdk/ql-application/threadx/interface/soundbox//build/soundbox.lib(sb_factory_diag.o)
 .text.sb_factory_diag_sms_sender_allowed
                0x8032aa08       0x80 D:/GitHub/LTE01R07A16V03_C_SDK_A_SDK/ql-sdk/ql-application/threadx/interface/soundbox//build/soundbox.lib(sb_factory_diag.o)
                0x8032aa08                sb_factory_diag_sms_sender_allowed
 .text.sb_factory_diag_init
                0x8032aa88       0x4c D:/GitHub/LTE01R07A16V03_C_SDK_A_SDK/ql-sdk/ql-application/threadx/interface/soundbox//build/soundbox.lib(sb_factory_diag.o)
                0x8032aa88                sb_factory_diag_init
 .text.sb_factory_diag_dispatch_json
                0x8032aad4      0x854 D:/GitHub/LTE01R07A16V03_C_SDK_A_SDK/ql-sdk/ql-application/threadx/interface/soundbox//build/soundbox.lib(sb_factory_diag.o)
                0x8032aad4                sb_factory_diag_dispatch_json
 .text.sb_serial_post_event
                0x8032b328       0x34 D:/GitHub/LTE01R07A16V03_C_SDK_A_SDK/ql-sdk/ql-application/threadx/interface/soundbox//build/soundbox.lib(sb_serial_service.o)
 .text.sb_serial_task
                0x8032b35c      0x124 D:/GitHub/LTE01R07A16V03_C_SDK_A_SDK/ql-sdk/ql-application/threadx/interface/soundbox//build/soundbox.lib(sb_serial_service.o)
 .text.sb_serial_uart_cb.part.0
                0x8032b480      0x14c D:/GitHub/LTE01R07A16V03_C_SDK_A_SDK/ql-sdk/ql-application/threadx/interface/soundbox//build/soundbox.lib(sb_serial_service.o)
 .text.sb_serial_uart_cb
                0x8032b5cc       0x18 D:/GitHub/LTE01R07A16V03_C_SDK_A_SDK/ql-sdk/ql-application/threadx/interface/soundbox//build/soundbox.lib(sb_serial_service.o)
 .text.sb_serial_service_init
                0x8032b5e4      0x130 D:/GitHub/LTE01R07A16V03_C_SDK_A_SDK/ql-sdk/ql-application/threadx/interface/soundbox//build/soundbox.lib(sb_serial_service.o)
                0x8032b5e4                sb_serial_service_init
 .text.sb_sms_post_event
                0x8032b714       0x38 D:/GitHub/LTE01R07A16V03_C_SDK_A_SDK/ql-sdk/ql-application/threadx/interface/soundbox//build/soundbox.lib(sb_sms_service.o)
 .text.sb_sms_task
                0x8032b74c      0x128 D:/GitHub/LTE01R07A16V03_C_SDK_A_SDK/ql-sdk/ql-application/threadx/interface/soundbox//build/soundbox.lib(sb_sms_service.o)
 .text.sb_sms_event_handler
                0x8032b874       0x3c D:/GitHub/LTE01R07A16V03_C_SDK_A_SDK/ql-sdk/ql-application/threadx/interface/soundbox//build/soundbox.lib(sb_sms_service.o)
 .text.sb_sms_service_init
                0x8032b8b0       0xf4 D:/GitHub/LTE01R07A16V03_C_SDK_A_SDK/ql-sdk/ql-application/threadx/interface/soundbox//build/soundbox.lib(sb_sms_service.o)
                0x8032b8b0                sb_sms_service_init
 .text.appStartupTask
                0x8032b9a4       0x28 common/lib/ql_common_api.lib(ql_main.o)
 .text.kernelStartupTask
                0x8032b9cc       0x18 common/lib/ql_common_api.lib(ql_main.o)
 .text.appRegTableQuickSort.constprop.0
                0x8032b9e4       0xa0 common/lib/ql_common_api.lib(ql_main.o)
 .text.ql_main  0x8032ba84       0x90 common/lib/ql_common_api.lib(ql_main.o)
 .text.userKernelTableQuickSort.constprop.0
                0x8032bb14       0xa0 common/lib/ql_common_api.lib(ql_main.o)
 .text.ql_kernel
                0x8032bbb4       0x7c common/lib/ql_common_api.lib(ql_main.o)
 .text.userBootTableQuickSort.constprop.0
                0x8032bc30       0x90 common/lib/ql_common_api.lib(ql_main.o)
 .text.ql_boot  0x8032bcc0       0xa8 common/lib/ql_common_api.lib(ql_main.o)
 .text.ql_adc_init
                0x8032bd68       0x30 common/lib/ql_common_api.lib(ql_adc.o)
                0x8032bd68                ql_adc_init
 .text.ql_adc_read
                0x8032bd98       0x3c common/lib/ql_common_api.lib(ql_adc.o)
                0x8032bd98                ql_adc_read
 .text.ql_get_audio_state
                0x8032bdd4       0x30 common/lib/ql_common_api.lib(ql_audio.o)
                0x8032bdd4                ql_get_audio_state
 .text.ql_set_volume
                0x8032be04       0x30 common/lib/ql_common_api.lib(ql_audio.o)
                0x8032be04                ql_set_volume
 .text.ql_codec_choose
                0x8032be34       0x38 common/lib/ql_common_api.lib(ql_audio.o)
                0x8032be34                ql_codec_choose
 .text.ql_play_mp3
                0x8032be6c       0x40 common/lib/ql_common_api.lib(ql_audio.o)
                0x8032be6c                ql_play_mp3
 .text.ql_play_mp3_stream_buffer
                0x8032beac       0x40 common/lib/ql_common_api.lib(ql_audio.o)
                0x8032beac                ql_play_mp3_stream_buffer
 .text.ql_stop_mp3_play
                0x8032beec       0x3c common/lib/ql_common_api.lib(ql_audio.o)
                0x8032beec                ql_stop_mp3_play
 .text.ql_start_data_call
                0x8032bf28       0x54 common/lib/ql_common_api.lib(ql_data_call.o)
                0x8032bf28                ql_start_data_call
 .text.ql_set_auto_connect
                0x8032bf7c       0x3c common/lib/ql_common_api.lib(ql_data_call.o)
                0x8032bf7c                ql_set_auto_connect
 .text.ql_get_data_call_info
                0x8032bfb8       0x40 common/lib/ql_common_api.lib(ql_data_call.o)
                0x8032bfb8                ql_get_data_call_info
 .text.ql_network_register_wait
                0x8032bff8       0x34 common/lib/ql_common_api.lib(ql_data_call.o)
                0x8032bff8                ql_network_register_wait
 .text.ql_set_data_call_asyn_mode
                0x8032c02c       0x3c common/lib/ql_common_api.lib(ql_data_call.o)
                0x8032c02c                ql_set_data_call_asyn_mode
 .text.ql_dev_get_imei
                0x8032c068       0x38 common/lib/ql_common_api.lib(ql_dev.o)
                0x8032c068                ql_dev_get_imei
 .text.ql_fs_mount
                0x8032c0a0       0x34 common/lib/ql_common_api.lib(ql_fs.o)
                0x8032c0a0                ql_fs_mount
 .text.ql_fs_size
                0x8032c0d4       0x34 common/lib/ql_common_api.lib(ql_fs.o)
                0x8032c0d4                ql_fs_size
 .text.ql_fs_used_size
                0x8032c108       0x34 common/lib/ql_common_api.lib(ql_fs.o)
                0x8032c108                ql_fs_used_size
 .text.ql_fs_free_size
                0x8032c13c       0x34 common/lib/ql_common_api.lib(ql_fs.o)
                0x8032c13c                ql_fs_free_size
 .text.ql_fopen
                0x8032c170       0x38 common/lib/ql_common_api.lib(ql_fs.o)
                0x8032c170                ql_fopen
 .text.ql_fclose
                0x8032c1a8       0x34 common/lib/ql_common_api.lib(ql_fs.o)
                0x8032c1a8                ql_fclose
 .text.ql_fsync
                0x8032c1dc       0x34 common/lib/ql_common_api.lib(ql_fs.o)
                0x8032c1dc                ql_fsync
 .text.ql_fread
                0x8032c210       0x44 common/lib/ql_common_api.lib(ql_fs.o)
                0x8032c210                ql_fread
 .text.ql_fwrite
                0x8032c254       0x44 common/lib/ql_common_api.lib(ql_fs.o)
                0x8032c254                ql_fwrite
 .text.ql_fsize
                0x8032c298       0x34 common/lib/ql_common_api.lib(ql_fs.o)
                0x8032c298                ql_fsize
 .text.ql_mkdir
                0x8032c2cc       0x3c common/lib/ql_common_api.lib(ql_fs.o)
                0x8032c2cc                ql_mkdir
 .text.ql_remove
                0x8032c308       0x34 common/lib/ql_common_api.lib(ql_fs.o)
                0x8032c308                ql_remove
 .text.ql_rename
                0x8032c33c       0x3c common/lib/ql_common_api.lib(ql_fs.o)
                0x8032c33c                ql_rename
 .text.ql_access
                0x8032c378       0x3c common/lib/ql_common_api.lib(ql_fs.o)
                0x8032c378                ql_access
 .text.ql_gpio_init
                0x8032c3b4       0x44 common/lib/ql_common_api.lib(ql_gpio.o)
                0x8032c3b4                ql_gpio_init
 .text.ql_gpio_set_level
                0x8032c3f8       0x3c common/lib/ql_common_api.lib(ql_gpio.o)
                0x8032c3f8                ql_gpio_set_level
 .text.ql_gpio_get_level
                0x8032c434       0x3c common/lib/ql_common_api.lib(ql_gpio.o)
                0x8032c434                ql_gpio_get_level
 .text.ql_eint_register
                0x8032c470       0x4c common/lib/ql_common_api.lib(ql_gpio.o)
                0x8032c470                ql_eint_register
 .text.ql_eint_enable
                0x8032c4bc       0x3c common/lib/ql_common_api.lib(ql_gpio.o)
                0x8032c4bc                ql_eint_enable
 .text.ql_eint_disable
                0x8032c4f8       0x34 common/lib/ql_common_api.lib(ql_gpio.o)
                0x8032c4f8                ql_eint_disable
 .text.ql_i2c_init
                0x8032c52c       0x3c common/lib/ql_common_api.lib(ql_iic.o)
                0x8032c52c                ql_i2c_init
 .text.ql_i2c_write
                0x8032c568       0x4c common/lib/ql_common_api.lib(ql_iic.o)
                0x8032c568                ql_i2c_write
 .text.ql_i2c_read
                0x8032c5b4       0x4c common/lib/ql_common_api.lib(ql_iic.o)
                0x8032c5b4                ql_i2c_read
 .text.seagull_uart_putc
                0x8032c600       0x30 common/lib/ql_common_api.lib(ql_log.o)
                0x8032c600                seagull_uart_putc
 .text._ql_log_get_short_file_name
                0x8032c630       0x20 common/lib/ql_common_api.lib(ql_log.o)
                0x8032c630                _ql_log_get_short_file_name
 .text._ql_app_log
                0x8032c650       0x3c common/lib/ql_common_api.lib(ql_log.o)
                0x8032c650                _ql_app_log
 .text.printf   0x8032c68c       0x94 common/lib/ql_common_api.lib(ql_log.o)
                0x8032c68c                printf
 .text.ql_ntp_set_cid
                0x8032c720       0x30 common/lib/ql_common_api.lib(ql_ntp.o)
                0x8032c720                ql_ntp_set_cid
 .text.ql_ntp_set_server
                0x8032c750       0x30 common/lib/ql_common_api.lib(ql_ntp.o)
                0x8032c750                ql_ntp_set_server
 .text.ql_ntp_sync_ex
                0x8032c780       0x30 common/lib/ql_common_api.lib(ql_ntp.o)
                0x8032c780                ql_ntp_sync_ex
 .text.ql_nw_get_csq
                0x8032c7b0       0x30 common/lib/ql_common_api.lib(ql_nw.o)
                0x8032c7b0                ql_nw_get_csq
 .text.ql_rtc_get_time
                0x8032c7e0       0x34 common/lib/ql_common_api.lib(ql_rtc.o)
                0x8032c7e0                ql_rtc_get_time
 .text.ql_rtc_get_ticks_uint64
                0x8032c814       0x30 common/lib/ql_common_api.lib(ql_rtc.o)
                0x8032c814                ql_rtc_get_ticks_uint64
 .text.ql_rtc_set_nitz_mode
                0x8032c844       0x30 common/lib/ql_common_api.lib(ql_rtc.o)
                0x8032c844                ql_rtc_set_nitz_mode
 .text.ql_rtos_task_create
                0x8032c874       0x50 common/lib/ql_common_api.lib(ql_rtos.o)
                0x8032c874                ql_rtos_task_create
 .text.ql_rtos_task_delete
                0x8032c8c4       0x34 common/lib/ql_common_api.lib(ql_rtos.o)
                0x8032c8c4                ql_rtos_task_delete
 .text.ql_rtos_task_get_current_ref
                0x8032c8f8       0x34 common/lib/ql_common_api.lib(ql_rtos.o)
                0x8032c8f8                ql_rtos_task_get_current_ref
 .text.ql_rtos_task_get_priority
                0x8032c92c       0x3c common/lib/ql_common_api.lib(ql_rtos.o)
                0x8032c92c                ql_rtos_task_get_priority
 .text.ql_rtos_task_sleep_ms
                0x8032c968       0x30 common/lib/ql_common_api.lib(ql_rtos.o)
                0x8032c968                ql_rtos_task_sleep_ms
 .text.ql_rtos_semaphore_create
                0x8032c998       0x3c common/lib/ql_common_api.lib(ql_rtos.o)
                0x8032c998                ql_rtos_semaphore_create
 .text.ql_rtos_semaphore_wait
                0x8032c9d4       0x3c common/lib/ql_common_api.lib(ql_rtos.o)
                0x8032c9d4                ql_rtos_semaphore_wait
 .text.ql_rtos_semaphore_release
                0x8032ca10       0x34 common/lib/ql_common_api.lib(ql_rtos.o)
                0x8032ca10                ql_rtos_semaphore_release
 .text.ql_rtos_mutex_create
                0x8032ca44       0x34 common/lib/ql_common_api.lib(ql_rtos.o)
                0x8032ca44                ql_rtos_mutex_create
 .text.ql_rtos_mutex_lock
                0x8032ca78       0x3c common/lib/ql_common_api.lib(ql_rtos.o)
                0x8032ca78                ql_rtos_mutex_lock
 .text.ql_rtos_mutex_try_lock
                0x8032cab4       0x34 common/lib/ql_common_api.lib(ql_rtos.o)
                0x8032cab4                ql_rtos_mutex_try_lock
 .text.ql_rtos_mutex_unlock
                0x8032cae8       0x34 common/lib/ql_common_api.lib(ql_rtos.o)
                0x8032cae8                ql_rtos_mutex_unlock
 .text.ql_rtos_mutex_delete
                0x8032cb1c       0x34 common/lib/ql_common_api.lib(ql_rtos.o)
                0x8032cb1c                ql_rtos_mutex_delete
 .text.ql_rtos_queue_create
                0x8032cb50       0x40 common/lib/ql_common_api.lib(ql_rtos.o)
                0x8032cb50                ql_rtos_queue_create
 .text.ql_rtos_queue_wait
                0x8032cb90       0x44 common/lib/ql_common_api.lib(ql_rtos.o)
                0x8032cb90                ql_rtos_queue_wait
 .text.ql_rtos_queue_release
                0x8032cbd4       0x44 common/lib/ql_common_api.lib(ql_rtos.o)
                0x8032cbd4                ql_rtos_queue_release
 .text.ql_rtos_queue_get_cnt
                0x8032cc18       0x3c common/lib/ql_common_api.lib(ql_rtos.o)
                0x8032cc18                ql_rtos_queue_get_cnt
 .text.ql_rtos_queue_delete
                0x8032cc54       0x34 common/lib/ql_common_api.lib(ql_rtos.o)
                0x8032cc54                ql_rtos_queue_delete
 .text.ql_rtos_timer_create
                0x8032cc88       0x34 common/lib/ql_common_api.lib(ql_rtos.o)
                0x8032cc88                ql_rtos_timer_create
 .text.ql_rtos_timer_start
                0x8032ccbc       0x4c common/lib/ql_common_api.lib(ql_rtos.o)
                0x8032ccbc                ql_rtos_timer_start
 .text.ql_rtos_timer_delete
                0x8032cd08       0x34 common/lib/ql_common_api.lib(ql_rtos.o)
                0x8032cd08                ql_rtos_timer_delete
 .text.ql_rtos_get_systicks
                0x8032cd3c       0x30 common/lib/ql_common_api.lib(ql_rtos.o)
                0x8032cd3c                ql_rtos_get_systicks
 .text.malloc   0x8032cd6c       0x30 common/lib/ql_common_api.lib(ql_rtos.o)
                0x8032cd6c                malloc
 .text.free     0x8032cd9c       0x30 common/lib/ql_common_api.lib(ql_rtos.o)
                0x8032cd9c                free
 .text.realloc  0x8032cdcc       0x38 common/lib/ql_common_api.lib(ql_rtos.o)
                0x8032cdcc                realloc
 .text.calloc   0x8032ce04       0x38 common/lib/ql_common_api.lib(ql_rtos.o)
                0x8032ce04                calloc
 .text._malloc_r
                0x8032ce3c        0xc common/lib/ql_common_api.lib(ql_rtos.o)
                0x8032ce3c                _malloc_r
 .text._calloc_r
                0x8032ce48        0xc common/lib/ql_common_api.lib(ql_rtos.o)
                0x8032ce48                _calloc_r
 .text._free_r  0x8032ce54        0xc common/lib/ql_common_api.lib(ql_rtos.o)
                0x8032ce54                _free_r
 .text._realloc_r
                0x8032ce60        0xc common/lib/ql_common_api.lib(ql_rtos.o)
                0x8032ce60                _realloc_r
 .text.ql_securedata_store
                0x8032ce6c       0x40 common/lib/ql_common_api.lib(ql_securedata.o)
                0x8032ce6c                ql_securedata_store
 .text.ql_securedata_read
                0x8032ceac       0x40 common/lib/ql_common_api.lib(ql_securedata.o)
                0x8032ceac                ql_securedata_read
 .text.ql_sim_get_card_status
                0x8032ceec       0x30 common/lib/ql_common_api.lib(ql_sim.o)
                0x8032ceec                ql_sim_get_card_status
 .text.ql_set_sms_msg_mode
                0x8032cf1c       0x30 common/lib/ql_common_api.lib(ql_sms.o)
                0x8032cf1c                ql_set_sms_msg_mode
 .text.ql_set_sms_code_mode
                0x8032cf4c       0x30 common/lib/ql_common_api.lib(ql_sms.o)
                0x8032cf4c                ql_set_sms_code_mode
 .text.ql_sms_send_text_msg
                0x8032cf7c       0x3c common/lib/ql_common_api.lib(ql_sms.o)
                0x8032cf7c                ql_sms_send_text_msg
 .text.ql_sms_delete_msg_ex
                0x8032cfb8       0x38 common/lib/ql_common_api.lib(ql_sms.o)
                0x8032cfb8                ql_sms_delete_msg_ex
 .text.ql_set_sms_save_location
                0x8032cff0       0x3c common/lib/ql_common_api.lib(ql_sms.o)
                0x8032cff0                ql_set_sms_save_location
 .text.ql_set_sms_recive_dealmode
                0x8032d02c       0x30 common/lib/ql_common_api.lib(ql_sms.o)
                0x8032d02c                ql_set_sms_recive_dealmode
 .text.ql_search_sms_text_message
                0x8032d05c       0x38 common/lib/ql_common_api.lib(ql_sms.o)
                0x8032d05c                ql_search_sms_text_message
 .text.ql_sms_add_event_handler
                0x8032d094       0x38 common/lib/ql_common_api.lib(ql_sms.o)
                0x8032d094                ql_sms_add_event_handler
 .text.bind     0x8032d0cc       0x40 common/lib/ql_common_api.lib(ql_sockets.o)
                0x8032d0cc                bind
 .text.shutdown
                0x8032d10c       0x3c common/lib/ql_common_api.lib(ql_sockets.o)
                0x8032d10c                shutdown
 .text.close    0x8032d148       0x34 common/lib/ql_common_api.lib(ql_sockets.o)
                0x8032d148                close
 .text.connect  0x8032d17c       0x40 common/lib/ql_common_api.lib(ql_sockets.o)
                0x8032d17c                connect
 .text.setsockopt
                0x8032d1bc       0x4c common/lib/ql_common_api.lib(ql_sockets.o)
                0x8032d1bc                setsockopt
 .text.getsockopt
                0x8032d208       0x4c common/lib/ql_common_api.lib(ql_sockets.o)
                0x8032d208                getsockopt
 .text.recv     0x8032d254       0x44 common/lib/ql_common_api.lib(ql_sockets.o)
                0x8032d254                recv
 .text.send     0x8032d298       0x44 common/lib/ql_common_api.lib(ql_sockets.o)
                0x8032d298                send
 .text.socket   0x8032d2dc       0x40 common/lib/ql_common_api.lib(ql_sockets.o)
                0x8032d2dc                socket
 .text.select   0x8032d31c       0x4c common/lib/ql_common_api.lib(ql_sockets.o)
                0x8032d31c                select
 .text.ioctl    0x8032d368       0x40 common/lib/ql_common_api.lib(ql_sockets.o)
                0x8032d368                ioctl
 .text.write    0x8032d3a8       0x40 common/lib/ql_common_api.lib(ql_sockets.o)
                0x8032d3a8                write
 .text.getaddrinfo_with_pcid
                0x8032d3e8       0x4c common/lib/ql_common_api.lib(ql_sockets.o)
                0x8032d3e8                getaddrinfo_with_pcid
 .text.gethostbyname
                0x8032d434       0x30 common/lib/ql_common_api.lib(ql_sockets.o)
                0x8032d434                gethostbyname
 .text.ql_netif_find_by_pcid
                0x8032d464       0x30 common/lib/ql_common_api.lib(ql_sockets.o)
                0x8032d464                ql_netif_find_by_pcid
 .text.freeaddrinfo
                0x8032d494       0x30 common/lib/ql_common_api.lib(ql_sockets.o)
                0x8032d494                freeaddrinfo
 .text.inet_aton
                0x8032d4c4       0x3c common/lib/ql_common_api.lib(ql_sockets.o)
                0x8032d4c4                inet_aton
 .text.inet6_aton
                0x8032d500       0x3c common/lib/ql_common_api.lib(ql_sockets.o)
                0x8032d500                inet6_aton
 .text.inet6_ntoa
                0x8032d53c       0x34 common/lib/ql_common_api.lib(ql_sockets.o)
                0x8032d53c                inet6_ntoa
 .text.ql_soc_local_bind
                0x8032d570       0x44 common/lib/ql_common_api.lib(ql_sockets.o)
                0x8032d570                ql_soc_local_bind
 .text.ql_soc_generate_port
                0x8032d5b4       0x30 common/lib/ql_common_api.lib(ql_sockets.o)
                0x8032d5b4                ql_soc_generate_port
 .text.ql_get_soc_errno
                0x8032d5e4       0x30 common/lib/ql_common_api.lib(ql_sockets.o)
                0x8032d5e4                ql_get_soc_errno
 .text.ql_spi_nor_read_id
                0x8032d614       0x30 common/lib/ql_common_api.lib(ql_spi_nor.o)
                0x8032d614                ql_spi_nor_read_id
 .text.ql_spi_nor_init
                0x8032d644       0x3c common/lib/ql_common_api.lib(ql_spi_nor.o)
                0x8032d644                ql_spi_nor_init
 .text.ql_spi_nor_read
                0x8032d680       0x44 common/lib/ql_common_api.lib(ql_spi_nor.o)
                0x8032d680                ql_spi_nor_read
 .text.ql_spi_nor_write
                0x8032d6c4       0x44 common/lib/ql_common_api.lib(ql_spi_nor.o)
                0x8032d6c4                ql_spi_nor_write
 .text.ql_spi_nor_erase_sector
                0x8032d708       0x3c common/lib/ql_common_api.lib(ql_spi_nor.o)
                0x8032d708                ql_spi_nor_erase_sector
 .text.ql_uart_open
                0x8032d744       0x40 common/lib/ql_common_api.lib(ql_uart.o)
                0x8032d744                ql_uart_open
 .text.ql_uart_close
                0x8032d784       0x34 common/lib/ql_common_api.lib(ql_uart.o)
                0x8032d784                ql_uart_close
 .text.ql_uart_register_cb
                0x8032d7b8       0x38 common/lib/ql_common_api.lib(ql_uart.o)
                0x8032d7b8                ql_uart_register_cb
 .text.ql_uart_write
                0x8032d7f0       0x40 common/lib/ql_common_api.lib(ql_uart.o)
                0x8032d7f0                ql_uart_write
 .text.ql_uart_read
                0x8032d830       0x40 common/lib/ql_common_api.lib(ql_uart.o)
                0x8032d830                ql_uart_read
 .text.strdup   0x8032d870       0x2c common/lib/com_http.lib(ql_http_client.o)
                0x8032d870                strdup
 *fill*         0x8032d89c        0x4 
 .text.HttpTimerCountdownMS
                0x8032d8a0       0x50 common/lib/com_http.lib(ql_http_client.o)
                0x8032d8a0                HttpTimerCountdownMS
 .text.HttpTimerLeftMS
                0x8032d8f0       0x68 common/lib/com_http.lib(ql_http_client.o)
                0x8032d8f0                HttpTimerLeftMS
 .text.HttpTimerIsExpired
                0x8032d958       0x14 common/lib/com_http.lib(ql_http_client.o)
                0x8032d958                HttpTimerIsExpired
 .text.quec_http_client_set_url
                0x8032d96c      0xbc8 common/lib/com_http.lib(ql_http_client.o)
 .text.HttpTimerInit
                0x8032e534        0xc common/lib/com_http.lib(ql_http_client.o)
                0x8032e534                HttpTimerInit
 .text.http_client_base64_encode
                0x8032e540      0x114 common/lib/com_http.lib(ql_http_client.o)
                0x8032e540                http_client_base64_encode
 .text.ql_http_client_init
                0x8032e654       0xa8 common/lib/com_http.lib(ql_http_client.o)
                0x8032e654                ql_http_client_init
 .text.ql_http_client_list_append
                0x8032e6fc       0x68 common/lib/com_http.lib(ql_http_client.o)
                0x8032e6fc                ql_http_client_list_append
 .text.ql_http_client_list_destroy
                0x8032e764       0x20 common/lib/com_http.lib(ql_http_client.o)
                0x8032e764                ql_http_client_list_destroy
 .text.ql_http_client_release
                0x8032e784      0x1a0 common/lib/com_http.lib(ql_http_client.o)
                0x8032e784                ql_http_client_release
 .text.ql_http_client_setopt
                0x8032e924      0x304 common/lib/com_http.lib(ql_http_client.o)
                0x8032e924                ql_http_client_setopt
 .text.ql_http_client_get_header
                0x8032ec28      0x128 common/lib/com_http.lib(ql_http_client.o)
                0x8032ec28                ql_http_client_get_header
 .text.quec_http_client_check_header_tmp.isra.0.constprop.0
                0x8032ed50      0x314 common/lib/com_http.lib(ql_http_client.o)
 .text.quec_http_client_resq_cb
                0x8032f064       0x1a common/lib/com_http.lib(ql_http_client.o)
                0x8032f064                quec_http_client_resq_cb
 *fill*         0x8032f07e        0x2 
 .text.quec_http_client_send_head
                0x8032f080      0x384 common/lib/com_http.lib(ql_http_client.o)
                0x8032f080                quec_http_client_send_head
 .text.quec_http_client_send_body
                0x8032f404      0x194 common/lib/com_http.lib(ql_http_client.o)
                0x8032f404                quec_http_client_send_body
 .text.quec_http_client_send_body_ex
                0x8032f598      0x260 common/lib/com_http.lib(ql_http_client.o)
                0x8032f598                quec_http_client_send_body_ex
 .text.quec_http_client_send
                0x8032f7f8       0x5c common/lib/com_http.lib(ql_http_client.o)
                0x8032f7f8                quec_http_client_send
 .text.quec_http_client_recv_abandon
                0x8032f854      0x190 common/lib/com_http.lib(ql_http_client.o)
                0x8032f854                quec_http_client_recv_abandon
 .text.quec_http_client_recv
                0x8032f9e4      0x774 common/lib/com_http.lib(ql_http_client.o)
                0x8032f9e4                quec_http_client_recv
 .text.quec_http_client_send_recv_task_ref
                0x80330158       0xe8 common/lib/com_http.lib(ql_http_client.o)
                0x80330158                quec_http_client_send_recv_task_ref
 .text.ql_http_client_request
                0x80330240      0x1a8 common/lib/com_http.lib(ql_http_client.o)
                0x80330240                ql_http_client_request
 .text.mbedtls_net_free
                0x803303e8       0x30 common/lib/com_mbedtls.lib(mbedtls_lib.o)
                0x803303e8                mbedtls_net_free
 .text.mbedtls_x509_crt_free
                0x80330418       0x30 common/lib/com_mbedtls.lib(mbedtls_lib.o)
                0x80330418                mbedtls_x509_crt_free
 .text.mbedtls_pk_free
                0x80330448       0x30 common/lib/com_mbedtls.lib(mbedtls_lib.o)
                0x80330448                mbedtls_pk_free
 .text.mbedtls_ssl_free
                0x80330478       0x30 common/lib/com_mbedtls.lib(mbedtls_lib.o)
                0x80330478                mbedtls_ssl_free
 .text.mbedtls_ssl_config_free
                0x803304a8       0x30 common/lib/com_mbedtls.lib(mbedtls_lib.o)
                0x803304a8                mbedtls_ssl_config_free
 .text.mbedtls_ctr_drbg_free
                0x803304d8       0x30 common/lib/com_mbedtls.lib(mbedtls_lib.o)
                0x803304d8                mbedtls_ctr_drbg_free
 .text.mbedtls_entropy_free
                0x80330508       0x30 common/lib/com_mbedtls.lib(mbedtls_lib.o)
                0x80330508                mbedtls_entropy_free
 .text.mbedtls_net_init
                0x80330538       0x30 common/lib/com_mbedtls.lib(mbedtls_lib.o)
                0x80330538                mbedtls_net_init
 .text.mbedtls_ssl_init
                0x80330568       0x30 common/lib/com_mbedtls.lib(mbedtls_lib.o)
                0x80330568                mbedtls_ssl_init
 .text.mbedtls_ssl_config_init
                0x80330598       0x30 common/lib/com_mbedtls.lib(mbedtls_lib.o)
                0x80330598                mbedtls_ssl_config_init
 .text.mbedtls_ctr_drbg_init
                0x803305c8       0x30 common/lib/com_mbedtls.lib(mbedtls_lib.o)
                0x803305c8                mbedtls_ctr_drbg_init
 .text.mbedtls_x509_crt_init
                0x803305f8       0x30 common/lib/com_mbedtls.lib(mbedtls_lib.o)
                0x803305f8                mbedtls_x509_crt_init
 .text.mbedtls_pk_init
                0x80330628       0x30 common/lib/com_mbedtls.lib(mbedtls_lib.o)
                0x80330628                mbedtls_pk_init
 .text.mbedtls_entropy_init
                0x80330658       0x30 common/lib/com_mbedtls.lib(mbedtls_lib.o)
                0x80330658                mbedtls_entropy_init
 .text.mbedtls_debug_set_threshold
                0x80330688       0x30 common/lib/com_mbedtls.lib(mbedtls_lib.o)
                0x80330688                mbedtls_debug_set_threshold
 .text.mbedtls_ssl_conf_dbg
                0x803306b8       0x3c common/lib/com_mbedtls.lib(mbedtls_lib.o)
                0x803306b8                mbedtls_ssl_conf_dbg
 .text.mbedtls_ctr_drbg_seed
                0x803306f4       0x48 common/lib/com_mbedtls.lib(mbedtls_lib.o)
                0x803306f4                mbedtls_ctr_drbg_seed
 .text.mbedtls_x509_crt_parse
                0x8033073c       0x3c common/lib/com_mbedtls.lib(mbedtls_lib.o)
                0x8033073c                mbedtls_x509_crt_parse
 .text.mbedtls_x509_crt_parse_file
                0x80330778       0x38 common/lib/com_mbedtls.lib(mbedtls_lib.o)
                0x80330778                mbedtls_x509_crt_parse_file
 .text.mbedtls_pk_parse_keyfile
                0x803307b0       0x3c common/lib/com_mbedtls.lib(mbedtls_lib.o)
                0x803307b0                mbedtls_pk_parse_keyfile
 .text.mbedtls_net_connect
                0x803307ec       0x48 common/lib/com_mbedtls.lib(mbedtls_lib.o)
                0x803307ec                mbedtls_net_connect
 .text.mbedtls_ssl_config_defaults
                0x80330834       0x44 common/lib/com_mbedtls.lib(mbedtls_lib.o)
                0x80330834                mbedtls_ssl_config_defaults
 .text.mbedtls_ssl_conf_verify
                0x80330878       0x3c common/lib/com_mbedtls.lib(mbedtls_lib.o)
                0x80330878                mbedtls_ssl_conf_verify