Archive member included to satisfy reference by file (symbol)

D:/GitHub/LTE01R07A16V03_C_SDK_A_SDK/ql-sdk/ql-application/threadx/interface/soundbox//build/soundbox.lib(sb_app_main.o)
                              (--whole-archive)
D:/GitHub/LTE01R07A16V03_C_SDK_A_SDK/ql-sdk/ql-application/threadx/interface/soundbox//build/soundbox.lib(sb_error.o)
                              (--whole-archive)
D:/GitHub/LTE01R07A16V03_C_SDK_A_SDK/ql-sdk/ql-application/threadx/interface/soundbox//build/soundbox.lib(sb_event.o)
                              (--whole-archive)
D:/GitHub/LTE01R07A16V03_C_SDK_A_SDK/ql-sdk/ql-application/threadx/interface/soundbox//build/soundbox.lib(sb_event_bus.o)
                              (--whole-archive)
D:/GitHub/LTE01R07A16V03_C_SDK_A_SDK/ql-sdk/ql-application/threadx/interface/soundbox//build/soundbox.lib(sb_log.o)
                              (--whole-archive)
D:/GitHub/LTE01R07A16V03_C_SDK_A_SDK/ql-sdk/ql-application/threadx/interface/soundbox//build/soundbox.lib(sb_supervisor.o)
                              (--whole-archive)
D:/GitHub/LTE01R07A16V03_C_SDK_A_SDK/ql-sdk/ql-application/threadx/interface/soundbox//build/soundbox.lib(sb_bsp_kae8_sq1.o)
                              (--whole-archive)
D:/GitHub/LTE01R07A16V03_C_SDK_A_SDK/ql-sdk/ql-application/threadx/interface/soundbox//build/soundbox.lib(sb_hal_adc.o)
                              (--whole-archive)
D:/GitHub/LTE01R07A16V03_C_SDK_A_SDK/ql-sdk/ql-application/threadx/interface/soundbox//build/soundbox.lib(sb_hal_audio_pa.o)
                              (--whole-archive)
D:/GitHub/LTE01R07A16V03_C_SDK_A_SDK/ql-sdk/ql-application/threadx/interface/soundbox//build/soundbox.lib(sb_hal_gpio.o)
                              (--whole-archive)
D:/GitHub/LTE01R07A16V03_C_SDK_A_SDK/ql-sdk/ql-application/threadx/interface/soundbox//build/soundbox.lib(sb_hal_key.o)
                              (--whole-archive)
D:/GitHub/LTE01R07A16V03_C_SDK_A_SDK/ql-sdk/ql-application/threadx/interface/soundbox//build/soundbox.lib(sb_hal_led.o)
                              (--whole-archive)
D:/GitHub/LTE01R07A16V03_C_SDK_A_SDK/ql-sdk/ql-application/threadx/interface/soundbox//build/soundbox.lib(sb_led_status.o)
                              (--whole-archive)
D:/GitHub/LTE01R07A16V03_C_SDK_A_SDK/ql-sdk/ql-application/threadx/interface/soundbox//build/soundbox.lib(sb_crc32.o)
                              (--whole-archive)
D:/GitHub/LTE01R07A16V03_C_SDK_A_SDK/ql-sdk/ql-application/threadx/interface/soundbox//build/soundbox.lib(sb_storage_fs.o)
                              (--whole-archive)
D:/GitHub/LTE01R07A16V03_C_SDK_A_SDK/ql-sdk/ql-application/threadx/interface/soundbox//build/soundbox.lib(sb_ext_nor_flash.o)
                              (--whole-archive)
D:/GitHub/LTE01R07A16V03_C_SDK_A_SDK/ql-sdk/ql-application/threadx/interface/soundbox//build/soundbox.lib(sb_audio_types.o)
                              (--whole-archive)
D:/GitHub/LTE01R07A16V03_C_SDK_A_SDK/ql-sdk/ql-application/threadx/interface/soundbox//build/soundbox.lib(sb_amount_tokenizer.o)
                              (--whole-archive)
D:/GitHub/LTE01R07A16V03_C_SDK_A_SDK/ql-sdk/ql-application/threadx/interface/soundbox//build/soundbox.lib(sb_audio_asset.o)
                              (--whole-archive)
D:/GitHub/LTE01R07A16V03_C_SDK_A_SDK/ql-sdk/ql-application/threadx/interface/soundbox//build/soundbox.lib(sb_audio_asset_store.o)
                              (--whole-archive)
D:/GitHub/LTE01R07A16V03_C_SDK_A_SDK/ql-sdk/ql-application/threadx/interface/soundbox//build/soundbox.lib(sb_audio_asset_manifest.o)
                              (--whole-archive)
D:/GitHub/LTE01R07A16V03_C_SDK_A_SDK/ql-sdk/ql-application/threadx/interface/soundbox//build/soundbox.lib(sb_audio_prompt_logic.o)
                              (--whole-archive)
D:/GitHub/LTE01R07A16V03_C_SDK_A_SDK/ql-sdk/ql-application/threadx/interface/soundbox//build/soundbox.lib(sb_audio_script.o)
                              (--whole-archive)
D:/GitHub/LTE01R07A16V03_C_SDK_A_SDK/ql-sdk/ql-application/threadx/interface/soundbox//build/soundbox.lib(sb_audio_codec_es8311.o)
                              (--whole-archive)
D:/GitHub/LTE01R07A16V03_C_SDK_A_SDK/ql-sdk/ql-application/threadx/interface/soundbox//build/soundbox.lib(sb_audio_hal.o)
                              (--whole-archive)
D:/GitHub/LTE01R07A16V03_C_SDK_A_SDK/ql-sdk/ql-application/threadx/interface/soundbox//build/soundbox.lib(sb_audio_service.o)
                              (--whole-archive)
D:/GitHub/LTE01R07A16V03_C_SDK_A_SDK/ql-sdk/ql-application/threadx/interface/soundbox//build/soundbox.lib(sb_config.o)
                              (--whole-archive)
D:/GitHub/LTE01R07A16V03_C_SDK_A_SDK/ql-sdk/ql-application/threadx/interface/soundbox//build/soundbox.lib(sb_sim_service.o)
                              (--whole-archive)
D:/GitHub/LTE01R07A16V03_C_SDK_A_SDK/ql-sdk/ql-application/threadx/interface/soundbox//build/soundbox.lib(sb_time_service.o)
[...]
Memory Configuration

Name             Origin             Length             Attributes
ROM              0x80322008         0x00100000         xr
SRAM             0x7e1f0800         0x00100000         xrw
*default*        0x00000000         0xffffffff

Linker script and memory map

                0x80322000                __ROM_START_ADDR = 0x80322000
                0x00100000                __MAX_ROM_SIZE = 0x100000
                0x7e1f0800                __RAM_START_ADDR = 0x7e1f0800
                0x00100000                __MAX_RAM_SIZE = 0x100000
                0x80322008                . = (__ROM_START_ADDR + 0x8)

.initdata       0x80322008       0x20
 *(.initdata)
 .initdata      0x80322008       0x20 common/lib/ql_common_api.lib(ql_main.o)
                0x80322008                GADLENTRY

.userStartUp
 *(.userInit)

.text           0x80322028    0x19004
 *(.text)
 .text          0x80322028       0xec D:\GitHub\LTE01R07A16V03_C_SDK_A_SDK\ql-sdk\ql-application\threadx\/../..\ql-cross-tool\win32\owtoolchain\gcc-arm-none-eabi\arm-none-eabi\lib\thumb\v7+fp\softfp\libc.a(lib_a-memcpy.o)
                0x80322028                memcpy
 .text          0x80322114      0x1bc D:\GitHub\LTE01R07A16V03_C_SDK_A_SDK\ql-sdk\ql-application\threadx\/../..\ql-cross-tool\win32\owtoolchain\gcc-arm-none-eabi\arm-none-eabi\lib\thumb\v7+fp\softfp\libc.a(lib_a-strcmp.o)
                0x80322114                strcmp
 .text          0x803222d0      0x278 D:\GitHub\LTE01R07A16V03_C_SDK_A_SDK\ql-sdk\ql-application\threadx\/../..\ql-cross-tool\win32\owtoolchain\gcc-arm-none-eabi\lib\gcc\arm-none-eabi\9.2.1\thumb\v7+fp\softfp\libgcc.a(_udivsi3.o)
                0x803222d0                __aeabi_uidiv
                0x803222d0                __udivsi3
                0x8032252c                __aeabi_uidivmod
 .text          0x80322548        0x4 D:\GitHub\LTE01R07A16V03_C_SDK_A_SDK\ql-sdk\ql-application\threadx\/../..\ql-cross-tool\win32\owtoolchain\gcc-arm-none-eabi\lib\gcc\arm-none-eabi\9.2.1\thumb\v7+fp\softfp\libgcc.a(_dvmd_tls.o)
                0x80322548                __aeabi_idiv0
                0x80322548                __aeabi_ldiv0
 .text          0x8032254c      0x378 D:\GitHub\LTE01R07A16V03_C_SDK_A_SDK\ql-sdk\ql-application\threadx\/../..\ql-cross-tool\win32\owtoolchain\gcc-arm-none-eabi\lib\gcc\arm-none-eabi\9.2.1\thumb\v7+fp\softfp\libgcc.a(_arm_addsubdf3.o)
                0x8032254c                __aeabi_drsub
                0x80322554                __aeabi_dsub
                0x80322554                __subdf3
                0x80322558                __aeabi_dadd
                0x80322558                __adddf3
                0x803227d0                __floatunsidf
                0x803227d0                __aeabi_ui2d
                0x803227f0                __floatsidf
                0x803227f0                __aeabi_i2d
                0x80322814                __aeabi_f2d
                0x80322814                __extendsfdf2
                0x80322858                __floatundidf
                0x80322858                __aeabi_ul2d
                0x80322868                __floatdidf
                0x80322868                __aeabi_l2d
 .text          0x803228c4       0x30 D:\GitHub\LTE01R07A16V03_C_SDK_A_SDK\ql-sdk\ql-application\threadx\/../..\ql-cross-tool\win32\owtoolchain\gcc-arm-none-eabi\lib\gcc\arm-none-eabi\9.2.1\thumb\v7+fp\softfp\libgcc.a(_aeabi_uldivmod.o)
                0x803228c4                __aeabi_uldivmod
 .text          0x803228f4       0x30 D:\GitHub\LTE01R07A16V03_C_SDK_A_SDK\ql-sdk\ql-application\threadx\/../..\ql-cross-tool\win32\owtoolchain\gcc-arm-none-eabi\lib\gcc\arm-none-eabi\9.2.1\thumb\v7+fp\softfp\libgcc.a(_fixdfdi.o)
                0x803228f4                __fixdfdi
                0x803228f4                __aeabi_d2lz
 *fill*         0x80322924        0x4 
 .text          0x80322928       0x40 D:\GitHub\LTE01R07A16V03_C_SDK_A_SDK\ql-sdk\ql-application\threadx\/../..\ql-cross-tool\win32\owtoolchain\gcc-arm-none-eabi\lib\gcc\arm-none-eabi\9.2.1\thumb\v7+fp\softfp\libgcc.a(_fixunsdfdi.o)
                0x80322928                __fixunsdfdi
                0x80322928                __aeabi_d2ulz
 .text          0x80322968      0x11c D:\GitHub\LTE01R07A16V03_C_SDK_A_SDK\ql-sdk\ql-application\threadx\/../..\ql-cross-tool\win32\owtoolchain\gcc-arm-none-eabi\lib\gcc\arm-none-eabi\9.2.1\thumb\v7+fp\softfp\libgcc.a(_udivmoddi4.o)
                0x80322968                __udivmoddi4
 *(.text*)
 .text.sb_app_entry
                0x80322a84      0x314 D:/GitHub/LTE01R07A16V03_C_SDK_A_SDK/ql-sdk/ql-application/threadx/interface/soundbox//build/soundbox.lib(sb_app_main.o)
 .text.sb_status_to_string
                0x80322d98       0x1c D:/GitHub/LTE01R07A16V03_C_SDK_A_SDK/ql-sdk/ql-application/threadx/interface/soundbox//build/soundbox.lib(sb_error.o)
                0x80322d98                sb_status_to_string
 .text.sb_event_init
                0x80322db4       0x24 D:/GitHub/LTE01R07A16V03_C_SDK_A_SDK/ql-sdk/ql-application/threadx/interface/soundbox//build/soundbox.lib(sb_event.o)
                0x80322db4                sb_event_init
 .text.sb_event_set_text
                0x80322dd8       0x2e D:/GitHub/LTE01R07A16V03_C_SDK_A_SDK/ql-sdk/ql-application/threadx/interface/soundbox//build/soundbox.lib(sb_event.o)
                0x80322dd8                sb_event_set_text
 *fill*         0x80322e06        0x2 
 .text.sb_event_id_to_string
                0x80322e08       0x18 D:/GitHub/LTE01R07A16V03_C_SDK_A_SDK/ql-sdk/ql-application/threadx/interface/soundbox//build/soundbox.lib(sb_event.o)
                0x80322e08                sb_event_id_to_string
 .text.sb_event_bus_init
                0x80322e20       0x38 D:/GitHub/LTE01R07A16V03_C_SDK_A_SDK/ql-sdk/ql-application/threadx/interface/soundbox//build/soundbox.lib(sb_event_bus.o)
                0x80322e20                sb_event_bus_init
 .text.sb_event_post
                0x80322e58       0x40 D:/GitHub/LTE01R07A16V03_C_SDK_A_SDK/ql-sdk/ql-application/threadx/interface/soundbox//build/soundbox.lib(sb_event_bus.o)
                0x80322e58                sb_event_post
 .text.sb_event_wait
                0x80322e98       0x40 D:/GitHub/LTE01R07A16V03_C_SDK_A_SDK/ql-sdk/ql-application/threadx/interface/soundbox//build/soundbox.lib(sb_event_bus.o)
                0x80322e98                sb_event_wait
 .text.sb_event_pending_count
                0x80322ed8       0x38 D:/GitHub/LTE01R07A16V03_C_SDK_A_SDK/ql-sdk/ql-application/threadx/interface/soundbox//build/soundbox.lib(sb_event_bus.o)
                0x80322ed8                sb_event_pending_count
 .text.sb_log_init
                0x80322f10        0xc D:/GitHub/LTE01R07A16V03_C_SDK_A_SDK/ql-sdk/ql-application/threadx/interface/soundbox//build/soundbox.lib(sb_log.o)
                0x80322f10                sb_log_init
 .text.sb_log_write
                0x80322f1c       0x84 D:/GitHub/LTE01R07A16V03_C_SDK_A_SDK/ql-sdk/ql-application/threadx/interface/soundbox//build/soundbox.lib(sb_log.o)
                0x80322f1c                sb_log_write
 .text.sb_supervisor_timer_cb
                0x80322fa0       0x24 D:/GitHub/LTE01R07A16V03_C_SDK_A_SDK/ql-sdk/ql-application/threadx/interface/soundbox//build/soundbox.lib(sb_supervisor.o)
 .text.sb_supervisor_language
                0x80322fc4       0x28 D:/GitHub/LTE01R07A16V03_C_SDK_A_SDK/ql-sdk/ql-application/threadx/interface/soundbox//build/soundbox.lib(sb_supervisor.o)
 .text.sb_supervisor_play_alert_once
                0x80322fec       0x24 D:/GitHub/LTE01R07A16V03_C_SDK_A_SDK/ql-sdk/ql-application/threadx/interface/soundbox//build/soundbox.lib(sb_supervisor.o)
 .text.sb_supervisor_task
                0x80323010      0x524 D:/GitHub/LTE01R07A16V03_C_SDK_A_SDK/ql-sdk/ql-application/threadx/interface/soundbox//build/soundbox.lib(sb_supervisor.o)
 .text.sb_supervisor_post_boot_event
                0x80323534       0x24 D:/GitHub/LTE01R07A16V03_C_SDK_A_SDK/ql-sdk/ql-application/threadx/interface/soundbox//build/soundbox.lib(sb_supervisor.o)
                0x80323534                sb_supervisor_post_boot_event
 .text.sb_supervisor_start
                0x80323558       0x78 D:/GitHub/LTE01R07A16V03_C_SDK_A_SDK/ql-sdk/ql-application/threadx/interface/soundbox//build/soundbox.lib(sb_supervisor.o)
                0x80323558                sb_supervisor_start
 .text.sb_bsp_log_key_state
                0x803235d0       0x64 D:/GitHub/LTE01R07A16V03_C_SDK_A_SDK/ql-sdk/ql-application/threadx/interface/soundbox//build/soundbox.lib(sb_bsp_kae8_sq1.o)
 .text.sb_bsp_check_status
                0x80323634       0x48 D:/GitHub/LTE01R07A16V03_C_SDK_A_SDK/ql-sdk/ql-application/threadx/interface/soundbox//build/soundbox.lib(sb_bsp_kae8_sq1.o)
 .text.sb_bsp_board_post_status
                0x8032367c       0x5c D:/GitHub/LTE01R07A16V03_C_SDK_A_SDK/ql-sdk/ql-application/threadx/interface/soundbox//build/soundbox.lib(sb_bsp_kae8_sq1.o)
                0x8032367c                sb_bsp_board_post_status
 .text.sb_bsp_board_set_status_led
                0x803236d8        0xc D:/GitHub/LTE01R07A16V03_C_SDK_A_SDK/ql-sdk/ql-application/threadx/interface/soundbox//build/soundbox.lib(sb_bsp_kae8_sq1.o)
                0x803236d8                sb_bsp_board_set_status_led
 .text.sb_bsp_board_init
                0x803236e4       0xec D:/GitHub/LTE01R07A16V03_C_SDK_A_SDK/ql-sdk/ql-application/threadx/interface/soundbox//build/soundbox.lib(sb_bsp_kae8_sq1.o)
                0x803236e4                sb_bsp_board_init
 .text.sb_bsp_board_set_speaker_amp
                0x803237d0        0x8 D:/GitHub/LTE01R07A16V03_C_SDK_A_SDK/ql-sdk/ql-application/threadx/interface/soundbox//build/soundbox.lib(sb_bsp_kae8_sq1.o)
                0x803237d0                sb_bsp_board_set_speaker_amp
 .text.sb_bsp_board_read_battery
                0x803237d8        0x8 D:/GitHub/LTE01R07A16V03_C_SDK_A_SDK/ql-sdk/ql-application/threadx/interface/soundbox//build/soundbox.lib(sb_bsp_kae8_sq1.o)
                0x803237d8                sb_bsp_board_read_battery
 .text.sb_hal_adc_battery_percent_from_mv
                0x803237e0       0x30 D:/GitHub/LTE01R07A16V03_C_SDK_A_SDK/ql-sdk/ql-application/threadx/interface/soundbox//build/soundbox.lib(sb_hal_adc.o)
                0x803237e0                sb_hal_adc_battery_percent_from_mv
 .text.sb_hal_adc_init
                0x80323810       0x28 D:/GitHub/LTE01R07A16V03_C_SDK_A_SDK/ql-sdk/ql-application/threadx/interface/soundbox//build/soundbox.lib(sb_hal_adc.o)
                0x80323810                sb_hal_adc_init
 .text.sb_hal_adc_read_battery
                0x80323838       0x64 D:/GitHub/LTE01R07A16V03_C_SDK_A_SDK/ql-sdk/ql-application/threadx/interface/soundbox//build/soundbox.lib(sb_hal_adc.o)
                0x80323838                sb_hal_adc_read_battery
 .text.sb_hal_audio_pa_init
                0x8032389c       0x18 D:/GitHub/LTE01R07A16V03_C_SDK_A_SDK/ql-sdk/ql-application/threadx/interface/soundbox//build/soundbox.lib(sb_hal_audio_pa.o)
                0x8032389c                sb_hal_audio_pa_init
 .text.sb_hal_audio_pa_set_enabled
                0x803238b4       0x28 D:/GitHub/LTE01R07A16V03_C_SDK_A_SDK/ql-sdk/ql-application/threadx/interface/soundbox//build/soundbox.lib(sb_hal_audio_pa.o)
                0x803238b4                sb_hal_audio_pa_set_enabled
 .text.sb_hal_gpio_input
                0x803238dc       0x1c D:/GitHub/LTE01R07A16V03_C_SDK_A_SDK/ql-sdk/ql-application/threadx/interface/soundbox//build/soundbox.lib(sb_hal_gpio.o)
                0x803238dc                sb_hal_gpio_input
 .text.sb_hal_gpio_output
                0x803238f8       0x1c D:/GitHub/LTE01R07A16V03_C_SDK_A_SDK/ql-sdk/ql-application/threadx/interface/soundbox//build/soundbox.lib(sb_hal_gpio.o)
                0x803238f8                sb_hal_gpio_output
 .text.sb_hal_gpio_set
                0x80323914       0x14 D:/GitHub/LTE01R07A16V03_C_SDK_A_SDK/ql-sdk/ql-application/threadx/interface/soundbox//build/soundbox.lib(sb_hal_gpio.o)
                0x80323914                sb_hal_gpio_set
 .text.sb_hal_gpio_get
                0x80323928       0x1c D:/GitHub/LTE01R07A16V03_C_SDK_A_SDK/ql-sdk/ql-application/threadx/interface/soundbox//build/soundbox.lib(sb_hal_gpio.o)
                0x80323928                sb_hal_gpio_get
 .text.sb_hal_gpio_register_eint
                0x80323944       0x24 D:/GitHub/LTE01R07A16V03_C_SDK_A_SDK/ql-sdk/ql-application/threadx/interface/soundbox//build/soundbox.lib(sb_hal_gpio.o)
                0x80323944                sb_hal_gpio_register_eint
 .text.sb_hal_gpio_enable_eint
                0x80323968       0x14 D:/GitHub/LTE01R07A16V03_C_SDK_A_SDK/ql-sdk/ql-application/threadx/interface/soundbox//build/soundbox.lib(sb_hal_gpio.o)
                0x80323968                sb_hal_gpio_enable_eint
 .text.sb_hal_gpio_disable_eint
                0x8032397c       0x14 D:/GitHub/LTE01R07A16V03_C_SDK_A_SDK/ql-sdk/ql-application/threadx/interface/soundbox//build/soundbox.lib(sb_hal_gpio.o)
                0x8032397c                sb_hal_gpio_disable_eint
 .text.sb_key_irq_post
                0x80323990       0x4c D:/GitHub/LTE01R07A16V03_C_SDK_A_SDK/ql-sdk/ql-application/threadx/interface/soundbox//build/soundbox.lib(sb_hal_key.o)
 .text.sb_key_mode_irq
                0x803239dc        0xc D:/GitHub/LTE01R07A16V03_C_SDK_A_SDK/ql-sdk/ql-application/threadx/interface/soundbox//build/soundbox.lib(sb_hal_key.o)
 .text.sb_key_volume_down_irq
                0x803239e8        0xc D:/GitHub/LTE01R07A16V03_C_SDK_A_SDK/ql-sdk/ql-application/threadx/interface/soundbox//build/soundbox.lib(sb_hal_key.o)
 .text.sb_key_volume_up_irq
                0x803239f4        0xc D:/GitHub/LTE01R07A16V03_C_SDK_A_SDK/ql-sdk/ql-application/threadx/interface/soundbox//build/soundbox.lib(sb_hal_key.o)
 .text.sb_hal_key_gpio
                0x80323a00       0x18 D:/GitHub/LTE01R07A16V03_C_SDK_A_SDK/ql-sdk/ql-application/threadx/interface/soundbox//build/soundbox.lib(sb_hal_key.o)
                0x80323a00                sb_hal_key_gpio
 .text.sb_hal_key_get_state
                0x80323a18       0x4c D:/GitHub/LTE01R07A16V03_C_SDK_A_SDK/ql-sdk/ql-application/threadx/interface/soundbox//build/soundbox.lib(sb_hal_key.o)
                0x80323a18                sb_hal_key_get_state
 .text.sb_key_task
                0x80323a64      0x104 D:/GitHub/LTE01R07A16V03_C_SDK_A_SDK/ql-sdk/ql-application/threadx/interface/soundbox//build/soundbox.lib(sb_hal_key.o)
 .text.sb_hal_key_configure
                0x80323b68       0x90 D:/GitHub/LTE01R07A16V03_C_SDK_A_SDK/ql-sdk/ql-application/threadx/interface/soundbox//build/soundbox.lib(sb_hal_key.o)
 .text.sb_hal_key_init
                0x80323bf8       0xa0 D:/GitHub/LTE01R07A16V03_C_SDK_A_SDK/ql-sdk/ql-application/threadx/interface/soundbox//build/soundbox.lib(sb_hal_key.o)
                0x80323bf8                sb_hal_key_init
 .text.sb_hal_led_init
                0x80323c98       0x14 D:/GitHub/LTE01R07A16V03_C_SDK_A_SDK/ql-sdk/ql-application/threadx/interface/soundbox//build/soundbox.lib(sb_hal_led.o)
                0x80323c98                sb_hal_led_init
 .text.sb_hal_led_set
                0x80323cac       0x28 D:/GitHub/LTE01R07A16V03_C_SDK_A_SDK/ql-sdk/ql-application/threadx/interface/soundbox//build/soundbox.lib(sb_hal_led.o)
                0x80323cac                sb_hal_led_set
 .text.sb_led_status_init
                0x80323cd4       0x2c D:/GitHub/LTE01R07A16V03_C_SDK_A_SDK/ql-sdk/ql-application/threadx/interface/soundbox//build/soundbox.lib(sb_led_status.o)
                0x80323cd4                sb_led_status_init
 .text.sb_led_status_set
                0x80323d00       0x74 D:/GitHub/LTE01R07A16V03_C_SDK_A_SDK/ql-sdk/ql-application/threadx/interface/soundbox//build/soundbox.lib(sb_led_status.o)
                0x80323d00                sb_led_status_set
 .text.sb_led_status_on_heartbeat
                0x80323d74       0x88 D:/GitHub/LTE01R07A16V03_C_SDK_A_SDK/ql-sdk/ql-application/threadx/interface/soundbox//build/soundbox.lib(sb_led_status.o)
                0x80323d74                sb_led_status_on_heartbeat
 .text.sb_crc32_update
                0x80323dfc       0x2c D:/GitHub/LTE01R07A16V03_C_SDK_A_SDK/ql-sdk/ql-application/threadx/interface/soundbox//build/soundbox.lib(sb_crc32.o)
                0x80323dfc                sb_crc32_update
 .text.sb_crc32_compute
                0x80323e28       0x18 D:/GitHub/LTE01R07A16V03_C_SDK_A_SDK/ql-sdk/ql-application/threadx/interface/soundbox//build/soundbox.lib(sb_crc32.o)
                0x80323e28                sb_crc32_compute
 .text.sb_storage_strlen
                0x80323e40       0x12 D:/GitHub/LTE01R07A16V03_C_SDK_A_SDK/ql-sdk/ql-application/threadx/interface/soundbox//build/soundbox.lib(sb_storage_fs.o)
 .text.sb_storage_fs_path_is_absolute_u
                0x80323e52       0x1e D:/GitHub/LTE01R07A16V03_C_SDK_A_SDK/ql-sdk/ql-application/threadx/interface/soundbox//build/soundbox.lib(sb_storage_fs.o)
                0x80323e52                sb_storage_fs_path_is_absolute_u
 .text.sb_storage_validate_path
                0x80323e70       0x24 D:/GitHub/LTE01R07A16V03_C_SDK_A_SDK/ql-sdk/ql-application/threadx/interface/soundbox//build/soundbox.lib(sb_storage_fs.o)
 .text.sb_storage_fs_print_usage
                0x80323e94       0x74 D:/GitHub/LTE01R07A16V03_C_SDK_A_SDK/ql-sdk/ql-application/threadx/interface/soundbox//build/soundbox.lib(sb_storage_fs.o)
                0x80323e94                sb_storage_fs_print_usage
 .text.sb_storage_fs_mkdir_recursive
                0x80323f08       0xb8 D:/GitHub/LTE01R07A16V03_C_SDK_A_SDK/ql-sdk/ql-application/threadx/interface/soundbox//build/soundbox.lib(sb_storage_fs.o)
                0x80323f08                sb_storage_fs_mkdir_recursive
 .text.sb_storage_make_parent_dir
                0x80323fc0       0x70 D:/GitHub/LTE01R07A16V03_C_SDK_A_SDK/ql-sdk/ql-application/threadx/interface/soundbox//build/soundbox.lib(sb_storage_fs.o)
 .text.sb_storage_fs_file_exists
                0x80324030       0x30 D:/GitHub/LTE01R07A16V03_C_SDK_A_SDK/ql-sdk/ql-application/threadx/interface/soundbox//build/soundbox.lib(sb_storage_fs.o)
                0x80324030                sb_storage_fs_file_exists
 .text.sb_storage_fs_read_file
                0x80324060       0x70 D:/GitHub/LTE01R07A16V03_C_SDK_A_SDK/ql-sdk/ql-application/threadx/interface/soundbox//build/soundbox.lib(sb_storage_fs.o)
                0x80324060                sb_storage_fs_read_file
 .text.sb_storage_fs_read_file_partial
                0x803240d0       0x88 D:/GitHub/LTE01R07A16V03_C_SDK_A_SDK/ql-sdk/ql-application/threadx/interface/soundbox//build/soundbox.lib(sb_storage_fs.o)
                0x803240d0                sb_storage_fs_read_file_partial
 .text.sb_storage_fs_write_file_atomic
                0x80324158       0xd0 D:/GitHub/LTE01R07A16V03_C_SDK_A_SDK/ql-sdk/ql-application/threadx/interface/soundbox//build/soundbox.lib(sb_storage_fs.o)
                0x80324158                sb_storage_fs_write_file_atomic
 .text.sb_storage_fs_write_text_atomic
                0x80324228       0x70 D:/GitHub/LTE01R07A16V03_C_SDK_A_SDK/ql-sdk/ql-application/threadx/interface/soundbox//build/soundbox.lib(sb_storage_fs.o)
                0x80324228                sb_storage_fs_write_text_atomic
 .text.sb_storage_fs_self_test
                0x80324298       0x78 D:/GitHub/LTE01R07A16V03_C_SDK_A_SDK/ql-sdk/ql-application/threadx/interface/soundbox//build/soundbox.lib(sb_storage_fs.o)
                0x80324298                sb_storage_fs_self_test
 .text.sb_storage_fs_init
                0x80324310      0x104 D:/GitHub/LTE01R07A16V03_C_SDK_A_SDK/ql-sdk/ql-application/threadx/interface/soundbox//build/soundbox.lib(sb_storage_fs.o)
                0x80324310                sb_storage_fs_init
 .text.sb_ext_nor_save_diag
                0x80324414       0xec D:/GitHub/LTE01R07A16V03_C_SDK_A_SDK/ql-sdk/ql-application/threadx/interface/soundbox//build/soundbox.lib(sb_ext_nor_flash.o)
 .text.sb_ext_nor_flash_is_ready
                0x80324500        0xc D:/GitHub/LTE01R07A16V03_C_SDK_A_SDK/ql-sdk/ql-application/threadx/interface/soundbox//build/soundbox.lib(sb_ext_nor_flash.o)
                0x80324500                sb_ext_nor_flash_is_ready
 .text.sb_ext_nor_flash_get_status
                0x8032450c       0x24 D:/GitHub/LTE01R07A16V03_C_SDK_A_SDK/ql-sdk/ql-application/threadx/interface/soundbox//build/soundbox.lib(sb_ext_nor_flash.o)
                0x8032450c                sb_ext_nor_flash_get_status
 .text.sb_ext_nor_flash_read
                0x80324530       0x6c D:/GitHub/LTE01R07A16V03_C_SDK_A_SDK/ql-sdk/ql-application/threadx/interface/soundbox//build/soundbox.lib(sb_ext_nor_flash.o)
                0x80324530                sb_ext_nor_flash_read
 .text.sb_ext_nor_flash_write
                0x8032459c       0x70 D:/GitHub/LTE01R07A16V03_C_SDK_A_SDK/ql-sdk/ql-application/threadx/interface/soundbox//build/soundbox.lib(sb_ext_nor_flash.o)
                0x8032459c                sb_ext_nor_flash_write
 .text.sb_ext_nor_flash_erase_sector
                0x8032460c       0x44 D:/GitHub/LTE01R07A16V03_C_SDK_A_SDK/ql-sdk/ql-application/threadx/interface/soundbox//build/soundbox.lib(sb_ext_nor_flash.o)
                0x8032460c                sb_ext_nor_flash_erase_sector
 .text.sb_ext_nor_flash_factory_rw_test
                0x80324650       0xe0 D:/GitHub/LTE01R07A16V03_C_SDK_A_SDK/ql-sdk/ql-application/threadx/interface/soundbox//build/soundbox.lib(sb_ext_nor_flash.o)
                0x80324650                sb_ext_nor_flash_factory_rw_test
 .text.sb_ext_nor_flash_init
                0x80324730      0x174 D:/GitHub/LTE01R07A16V03_C_SDK_A_SDK/ql-sdk/ql-application/threadx/interface/soundbox//build/soundbox.lib(sb_ext_nor_flash.o)
                0x80324730                sb_ext_nor_flash_init
 .text.sb_audio_language_code
                0x803248a4       0x18 D:/GitHub/LTE01R07A16V03_C_SDK_A_SDK/ql-sdk/ql-application/threadx/interface/soundbox//build/soundbox.lib(sb_audio_types.o)
                0x803248a4                sb_audio_language_code
 .text.sb_audio_language_asset_code
                0x803248bc       0x18 D:/GitHub/LTE01R07A16V03_C_SDK_A_SDK/ql-sdk/ql-application/threadx/interface/soundbox//build/soundbox.lib(sb_audio_types.o)
                0x803248bc                sb_audio_language_asset_code
 .text.sb_audio_language_from_code
                0x803248d4       0x60 D:/GitHub/LTE01R07A16V03_C_SDK_A_SDK/ql-sdk/ql-application/threadx/interface/soundbox//build/soundbox.lib(sb_audio_types.o)
                0x803248d4                sb_audio_language_from_code
 .text.sb_lang_flat_path
                0x80324934       0x64 D:/GitHub/LTE01R07A16V03_C_SDK_A_SDK/ql-sdk/ql-application/threadx/interface/soundbox//build/soundbox.lib(sb_audio_asset.o)
 .text.sb_audio_script_init
                0x80324998       0x18 D:/GitHub/LTE01R07A16V03_C_SDK_A_SDK/ql-sdk/ql-application/threadx/interface/soundbox//build/soundbox.lib(sb_audio_asset.o)
                0x80324998                sb_audio_script_init
 .text.sb_audio_script_append_path
                0x803249b0       0x38 D:/GitHub/LTE01R07A16V03_C_SDK_A_SDK/ql-sdk/ql-application/threadx/interface/soundbox//build/soundbox.lib(sb_audio_asset.o)
                0x803249b0                sb_audio_script_append_path
 .text.sb_audio_asset_build_common_path
                0x803249e8       0x20 D:/GitHub/LTE01R07A16V03_C_SDK_A_SDK/ql-sdk/ql-application/threadx/interface/soundbox//build/soundbox.lib(sb_audio_asset.o)
                0x803249e8                sb_audio_asset_build_common_path
 .text.sb_audio_asset_build_alert_path
                0x80324a08       0x10 D:/GitHub/LTE01R07A16V03_C_SDK_A_SDK/ql-sdk/ql-application/threadx/interface/soundbox//build/soundbox.lib(sb_audio_asset.o)
                0x80324a08                sb_audio_asset_build_alert_path
 .text.sb_audio_asset_build_audio_file_path
                0x80324a18       0x10 D:/GitHub/LTE01R07A16V03_C_SDK_A_SDK/ql-sdk/ql-application/threadx/interface/soundbox//build/soundbox.lib(sb_audio_asset.o)
                0x80324a18                sb_audio_asset_build_audio_file_path
 .text.sb_audio_asset_build_provider_path
                0x80324a28       0x38 D:/GitHub/LTE01R07A16V03_C_SDK_A_SDK/ql-sdk/ql-application/threadx/interface/soundbox//build/soundbox.lib(sb_audio_asset.o)
                0x80324a28                sb_audio_asset_build_provider_path
 .text.sb_audio_asset_build_amount_token_path
                0x80324a60       0xcc D:/GitHub/LTE01R07A16V03_C_SDK_A_SDK/ql-sdk/ql-application/threadx/interface/soundbox//build/soundbox.lib(sb_audio_asset.o)
                0x80324a60                sb_audio_asset_build_amount_token_path
 .text.sb_audio_asset_validate_script
                0x80324b2c       0x68 D:/GitHub/LTE01R07A16V03_C_SDK_A_SDK/ql-sdk/ql-application/threadx/interface/soundbox//build/soundbox.lib(sb_audio_asset.o)
                0x80324b2c                sb_audio_asset_validate_script
 .text.sb_store_common_to_ufs.constprop.0
                0x80324b94       0x78 D:/GitHub/LTE01R07A16V03_C_SDK_A_SDK/ql-sdk/ql-application/threadx/interface/soundbox//build/soundbox.lib(sb_audio_asset_store.o)
 .text.sb_audio_asset_store_init
                0x80324c0c       0x7c D:/GitHub/LTE01R07A16V03_C_SDK_A_SDK/ql-sdk/ql-application/threadx/interface/soundbox//build/soundbox.lib(sb_audio_asset_store.o)
                0x80324c0c                sb_audio_asset_store_init
 .text.sb_audio_asset_store_get_status
                0x80324c88       0x20 D:/GitHub/LTE01R07A16V03_C_SDK_A_SDK/ql-sdk/ql-application/threadx/interface/soundbox//build/soundbox.lib(sb_audio_asset_store.o)
                0x80324c88                sb_audio_asset_store_get_status
 .text.sb_audio_asset_store_exists
                0x80324ca8       0x34 D:/GitHub/LTE01R07A16V03_C_SDK_A_SDK/ql-sdk/ql-application/threadx/interface/soundbox//build/soundbox.lib(sb_audio_asset_store.o)
                0x80324ca8                sb_audio_asset_store_exists
 .text.sb_audio_asset_store_prepare_play_path
                0x80324cdc      0x1d4 D:/GitHub/LTE01R07A16V03_C_SDK_A_SDK/ql-sdk/ql-application/threadx/interface/soundbox//build/soundbox.lib(sb_audio_asset_store.o)
                0x80324cdc                sb_audio_asset_store_prepare_play_path
 .text.sb_audio_manifest_init
                0x80324eb0      0x12c D:/GitHub/LTE01R07A16V03_C_SDK_A_SDK/ql-sdk/ql-application/threadx/interface/soundbox//build/soundbox.lib(sb_audio_asset_manifest.o)
                0x80324eb0                sb_audio_manifest_init
 .text.sb_audio_manifest_get_status
                0x80324fdc       0x1c D:/GitHub/LTE01R07A16V03_C_SDK_A_SDK/ql-sdk/ql-application/threadx/interface/soundbox//build/soundbox.lib(sb_audio_asset_manifest.o)
                0x80324fdc                sb_audio_manifest_get_status
 .text.sb_audio_manifest_find
                0x80324ff8       0x68 D:/GitHub/LTE01R07A16V03_C_SDK_A_SDK/ql-sdk/ql-application/threadx/interface/soundbox//build/soundbox.lib(sb_audio_asset_manifest.o)
                0x80324ff8                sb_audio_manifest_find
 .text.sb_manifest_try_file_variant
                0x80325060       0xb8 D:/GitHub/LTE01R07A16V03_C_SDK_A_SDK/ql-sdk/ql-application/threadx/interface/soundbox//build/soundbox.lib(sb_audio_asset_manifest.o)
 .text.sb_audio_manifest_find_with_fallback
                0x80325118       0xd8 D:/GitHub/LTE01R07A16V03_C_SDK_A_SDK/ql-sdk/ql-application/threadx/interface/soundbox//build/soundbox.lib(sb_audio_asset_manifest.o)
                0x80325118                sb_audio_manifest_find_with_fallback
 .text.sb_lang_suffix_used
                0x803251f0        0xe D:/GitHub/LTE01R07A16V03_C_SDK_A_SDK/ql-sdk/ql-application/threadx/interface/soundbox//build/soundbox.lib(sb_audio_prompt_logic.o)
 *fill*         0x803251fe        0x2 
 .text.sb_logic_append_token
                0x80325200       0x30 D:/GitHub/LTE01R07A16V03_C_SDK_A_SDK/ql-sdk/ql-application/threadx/interface/soundbox//build/soundbox.lib(sb_audio_prompt_logic.o)
 .text.sb_logic_append_under_100
                0x80325230       0x48 D:/GitHub/LTE01R07A16V03_C_SDK_A_SDK/ql-sdk/ql-application/threadx/interface/soundbox//build/soundbox.lib(sb_audio_prompt_logic.o)
 .text.sb_logic_append_number
                0x80325278      0x140 D:/GitHub/LTE01R07A16V03_C_SDK_A_SDK/ql-sdk/ql-application/threadx/interface/soundbox//build/soundbox.lib(sb_audio_prompt_logic.o)
 .text.sb_logic_append_provider
                0x803253b8       0x28 D:/GitHub/LTE01R07A16V03_C_SDK_A_SDK/ql-sdk/ql-application/threadx/interface/soundbox//build/soundbox.lib(sb_audio_prompt_logic.o)
 .text.sb_logic_append_audio_file
                0x803253e0       0x28 D:/GitHub/LTE01R07A16V03_C_SDK_A_SDK/ql-sdk/ql-application/threadx/interface/soundbox//build/soundbox.lib(sb_audio_prompt_logic.o)
 .text.sb_logic_append_rupees_and_paise
                0x80325408       0xa0 D:/GitHub/LTE01R07A16V03_C_SDK_A_SDK/ql-sdk/ql-application/threadx/interface/soundbox//build/soundbox.lib(sb_audio_prompt_logic.o)
 .text.sb_audio_prompt_logic_build_common
                0x803254a8       0x3c D:/GitHub/LTE01R07A16V03_C_SDK_A_SDK/ql-sdk/ql-application/threadx/interface/soundbox//build/soundbox.lib(sb_audio_prompt_logic.o)
                0x803254a8                sb_audio_prompt_logic_build_common
 .text.sb_audio_prompt_logic_build_alert
                0x803254e4       0x40 D:/GitHub/LTE01R07A16V03_C_SDK_A_SDK/ql-sdk/ql-application/threadx/interface/soundbox//build/soundbox.lib(sb_audio_prompt_logic.o)
                0x803254e4                sb_audio_prompt_logic_build_alert
 .text.sb_audio_prompt_logic_build_health
                0x80325524       0x84 D:/GitHub/LTE01R07A16V03_C_SDK_A_SDK/ql-sdk/ql-application/threadx/interface/soundbox//build/soundbox.lib(sb_audio_prompt_logic.o)
                0x80325524                sb_audio_prompt_logic_build_health
 .text.sb_audio_prompt_logic_build_transaction_fallback
                0x803255a8       0x54 D:/GitHub/LTE01R07A16V03_C_SDK_A_SDK/ql-sdk/ql-application/threadx/interface/soundbox//build/soundbox.lib(sb_audio_prompt_logic.o)
                0x803255a8                sb_audio_prompt_logic_build_transaction_fallback
 .text.sb_audio_prompt_logic_build_transaction
                0x803255fc       0xd0 D:/GitHub/LTE01R07A16V03_C_SDK_A_SDK/ql-sdk/ql-application/threadx/interface/soundbox//build/soundbox.lib(sb_audio_prompt_logic.o)
                0x803255fc                sb_audio_prompt_logic_build_transaction
 .text.sb_audio_prompt_logic_build_last_transaction
                0x803256cc       0x68 D:/GitHub/LTE01R07A16V03_C_SDK_A_SDK/ql-sdk/ql-application/threadx/interface/soundbox//build/soundbox.lib(sb_audio_prompt_logic.o)
                0x803256cc                sb_audio_prompt_logic_build_last_transaction
 .text.sb_audio_prompt_logic_build_daily_summary
                0x80325734      0x134 D:/GitHub/LTE01R07A16V03_C_SDK_A_SDK/ql-sdk/ql-application/threadx/interface/soundbox//build/soundbox.lib(sb_audio_prompt_logic.o)
                0x80325734                sb_audio_prompt_logic_build_daily_summary
 .text.sb_audio_script_build_status
                0x80325868       0x74 D:/GitHub/LTE01R07A16V03_C_SDK_A_SDK/ql-sdk/ql-application/threadx/interface/soundbox//build/soundbox.lib(sb_audio_script.o)
                0x80325868                sb_audio_script_build_status
 .text.sb_audio_script_build_amount_received
                0x803258dc       0x18 D:/GitHub/LTE01R07A16V03_C_SDK_A_SDK/ql-sdk/ql-application/threadx/interface/soundbox//build/soundbox.lib(sb_audio_script.o)
                0x803258dc                sb_audio_script_build_amount_received
 .text.sb_es8311_write_reg
                0x803258f4       0x40 D:/GitHub/LTE01R07A16V03_C_SDK_A_SDK/ql-sdk/ql-application/threadx/interface/soundbox//build/soundbox.lib(sb_audio_codec_es8311.o)
 .text.sb_audio_codec_es8311_open
                0x80325934      0x250 D:/GitHub/LTE01R07A16V03_C_SDK_A_SDK/ql-sdk/ql-application/threadx/interface/soundbox//build/soundbox.lib(sb_audio_codec_es8311.o)
                0x80325934                sb_audio_codec_es8311_open
 .text.sb_audio_hal_mp3_event_cb
                0x80325b84       0x28 D:/GitHub/LTE01R07A16V03_C_SDK_A_SDK/ql-sdk/ql-application/threadx/interface/soundbox//build/soundbox.lib(sb_audio_hal.o)
 .text.sb_audio_hal_set_volume_percent
                0x80325bac       0x2c D:/GitHub/LTE01R07A16V03_C_SDK_A_SDK/ql-sdk/ql-application/threadx/interface/soundbox//build/soundbox.lib(sb_audio_hal.o)
                0x80325bac                sb_audio_hal_set_volume_percent
 .text.sb_audio_hal_init
                0x80325bd8       0xec D:/GitHub/LTE01R07A16V03_C_SDK_A_SDK/ql-sdk/ql-application/threadx/interface/soundbox//build/soundbox.lib(sb_audio_hal.o)
                0x80325bd8                sb_audio_hal_init
 .text.sb_audio_hal_play_mp3_file
                0x80325cc4      0x118 D:/GitHub/LTE01R07A16V03_C_SDK_A_SDK/ql-sdk/ql-application/threadx/interface/soundbox//build/soundbox.lib(sb_audio_hal.o)
                0x80325cc4                sb_audio_hal_play_mp3_file
 .text.sb_audio_hal_is_ready
                0x80325ddc        0xc D:/GitHub/LTE01R07A16V03_C_SDK_A_SDK/ql-sdk/ql-application/threadx/interface/soundbox//build/soundbox.lib(sb_audio_hal.o)
                0x80325ddc                sb_audio_hal_is_ready
 .text.sb_audio_post_event
                0x80325de8       0x38 D:/GitHub/LTE01R07A16V03_C_SDK_A_SDK/ql-sdk/ql-application/threadx/interface/soundbox//build/soundbox.lib(sb_audio_service.o)
 .text.sb_audio_service_enqueue
                0x80325e20       0x2c D:/GitHub/LTE01R07A16V03_C_SDK_A_SDK/ql-sdk/ql-application/threadx/interface/soundbox//build/soundbox.lib(sb_audio_service.o)
 .text.sb_audio_request_clear.part.0
                0x80325e4c       0x10 D:/GitHub/LTE01R07A16V03_C_SDK_A_SDK/ql-sdk/ql-application/threadx/interface/soundbox//build/soundbox.lib(sb_audio_service.o)
 .text.sb_audio_play_script
                0x80325e5c       0xe8 D:/GitHub/LTE01R07A16V03_C_SDK_A_SDK/ql-sdk/ql-application/threadx/interface/soundbox//build/soundbox.lib(sb_audio_service.o)
 .text.sb_audio_service_handle_request
                0x80325f44      0x190 D:/GitHub/LTE01R07A16V03_C_SDK_A_SDK/ql-sdk/ql-application/threadx/interface/soundbox//build/soundbox.lib(sb_audio_service.o)
 .text.sb_audio_task
                0x803260d4       0xe8 D:/GitHub/LTE01R07A16V03_C_SDK_A_SDK/ql-sdk/ql-application/threadx/interface/soundbox//build/soundbox.lib(sb_audio_service.o)
 .text.sb_audio_service_init
                0x803261bc       0x9c D:/GitHub/LTE01R07A16V03_C_SDK_A_SDK/ql-sdk/ql-application/threadx/interface/soundbox//build/soundbox.lib(sb_audio_service.o)
                0x803261bc                sb_audio_service_init
 .text.sb_audio_service_play_prompt
                0x80326258       0x44 D:/GitHub/LTE01R07A16V03_C_SDK_A_SDK/ql-sdk/ql-application/threadx/interface/soundbox//build/soundbox.lib(sb_audio_service.o)
                0x80326258                sb_audio_service_play_prompt
 .text.sb_audio_service_play_amount
                0x8032629c       0x44 D:/GitHub/LTE01R07A16V03_C_SDK_A_SDK/ql-sdk/ql-application/threadx/interface/soundbox//build/soundbox.lib(sb_audio_service.o)
                0x8032629c                sb_audio_service_play_amount
 .text.sb_audio_service_set_volume
                0x803262e0       0x4c D:/GitHub/LTE01R07A16V03_C_SDK_A_SDK/ql-sdk/ql-application/threadx/interface/soundbox//build/soundbox.lib(sb_audio_service.o)
                0x803262e0                sb_audio_service_set_volume
 .text.sb_audio_service_play_common
                0x8032632c       0x4c D:/GitHub/LTE01R07A16V03_C_SDK_A_SDK/ql-sdk/ql-application/threadx/interface/soundbox//build/soundbox.lib(sb_audio_service.o)
                0x8032632c                sb_audio_service_play_common
 .text.sb_audio_service_play_alert
                0x80326378       0x44 D:/GitHub/LTE01R07A16V03_C_SDK_A_SDK/ql-sdk/ql-application/threadx/interface/soundbox//build/soundbox.lib(sb_audio_service.o)
                0x80326378                sb_audio_service_play_alert
 .text.sb_audio_service_play_health
                0x803263bc       0x3c D:/GitHub/LTE01R07A16V03_C_SDK_A_SDK/ql-sdk/ql-application/threadx/interface/soundbox//build/soundbox.lib(sb_audio_service.o)
                0x803263bc                sb_audio_service_play_health
 .text.sb_audio_service_play_last_transaction
                0x803263f8       0x48 D:/GitHub/LTE01R07A16V03_C_SDK_A_SDK/ql-sdk/ql-application/threadx/interface/soundbox//build/soundbox.lib(sb_audio_service.o)
                0x803263f8                sb_audio_service_play_last_transaction
 .text.sb_audio_service_play_daily_summary
                0x80326440       0x38 D:/GitHub/LTE01R07A16V03_C_SDK_A_SDK/ql-sdk/ql-application/threadx/interface/soundbox//build/soundbox.lib(sb_audio_service.o)
                0x80326440                sb_audio_service_play_daily_summary
 .text.sb_config_sanitize
                0x80326478       0x5c D:/GitHub/LTE01R07A16V03_C_SDK_A_SDK/ql-sdk/ql-application/threadx/interface/soundbox//build/soundbox.lib(sb_config.o)
 .text.sb_config_lock
                0x803264d4       0x28 D:/GitHub/LTE01R07A16V03_C_SDK_A_SDK/ql-sdk/ql-application/threadx/interface/soundbox//build/soundbox.lib(sb_config.o)
 .text.sb_config_post_ready_event
                0x803264fc       0x30 D:/GitHub/LTE01R07A16V03_C_SDK_A_SDK/ql-sdk/ql-application/threadx/interface/soundbox//build/soundbox.lib(sb_config.o)
 .text.sb_config_validate_record
                0x8032652c       0x58 D:/GitHub/LTE01R07A16V03_C_SDK_A_SDK/ql-sdk/ql-application/threadx/interface/soundbox//build/soundbox.lib(sb_config.o)
 .text.sb_config_unlock
                0x80326584       0x14 D:/GitHub/LTE01R07A16V03_C_SDK_A_SDK/ql-sdk/ql-application/threadx/interface/soundbox//build/soundbox.lib(sb_config.o)
 .text.sb_config_make_defaults.part.0
                0x80326598       0x64 D:/GitHub/LTE01R07A16V03_C_SDK_A_SDK/ql-sdk/ql-application/threadx/interface/soundbox//build/soundbox.lib(sb_config.o)
 .text.sb_config_copy
                0x803265fc       0x14 D:/GitHub/LTE01R07A16V03_C_SDK_A_SDK/ql-sdk/ql-application/threadx/interface/soundbox//build/soundbox.lib(sb_config.o)
 .text.sb_config_prepare_record
                0x80326610       0x60 D:/GitHub/LTE01R07A16V03_C_SDK_A_SDK/ql-sdk/ql-application/threadx/interface/soundbox//build/soundbox.lib(sb_config.o)
 .text.sb_config_make_defaults
                0x80326670        0xc D:/GitHub/LTE01R07A16V03_C_SDK_A_SDK/ql-sdk/ql-application/threadx/interface/soundbox//build/soundbox.lib(sb_config.o)
                0x80326670                sb_config_make_defaults
 .text.sb_config_service_init
                0x8032667c      0x1fc D:/GitHub/LTE01R07A16V03_C_SDK_A_SDK/ql-sdk/ql-application/threadx/interface/soundbox//build/soundbox.lib(sb_config.o)
                0x8032667c                sb_config_service_init
 .text.sb_config_get
                0x80326878       0x4c D:/GitHub/LTE01R07A16V03_C_SDK_A_SDK/ql-sdk/ql-application/threadx/interface/soundbox//build/soundbox.lib(sb_config.o)
                0x80326878                sb_config_get
 .text.sb_config_commit
                0x803268c4       0xdc D:/GitHub/LTE01R07A16V03_C_SDK_A_SDK/ql-sdk/ql-application/threadx/interface/soundbox//build/soundbox.lib(sb_config.o)
                0x803268c4                sb_config_commit
 .text.sb_sim_service_check
                0x803269a0       0x40 D:/GitHub/LTE01R07A16V03_C_SDK_A_SDK/ql-sdk/ql-application/threadx/interface/soundbox//build/soundbox.lib(sb_sim_service.o)
                0x803269a0                sb_sim_service_check
 .text.sb_sim_status_name
                0x803269e0       0x18 D:/GitHub/LTE01R07A16V03_C_SDK_A_SDK/ql-sdk/ql-application/threadx/interface/soundbox//build/soundbox.lib(sb_sim_service.o)
                0x803269e0                sb_sim_status_name
 .text.sb_time_copy_server
                0x803269f8       0x38 D:/GitHub/LTE01R07A16V03_C_SDK_A_SDK/ql-sdk/ql-application/threadx/interface/soundbox//build/soundbox.lib(sb_time_service.o)
 .text.sb_time_rtc_is_valid
                0x80326a30       0x36 D:/GitHub/LTE01R07A16V03_C_SDK_A_SDK/ql-sdk/ql-application/threadx/interface/soundbox//build/soundbox.lib(sb_time_service.o)
 *fill*         0x80326a66        0x2 
 .text.sb_time_accept_rtc_fallback
                0x80326a68       0x88 D:/GitHub/LTE01R07A16V03_C_SDK_A_SDK/ql-sdk/ql-application/threadx/interface/soundbox//build/soundbox.lib(sb_time_service.o)
 .text.sb_time_ntp_callback
                0x80326af0       0x44 D:/GitHub/LTE01R07A16V03_C_SDK_A_SDK/ql-sdk/ql-application/threadx/interface/soundbox//build/soundbox.lib(sb_time_service.o)
 .text.sb_time_service_init
                0x80326b34       0x4c D:/GitHub/LTE01R07A16V03_C_SDK_A_SDK/ql-sdk/ql-application/threadx/interface/soundbox//build/soundbox.lib(sb_time_service.o)
                0x80326b34                sb_time_service_init
 .text.sb_time_get_rtc
                0x80326b80       0x3c D:/GitHub/LTE01R07A16V03_C_SDK_A_SDK/ql-sdk/ql-application/threadx/interface/soundbox//build/soundbox.lib(sb_time_service.o)
                0x80326b80                sb_time_get_rtc
 .text.sb_time_start_ntp_sync
                0x80326bbc       0xcc D:/GitHub/LTE01R07A16V03_C_SDK_A_SDK/ql-sdk/ql-application/threadx/interface/soundbox//build/soundbox.lib(sb_time_service.o)
                0x80326bbc                sb_time_start_ntp_sync
 .text.sb_network_status_update_online
                0x80326c88       0x40 D:/GitHub/LTE01R07A16V03_C_SDK_A_SDK/ql-sdk/ql-application/threadx/interface/soundbox//build/soundbox.lib(sb_network_service.o)
 .text.sb_network_status_set
                0x80326cc8       0x38 D:/GitHub/LTE01R07A16V03_C_SDK_A_SDK/ql-sdk/ql-application/threadx/interface/soundbox//build/soundbox.lib(sb_network_service.o)
 .text.sb_network_post_event
                0x80326d00       0x3c D:/GitHub/LTE01R07A16V03_C_SDK_A_SDK/ql-sdk/ql-application/threadx/interface/soundbox//build/soundbox.lib(sb_network_service.o)
 .text.sb_network_sample_csq
                0x80326d3c       0x7c D:/GitHub/LTE01R07A16V03_C_SDK_A_SDK/ql-sdk/ql-application/threadx/interface/soundbox//build/soundbox.lib(sb_network_service.o)
 .text.sb_network_task
                0x80326db8      0x2cc D:/GitHub/LTE01R07A16V03_C_SDK_A_SDK/ql-sdk/ql-application/threadx/interface/soundbox//build/soundbox.lib(sb_network_service.o)
 .text.sb_network_data_call_cb
                0x80327084       0x30 D:/GitHub/LTE01R07A16V03_C_SDK_A_SDK/ql-sdk/ql-application/threadx/interface/soundbox//build/soundbox.lib(sb_network_service.o)
 .text.sb_network_service_init
                0x803270b4       0xd4 D:/GitHub/LTE01R07A16V03_C_SDK_A_SDK/ql-sdk/ql-application/threadx/interface/soundbox//build/soundbox.lib(sb_network_service.o)
                0x803270b4                sb_network_service_init
 .text.sb_network_get_status
                0x80327188       0x44 D:/GitHub/LTE01R07A16V03_C_SDK_A_SDK/ql-sdk/ql-application/threadx/interface/soundbox//build/soundbox.lib(sb_network_service.o)
                0x80327188                sb_network_get_status
 .text.sb_cloud_str_len
                0x803271cc       0x12 D:/GitHub/LTE01R07A16V03_C_SDK_A_SDK/ql-sdk/ql-application/threadx/interface/soundbox//build/soundbox.lib(sb_cloud_utils.o)
                0x803271cc                sb_cloud_str_len
 .text.sb_cloud_copy_string
                0x803271de       0x26 D:/GitHub/LTE01R07A16V03_C_SDK_A_SDK/ql-sdk/ql-application/threadx/interface/soundbox//build/soundbox.lib(sb_cloud_utils.o)
                0x803271de                sb_cloud_copy_string
 .text.sb_cloud_append_string
                0x80327204       0x4c D:/GitHub/LTE01R07A16V03_C_SDK_A_SDK/ql-sdk/ql-application/threadx/interface/soundbox//build/soundbox.lib(sb_cloud_utils.o)
                0x80327204                sb_cloud_append_string
 .text.sb_cloud_append_u32
                0x80327250       0x78 D:/GitHub/LTE01R07A16V03_C_SDK_A_SDK/ql-sdk/ql-application/threadx/interface/soundbox//build/soundbox.lib(sb_cloud_utils.o)
                0x80327250                sb_cloud_append_u32
 .text.sb_cloud_append_json_string
                0x803272c8       0x78 D:/GitHub/LTE01R07A16V03_C_SDK_A_SDK/ql-sdk/ql-application/threadx/interface/soundbox//build/soundbox.lib(sb_cloud_utils.o)
                0x803272c8                sb_cloud_append_json_string
 .text.sb_cloud_has_prefix
                0x80327340       0x1e D:/GitHub/LTE01R07A16V03_C_SDK_A_SDK/ql-sdk/ql-application/threadx/interface/soundbox//build/soundbox.lib(sb_cloud_utils.o)
                0x80327340                sb_cloud_has_prefix
 .text.sb_cloud_text_equal
                0x8032735e       0x28 D:/GitHub/LTE01R07A16V03_C_SDK_A_SDK/ql-sdk/ql-application/threadx/interface/soundbox//build/soundbox.lib(sb_cloud_utils.o)
                0x8032735e                sb_cloud_text_equal
 .text.sb_cloud_find
                0x80327386       0x34 D:/GitHub/LTE01R07A16V03_C_SDK_A_SDK/ql-sdk/ql-application/threadx/interface/soundbox//build/soundbox.lib(sb_cloud_utils.o)
                0x80327386                sb_cloud_find
 *fill*         0x803273ba        0x2 
 .text.sb_default_cert_write_file
                0x803273bc       0xbc D:/GitHub/LTE01R07A16V03_C_SDK_A_SDK/ql-sdk/ql-application/threadx/interface/soundbox//build/soundbox.lib(sb_default_certs.o)
 .text.sb_default_cert_log_status
                0x80327478       0x34 D:/GitHub/LTE01R07A16V03_C_SDK_A_SDK/ql-sdk/ql-application/threadx/interface/soundbox//build/soundbox.lib(sb_default_certs.o)
 .text.sb_default_certs_ensure_mqtt_files
                0x803274ac       0x7c D:/GitHub/LTE01R07A16V03_C_SDK_A_SDK/ql-sdk/ql-application/threadx/interface/soundbox//build/soundbox.lib(sb_default_certs.o)
                0x803274ac                sb_default_certs_ensure_mqtt_files
 .text.sb_demo_get_imei
                0x80327528       0x44 D:/GitHub/LTE01R07A16V03_C_SDK_A_SDK/ql-sdk/ql-application/threadx/interface/soundbox//build/soundbox.lib(sb_demo_profile.o)
                0x80327528                sb_demo_get_imei
 .text.sb_demo_expand_text
                0x8032756c       0xbc D:/GitHub/LTE01R07A16V03_C_SDK_A_SDK/ql-sdk/ql-application/threadx/interface/soundbox//build/soundbox.lib(sb_demo_profile.o)
                0x8032756c                sb_demo_expand_text
 .text.sb_demo_expand_field
                0x80327628       0x2c D:/GitHub/LTE01R07A16V03_C_SDK_A_SDK/ql-sdk/ql-application/threadx/interface/soundbox//build/soundbox.lib(sb_demo_profile.o)
 .text.sb_demo_apply_config_defaults
                0x80327654       0xa0 D:/GitHub/LTE01R07A16V03_C_SDK_A_SDK/ql-sdk/ql-application/threadx/interface/soundbox//build/soundbox.lib(sb_demo_profile.o)
                0x80327654                sb_demo_apply_config_defaults
 .text.sb_demo_expand_config_runtime
                0x803276f4       0x3c D:/GitHub/LTE01R07A16V03_C_SDK_A_SDK/ql-sdk/ql-application/threadx/interface/soundbox//build/soundbox.lib(sb_demo_profile.o)
                0x803276f4                sb_demo_expand_config_runtime
 .text.sb_mqtt_tls_file_ready
                0x80327730       0x60 D:/GitHub/LTE01R07A16V03_C_SDK_A_SDK/ql-sdk/ql-application/threadx/interface/soundbox//build/soundbox.lib(sb_mqtt_service.o)
 .text.sb_mqtt_status_set
                0x80327790       0x40 D:/GitHub/LTE01R07A16V03_C_SDK_A_SDK/ql-sdk/ql-application/threadx/interface/soundbox//build/soundbox.lib(sb_mqtt_service.o)
 .text.sb_mqtt_status_count_reconnect
                0x803277d0       0x38 D:/GitHub/LTE01R07A16V03_C_SDK_A_SDK/ql-sdk/ql-application/threadx/interface/soundbox//build/soundbox.lib(sb_mqtt_service.o)
 .text.sb_mqtt_post_event
                0x80327808       0x38 D:/GitHub/LTE01R07A16V03_C_SDK_A_SDK/ql-sdk/ql-application/threadx/interface/soundbox//build/soundbox.lib(sb_mqtt_service.o)
 .text.sb_mqtt_publish_now
                0x80327840       0x94 D:/GitHub/LTE01R07A16V03_C_SDK_A_SDK/ql-sdk/ql-application/threadx/interface/soundbox//build/soundbox.lib(sb_mqtt_service.o)
 .text.sb_mqtt_publish_periodic_health
                0x803278d4       0x70 D:/GitHub/LTE01R07A16V03_C_SDK_A_SDK/ql-sdk/ql-application/threadx/interface/soundbox//build/soundbox.lib(sb_mqtt_service.o)
 .text.sb_mqtt_zero.part.0
                0x80327944        0xe D:/GitHub/LTE01R07A16V03_C_SDK_A_SDK/ql-sdk/ql-application/threadx/interface/soundbox//build/soundbox.lib(sb_mqtt_service.o)
 *fill*         0x80327952        0x2 
 .text.sb_mqtt_pool_free.part.0
                0x80327954       0x34 D:/GitHub/LTE01R07A16V03_C_SDK_A_SDK/ql-sdk/ql-application/threadx/interface/soundbox//build/soundbox.lib(sb_mqtt_service.o)
 .text.sb_mqtt_pool_alloc.constprop.0
                0x80327988       0x50 D:/GitHub/LTE01R07A16V03_C_SDK_A_SDK/ql-sdk/ql-application/threadx/interface/soundbox//build/soundbox.lib(sb_mqtt_service.o)
 .text.sb_mqtt_drain_publish_queue
                0x803279d8       0xa0 D:/GitHub/LTE01R07A16V03_C_SDK_A_SDK/ql-sdk/ql-application/threadx/interface/soundbox//build/soundbox.lib(sb_mqtt_service.o)
 .text.sb_mqtt_task
                0x80327a78      0x460 D:/GitHub/LTE01R07A16V03_C_SDK_A_SDK/ql-sdk/ql-application/threadx/interface/soundbox//build/soundbox.lib(sb_mqtt_service.o)
 .text.sb_mqtt_message_arrived
                0x80327ed8      0x198 D:/GitHub/LTE01R07A16V03_C_SDK_A_SDK/ql-sdk/ql-application/threadx/interface/soundbox//build/soundbox.lib(sb_mqtt_service.o)
 .text.sb_mqtt_service_init
                0x80328070       0xfc D:/GitHub/LTE01R07A16V03_C_SDK_A_SDK/ql-sdk/ql-application/threadx/interface/soundbox//build/soundbox.lib(sb_mqtt_service.o)
                0x80328070                sb_mqtt_service_init
 .text.sb_mqtt_service_publish
                0x8032816c       0xf0 D:/GitHub/LTE01R07A16V03_C_SDK_A_SDK/ql-sdk/ql-application/threadx/interface/soundbox//build/soundbox.lib(sb_mqtt_service.o)
                0x8032816c                sb_mqtt_service_publish
 .text.sb_mqtt_service_receive
                0x8032825c       0x70 D:/GitHub/LTE01R07A16V03_C_SDK_A_SDK/ql-sdk/ql-application/threadx/interface/soundbox//build/soundbox.lib(sb_mqtt_service.o)
                0x8032825c                sb_mqtt_service_receive
 .text.sb_mqtt_get_status
                0x803282cc       0x44 D:/GitHub/LTE01R07A16V03_C_SDK_A_SDK/ql-sdk/ql-application/threadx/interface/soundbox//build/soundbox.lib(sb_mqtt_service.o)
                0x803282cc                sb_mqtt_get_status
 .text.sb_mqtt_state_name
                0x80328310       0x18 D:/GitHub/LTE01R07A16V03_C_SDK_A_SDK/ql-sdk/ql-application/threadx/interface/soundbox//build/soundbox.lib(sb_mqtt_service.o)
                0x80328310                sb_mqtt_state_name
 .text.sb_http_set_state
                0x80328328       0x48 D:/GitHub/LTE01R07A16V03_C_SDK_A_SDK/ql-sdk/ql-application/threadx/interface/soundbox//build/soundbox.lib(sb_http_service.o)
 .text.sb_http_post_event
                0x80328370       0x38 D:/GitHub/LTE01R07A16V03_C_SDK_A_SDK/ql-sdk/ql-application/threadx/interface/soundbox//build/soundbox.lib(sb_http_service.o)
 .text.sb_http_response_cb
                0x803283a8       0x64 D:/GitHub/LTE01R07A16V03_C_SDK_A_SDK/ql-sdk/ql-application/threadx/interface/soundbox//build/soundbox.lib(sb_http_service.o)
 .text.sb_http_registration_cycle
                0x8032840c      0x298 D:/GitHub/LTE01R07A16V03_C_SDK_A_SDK/ql-sdk/ql-application/threadx/interface/soundbox//build/soundbox.lib(sb_http_service.o)
 .text.sb_http_task
                0x803286a4       0xf0 D:/GitHub/LTE01R07A16V03_C_SDK_A_SDK/ql-sdk/ql-application/threadx/interface/soundbox//build/soundbox.lib(sb_http_service.o)
 .text.sb_http_state_name
                0x80328794       0x1c D:/GitHub/LTE01R07A16V03_C_SDK_A_SDK/ql-sdk/ql-application/threadx/interface/soundbox//build/soundbox.lib(sb_http_service.o)
                0x80328794                sb_http_state_name
 .text.sb_http_get_status
                0x803287b0       0x44 D:/GitHub/LTE01R07A16V03_C_SDK_A_SDK/ql-sdk/ql-application/threadx/interface/soundbox//build/soundbox.lib(sb_http_service.o)
                0x803287b0                sb_http_get_status
 .text.sb_http_service_init
                0x803287f4       0x8c D:/GitHub/LTE01R07A16V03_C_SDK_A_SDK/ql-sdk/ql-application/threadx/interface/soundbox//build/soundbox.lib(sb_http_service.o)
                0x803287f4                sb_http_service_init
 .text.sb_json_find_key.part.0
                0x80328880       0x3e D:/GitHub/LTE01R07A16V03_C_SDK_A_SDK/ql-sdk/ql-application/threadx/interface/soundbox//build/soundbox.lib(sb_json.o)
 *fill*         0x803288be        0x2 
 .text.sb_json_skip_to_value.part.0
                0x803288c0       0x48 D:/GitHub/LTE01R07A16V03_C_SDK_A_SDK/ql-sdk/ql-application/threadx/interface/soundbox//build/soundbox.lib(sb_json.o)
 .text.sb_json_get_string
                0x80328908       0x70 D:/GitHub/LTE01R07A16V03_C_SDK_A_SDK/ql-sdk/ql-application/threadx/interface/soundbox//build/soundbox.lib(sb_json.o)
                0x80328908                sb_json_get_string
 .text.sb_json_get_u64
                0x80328978       0x70 D:/GitHub/LTE01R07A16V03_C_SDK_A_SDK/ql-sdk/ql-application/threadx/interface/soundbox//build/soundbox.lib(sb_json.o)
                0x80328978                sb_json_get_u64
 .text.sb_json_get_amount_paise
                0x803289e8      0x10c D:/GitHub/LTE01R07A16V03_C_SDK_A_SDK/ql-sdk/ql-application/threadx/interface/soundbox//build/soundbox.lib(sb_json.o)
                0x803289e8                sb_json_get_amount_paise
 .text.sb_ledger_init_defaults
                0x80328af4       0x2c D:/GitHub/LTE01R07A16V03_C_SDK_A_SDK/ql-sdk/ql-application/threadx/interface/soundbox//build/soundbox.lib(sb_transaction_ledger.o)
 .text.sb_ledger_save
                0x80328b20       0x3c D:/GitHub/LTE01R07A16V03_C_SDK_A_SDK/ql-sdk/ql-application/threadx/interface/soundbox//build/soundbox.lib(sb_transaction_ledger.o)
 .text.sb_transaction_date_from_rtc
                0x80328b5c       0x18 D:/GitHub/LTE01R07A16V03_C_SDK_A_SDK/ql-sdk/ql-application/threadx/interface/soundbox//build/soundbox.lib(sb_transaction_ledger.o)
                0x80328b5c                sb_transaction_date_from_rtc
 .text.sb_transaction_time_from_rtc
                0x80328b74       0x18 D:/GitHub/LTE01R07A16V03_C_SDK_A_SDK/ql-sdk/ql-application/threadx/interface/soundbox//build/soundbox.lib(sb_transaction_ledger.o)
                0x80328b74                sb_transaction_time_from_rtc
 .text.sb_transaction_ledger_init
                0x80328b8c       0xac D:/GitHub/LTE01R07A16V03_C_SDK_A_SDK/ql-sdk/ql-application/threadx/interface/soundbox//build/soundbox.lib(sb_transaction_ledger.o)
                0x80328b8c                sb_transaction_ledger_init
 .text.sb_transaction_ledger_reset_daily_if_needed
                0x80328c38       0x60 D:/GitHub/LTE01R07A16V03_C_SDK_A_SDK/ql-sdk/ql-application/threadx/interface/soundbox//build/soundbox.lib(sb_transaction_ledger.o)
                0x80328c38                sb_transaction_ledger_reset_daily_if_needed
 .text.sb_transaction_ledger_add
                0x80328c98      0x104 D:/GitHub/LTE01R07A16V03_C_SDK_A_SDK/ql-sdk/ql-application/threadx/interface/soundbox//build/soundbox.lib(sb_transaction_ledger.o)
                0x80328c98                sb_transaction_ledger_add
 .text.sb_transaction_ledger_get_last
                0x80328d9c       0x7c D:/GitHub/LTE01R07A16V03_C_SDK_A_SDK/ql-sdk/ql-application/threadx/interface/soundbox//build/soundbox.lib(sb_transaction_ledger.o)
                0x80328d9c                sb_transaction_ledger_get_last
 .text.sb_transaction_ledger_get_daily
                0x80328e18       0x44 D:/GitHub/LTE01R07A16V03_C_SDK_A_SDK/ql-sdk/ql-application/threadx/interface/soundbox//build/soundbox.lib(sb_transaction_ledger.o)
                0x80328e18                sb_transaction_ledger_get_daily
 .text.sb_payment_read_compat_token
                0x80328e5c       0x56 D:/GitHub/LTE01R07A16V03_C_SDK_A_SDK/ql-sdk/ql-application/threadx/interface/soundbox//build/soundbox.lib(sb_payment_processor.o)
 *fill*         0x80328eb2        0x2 
 .text.sb_payment_post_event
                0x80328eb4       0x38 D:/GitHub/LTE01R07A16V03_C_SDK_A_SDK/ql-sdk/ql-application/threadx/interface/soundbox//build/soundbox.lib(sb_payment_processor.o)
 .text.sb_payment_u32_to_hex.part.0
                0x80328eec       0x28 D:/GitHub/LTE01R07A16V03_C_SDK_A_SDK/ql-sdk/ql-application/threadx/interface/soundbox//build/soundbox.lib(sb_payment_processor.o)
 .text.sb_payment_publish_ack
                0x80328f14       0x88 D:/GitHub/LTE01R07A16V03_C_SDK_A_SDK/ql-sdk/ql-application/threadx/interface/soundbox//build/soundbox.lib(sb_payment_processor.o)
 .text.sb_payment_provider_from_text
                0x80328f9c       0x88 D:/GitHub/LTE01R07A16V03_C_SDK_A_SDK/ql-sdk/ql-application/threadx/interface/soundbox//build/soundbox.lib(sb_payment_processor.o)
                0x80328f9c                sb_payment_provider_from_text
 .text.sb_payment_processor_init
                0x80329024       0x3c D:/GitHub/LTE01R07A16V03_C_SDK_A_SDK/ql-sdk/ql-application/threadx/interface/soundbox//build/soundbox.lib(sb_payment_processor.o)
                0x80329024                sb_payment_processor_init
 .text.sb_payment_processor_handle_message
                0x80329060      0x380 D:/GitHub/LTE01R07A16V03_C_SDK_A_SDK/ql-sdk/ql-application/threadx/interface/soundbox//build/soundbox.lib(sb_payment_processor.o)
                0x80329060                sb_payment_processor_handle_message
 .text.sb_command_post_event
                0x803293e0       0x34 D:/GitHub/LTE01R07A16V03_C_SDK_A_SDK/ql-sdk/ql-application/threadx/interface/soundbox//build/soundbox.lib(sb_command_dispatcher.o)
 .text.sb_command_send_response.part.0
                0x80329414       0xa8 D:/GitHub/LTE01R07A16V03_C_SDK_A_SDK/ql-sdk/ql-application/threadx/interface/soundbox//build/soundbox.lib(sb_command_dispatcher.o)
 .text.sb_command_dispatcher_init
                0x803294bc       0x3c D:/GitHub/LTE01R07A16V03_C_SDK_A_SDK/ql-sdk/ql-application/threadx/interface/soundbox//build/soundbox.lib(sb_command_dispatcher.o)
                0x803294bc                sb_command_dispatcher_init
 .text.sb_command_dispatcher_handle_message
                0x803294f8      0x1c8 D:/GitHub/LTE01R07A16V03_C_SDK_A_SDK/ql-sdk/ql-application/threadx/interface/soundbox//build/soundbox.lib(sb_command_dispatcher.o)
                0x803294f8                sb_command_dispatcher_handle_message
 .text.sb_business_append_checked
                0x803296c0        0xc D:/GitHub/LTE01R07A16V03_C_SDK_A_SDK/ql-sdk/ql-application/threadx/interface/soundbox//build/soundbox.lib(sb_business_service.o)
 .text.sb_business_language
                0x803296cc       0x10 D:/GitHub/LTE01R07A16V03_C_SDK_A_SDK/ql-sdk/ql-application/threadx/interface/soundbox//build/soundbox.lib(sb_business_service.o)
 .text.sb_business_post_event
                0x803296dc       0x38 D:/GitHub/LTE01R07A16V03_C_SDK_A_SDK/ql-sdk/ql-application/threadx/interface/soundbox//build/soundbox.lib(sb_business_service.o)
 .text.sb_business_handle_volume
                0x80329714       0xfc D:/GitHub/LTE01R07A16V03_C_SDK_A_SDK/ql-sdk/ql-application/threadx/interface/soundbox//build/soundbox.lib(sb_business_service.o)
 .text.sb_business_task
                0x80329810       0x7c D:/GitHub/LTE01R07A16V03_C_SDK_A_SDK/ql-sdk/ql-application/threadx/interface/soundbox//build/soundbox.lib(sb_business_service.o)
 .text.sb_business_service_handle_key_edge
                0x8032988c      0x1ac D:/GitHub/LTE01R07A16V03_C_SDK_A_SDK/ql-sdk/ql-application/threadx/interface/soundbox//build/soundbox.lib(sb_business_service.o)
                0x8032988c                sb_business_service_handle_key_edge
 .text.sb_business_service_build_health_payload
                0x80329a38      0x184 D:/GitHub/LTE01R07A16V03_C_SDK_A_SDK/ql-sdk/ql-application/threadx/interface/soundbox//build/soundbox.lib(sb_business_service.o)
                0x80329a38                sb_business_service_build_health_payload
 .text.sb_business_service_init
                0x80329bbc       0xb0 D:/GitHub/LTE01R07A16V03_C_SDK_A_SDK/ql-sdk/ql-application/threadx/interface/soundbox//build/soundbox.lib(sb_business_service.o)
                0x80329bbc                sb_business_service_init
 .text.sb_mode_save_locked
                0x80329c6c       0x44 D:/GitHub/LTE01R07A16V03_C_SDK_A_SDK/ql-sdk/ql-application/threadx/interface/soundbox//build/soundbox.lib(sb_mode_service.o)
 .text.sb_mode_name
                0x80329cb0       0x24 D:/GitHub/LTE01R07A16V03_C_SDK_A_SDK/ql-sdk/ql-application/threadx/interface/soundbox//build/soundbox.lib(sb_mode_service.o)
                0x80329cb0                sb_mode_name
 .text.sb_mode_service_init
                0x80329cd4       0xac D:/GitHub/LTE01R07A16V03_C_SDK_A_SDK/ql-sdk/ql-application/threadx/interface/soundbox//build/soundbox.lib(sb_mode_service.o)
                0x80329cd4                sb_mode_service_init
 .text.sb_mode_get
                0x80329d80       0x3c D:/GitHub/LTE01R07A16V03_C_SDK_A_SDK/ql-sdk/ql-application/threadx/interface/soundbox//build/soundbox.lib(sb_mode_service.o)
                0x80329d80                sb_mode_get
 .text.sb_mode_set
                0x80329dbc       0x48 D:/GitHub/LTE01R07A16V03_C_SDK_A_SDK/ql-sdk/ql-application/threadx/interface/soundbox//build/soundbox.lib(sb_mode_service.o)
                0x80329dbc                sb_mode_set
 .text.sb_mode_factory_access_allowed
                0x80329e04       0x24 D:/GitHub/LTE01R07A16V03_C_SDK_A_SDK/ql-sdk/ql-application/threadx/interface/soundbox//build/soundbox.lib(sb_mode_service.o)
                0x80329e04                sb_mode_factory_access_allowed
 .text.sb_factory_reply_status_u32
                0x80329e28       0x64 D:/GitHub/LTE01R07A16V03_C_SDK_A_SDK/ql-sdk/ql-application/threadx/interface/soundbox//build/soundbox.lib(sb_factory_diag.o)
 .text.sb_factory_reply_status
                0x80329e8c       0x74 D:/GitHub/LTE01R07A16V03_C_SDK_A_SDK/ql-sdk/ql-application/threadx/interface/soundbox//build/soundbox.lib(sb_factory_diag.o)
 .text.sb_factory_commit_config_from_json
                0x80329f00      0x168 D:/GitHub/LTE01R07A16V03_C_SDK_A_SDK/ql-sdk/ql-application/threadx/interface/soundbox//build/soundbox.lib(sb_factory_diag.o)
 .text.sb_factory_file_close_upload
                0x8032a068       0x28 D:/GitHub/LTE01R07A16V03_C_SDK_A_SDK/ql-sdk/ql-application/threadx/interface/soundbox//build/soundbox.lib(sb_factory_diag.o)
 .text.sb_factory_zero_buffer.part.0
                0x8032a090        0xe D:/GitHub/LTE01R07A16V03_C_SDK_A_SDK/ql-sdk/ql-application/threadx/interface/soundbox//build/soundbox.lib(sb_factory_diag.o)
 *fill*         0x8032a09e        0x2 
 .text.sb_factory_reply_diag
                0x8032a0a0      0x124 D:/GitHub/LTE01R07A16V03_C_SDK_A_SDK/ql-sdk/ql-application/threadx/interface/soundbox//build/soundbox.lib(sb_factory_diag.o)
 .text.sb_factory_hex_value
                0x8032a1c4       0x2a D:/GitHub/LTE01R07A16V03_C_SDK_A_SDK/ql-sdk/ql-application/threadx/interface/soundbox//build/soundbox.lib(sb_factory_diag.o)
 *fill*         0x8032a1ee        0x2 
 .text.sb_factory_file_chunk_from_json
                0x8032a1f0      0x1d0 D:/GitHub/LTE01R07A16V03_C_SDK_A_SDK/ql-sdk/ql-application/threadx/interface/soundbox//build/soundbox.lib(sb_factory_diag.o)
 .text.sb_factory_file_begin_from_json
                0x8032a3c0      0x2ac D:/GitHub/LTE01R07A16V03_C_SDK_A_SDK/ql-sdk/ql-application/threadx/interface/soundbox//build/soundbox.lib(sb_factory_diag.o)
 .text.sb_factory_diag_sms_sender_allowed
                0x8032a66c       0x80 D:/GitHub/LTE01R07A16V03_C_SDK_A_SDK/ql-sdk/ql-application/threadx/interface/soundbox//build/soundbox.lib(sb_factory_diag.o)
                0x8032a66c                sb_factory_diag_sms_sender_allowed
 .text.sb_factory_diag_init
                0x8032a6ec       0x4c D:/GitHub/LTE01R07A16V03_C_SDK_A_SDK/ql-sdk/ql-application/threadx/interface/soundbox//build/soundbox.lib(sb_factory_diag.o)
                0x8032a6ec                sb_factory_diag_init
 .text.sb_factory_diag_dispatch_json
                0x8032a738      0x754 D:/GitHub/LTE01R07A16V03_C_SDK_A_SDK/ql-sdk/ql-application/threadx/interface/soundbox//build/soundbox.lib(sb_factory_diag.o)
                0x8032a738                sb_factory_diag_dispatch_json
 .text.sb_serial_post_event
                0x8032ae8c       0x34 D:/GitHub/LTE01R07A16V03_C_SDK_A_SDK/ql-sdk/ql-application/threadx/interface/soundbox//build/soundbox.lib(sb_serial_service.o)
 .text.sb_serial_task
                0x8032aec0      0x124 D:/GitHub/LTE01R07A16V03_C_SDK_A_SDK/ql-sdk/ql-application/threadx/interface/soundbox//build/soundbox.lib(sb_serial_service.o)
 .text.sb_serial_uart_cb.part.0
                0x8032afe4      0x14c D:/GitHub/LTE01R07A16V03_C_SDK_A_SDK/ql-sdk/ql-application/threadx/interface/soundbox//build/soundbox.lib(sb_serial_service.o)
 .text.sb_serial_uart_cb
                0x8032b130       0x18 D:/GitHub/LTE01R07A16V03_C_SDK_A_SDK/ql-sdk/ql-application/threadx/interface/soundbox//build/soundbox.lib(sb_serial_service.o)
 .text.sb_serial_service_init
                0x8032b148      0x130 D:/GitHub/LTE01R07A16V03_C_SDK_A_SDK/ql-sdk/ql-application/threadx/interface/soundbox//build/soundbox.lib(sb_serial_service.o)
                0x8032b148                sb_serial_service_init
 .text.sb_sms_post_event
                0x8032b278       0x38 D:/GitHub/LTE01R07A16V03_C_SDK_A_SDK/ql-sdk/ql-application/threadx/interface/soundbox//build/soundbox.lib(sb_sms_service.o)
 .text.sb_sms_task
                0x8032b2b0      0x128 D:/GitHub/LTE01R07A16V03_C_SDK_A_SDK/ql-sdk/ql-application/threadx/interface/soundbox//build/soundbox.lib(sb_sms_service.o)
 .text.sb_sms_event_handler
                0x8032b3d8       0x3c D:/GitHub/LTE01R07A16V03_C_SDK_A_SDK/ql-sdk/ql-application/threadx/interface/soundbox//build/soundbox.lib(sb_sms_service.o)
 .text.sb_sms_service_init
                0x8032b414       0xf4 D:/GitHub/LTE01R07A16V03_C_SDK_A_SDK/ql-sdk/ql-application/threadx/interface/soundbox//build/soundbox.lib(sb_sms_service.o)
                0x8032b414                sb_sms_service_init
 .text.appStartupTask
                0x8032b508       0x28 common/lib/ql_common_api.lib(ql_main.o)
 .text.kernelStartupTask
                0x8032b530       0x18 common/lib/ql_common_api.lib(ql_main.o)
 .text.appRegTableQuickSort.constprop.0
                0x8032b548       0xa0 common/lib/ql_common_api.lib(ql_main.o)
 .text.ql_main  0x8032b5e8       0x90 common/lib/ql_common_api.lib(ql_main.o)
 .text.userKernelTableQuickSort.constprop.0
                0x8032b678       0xa0 common/lib/ql_common_api.lib(ql_main.o)
 .text.ql_kernel
                0x8032b718       0x7c common/lib/ql_common_api.lib(ql_main.o)
 .text.userBootTableQuickSort.constprop.0
                0x8032b794       0x90 common/lib/ql_common_api.lib(ql_main.o)
 .text.ql_boot  0x8032b824       0xa8 common/lib/ql_common_api.lib(ql_main.o)
 .text.ql_adc_init
                0x8032b8cc       0x30 common/lib/ql_common_api.lib(ql_adc.o)
                0x8032b8cc                ql_adc_init
 .text.ql_adc_read
                0x8032b8fc       0x3c common/lib/ql_common_api.lib(ql_adc.o)
                0x8032b8fc                ql_adc_read
 .text.ql_get_audio_state
                0x8032b938       0x30 common/lib/ql_common_api.lib(ql_audio.o)
                0x8032b938                ql_get_audio_state
 .text.ql_set_volume
                0x8032b968       0x30 common/lib/ql_common_api.lib(ql_audio.o)
                0x8032b968                ql_set_volume
 .text.ql_codec_choose
                0x8032b998       0x38 common/lib/ql_common_api.lib(ql_audio.o)
                0x8032b998                ql_codec_choose
 .text.ql_play_mp3
                0x8032b9d0       0x40 common/lib/ql_common_api.lib(ql_audio.o)
                0x8032b9d0                ql_play_mp3
 .text.ql_stop_mp3_play
                0x8032ba10       0x3c common/lib/ql_common_api.lib(ql_audio.o)
                0x8032ba10                ql_stop_mp3_play
 .text.ql_start_data_call
                0x8032ba4c       0x54 common/lib/ql_common_api.lib(ql_data_call.o)
                0x8032ba4c                ql_start_data_call
 .text.ql_set_auto_connect
                0x8032baa0       0x3c common/lib/ql_common_api.lib(ql_data_call.o)
                0x8032baa0                ql_set_auto_connect
 .text.ql_get_data_call_info
                0x8032badc       0x40 common/lib/ql_common_api.lib(ql_data_call.o)
                0x8032badc                ql_get_data_call_info
 .text.ql_network_register_wait
                0x8032bb1c       0x34 common/lib/ql_common_api.lib(ql_data_call.o)
                0x8032bb1c                ql_network_register_wait
 .text.ql_set_data_call_asyn_mode
                0x8032bb50       0x3c common/lib/ql_common_api.lib(ql_data_call.o)
                0x8032bb50                ql_set_data_call_asyn_mode
 .text.ql_dev_get_imei
                0x8032bb8c       0x38 common/lib/ql_common_api.lib(ql_dev.o)
                0x8032bb8c                ql_dev_get_imei
 .text.ql_fs_mount
                0x8032bbc4       0x34 common/lib/ql_common_api.lib(ql_fs.o)
                0x8032bbc4                ql_fs_mount
 .text.ql_fs_size
                0x8032bbf8       0x34 common/lib/ql_common_api.lib(ql_fs.o)
                0x8032bbf8                ql_fs_size
 .text.ql_fs_used_size
                0x8032bc2c       0x34 common/lib/ql_common_api.lib(ql_fs.o)
                0x8032bc2c                ql_fs_used_size
 .text.ql_fs_free_size
                0x8032bc60       0x34 common/lib/ql_common_api.lib(ql_fs.o)
                0x8032bc60                ql_fs_free_size
 .text.ql_fopen
                0x8032bc94       0x38 common/lib/ql_common_api.lib(ql_fs.o)
                0x8032bc94                ql_fopen
 .text.ql_fclose
                0x8032bccc       0x34 common/lib/ql_common_api.lib(ql_fs.o)
                0x8032bccc                ql_fclose
 .text.ql_fsync
                0x8032bd00       0x34 common/lib/ql_common_api.lib(ql_fs.o)
                0x8032bd00                ql_fsync
 .text.ql_fread
                0x8032bd34       0x44 common/lib/ql_common_api.lib(ql_fs.o)
                0x8032bd34                ql_fread
 .text.ql_fwrite
                0x8032bd78       0x44 common/lib/ql_common_api.lib(ql_fs.o)
                0x8032bd78                ql_fwrite
 .text.ql_mkdir
                0x8032bdbc       0x3c common/lib/ql_common_api.lib(ql_fs.o)
                0x8032bdbc                ql_mkdir
 .text.ql_remove
                0x8032bdf8       0x34 common/lib/ql_common_api.lib(ql_fs.o)
                0x8032bdf8                ql_remove
 .text.ql_rename
                0x8032be2c       0x3c common/lib/ql_common_api.lib(ql_fs.o)
                0x8032be2c                ql_rename
 .text.ql_access
                0x8032be68       0x3c common/lib/ql_common_api.lib(ql_fs.o)
                0x8032be68                ql_access
 .text.ql_gpio_init
                0x8032bea4       0x44 common/lib/ql_common_api.lib(ql_gpio.o)
                0x8032bea4                ql_gpio_init
 .text.ql_gpio_set_level
                0x8032bee8       0x3c common/lib/ql_common_api.lib(ql_gpio.o)
                0x8032bee8                ql_gpio_set_level
 .text.ql_gpio_get_level
                0x8032bf24       0x3c common/lib/ql_common_api.lib(ql_gpio.o)
                0x8032bf24                ql_gpio_get_level
 .text.ql_eint_register
                0x8032bf60       0x4c common/lib/ql_common_api.lib(ql_gpio.o)
                0x8032bf60                ql_eint_register
 .text.ql_eint_enable
                0x8032bfac       0x3c common/lib/ql_common_api.lib(ql_gpio.o)
                0x8032bfac                ql_eint_enable
 .text.ql_eint_disable
                0x8032bfe8       0x34 common/lib/ql_common_api.lib(ql_gpio.o)
                0x8032bfe8                ql_eint_disable
 .text.ql_i2c_init
                0x8032c01c       0x3c common/lib/ql_common_api.lib(ql_iic.o)
                0x8032c01c                ql_i2c_init
 .text.ql_i2c_write
                0x8032c058       0x4c common/lib/ql_common_api.lib(ql_iic.o)
                0x8032c058                ql_i2c_write
 .text.ql_i2c_read
                0x8032c0a4       0x4c common/lib/ql_common_api.lib(ql_iic.o)
                0x8032c0a4                ql_i2c_read
 .text.seagull_uart_putc
                0x8032c0f0       0x30 common/lib/ql_common_api.lib(ql_log.o)
                0x8032c0f0                seagull_uart_putc
 .text._ql_log_get_short_file_name
                0x8032c120       0x20 common/lib/ql_common_api.lib(ql_log.o)
                0x8032c120                _ql_log_get_short_file_name
 .text._ql_app_log
                0x8032c140       0x3c common/lib/ql_common_api.lib(ql_log.o)
                0x8032c140                _ql_app_log
 .text.printf   0x8032c17c       0x94 common/lib/ql_common_api.lib(ql_log.o)
                0x8032c17c                printf
 .text.ql_ntp_set_cid
                0x8032c210       0x30 common/lib/ql_common_api.lib(ql_ntp.o)
                0x8032c210                ql_ntp_set_cid
 .text.ql_ntp_set_server
                0x8032c240       0x30 common/lib/ql_common_api.lib(ql_ntp.o)
                0x8032c240                ql_ntp_set_server
 .text.ql_ntp_sync_ex
                0x8032c270       0x30 common/lib/ql_common_api.lib(ql_ntp.o)
                0x8032c270                ql_ntp_sync_ex
 .text.ql_nw_get_csq
                0x8032c2a0       0x30 common/lib/ql_common_api.lib(ql_nw.o)
                0x8032c2a0                ql_nw_get_csq
 .text.ql_rtc_get_time
                0x8032c2d0       0x34 common/lib/ql_common_api.lib(ql_rtc.o)
                0x8032c2d0                ql_rtc_get_time
 .text.ql_rtc_get_ticks_uint64
                0x8032c304       0x30 common/lib/ql_common_api.lib(ql_rtc.o)
                0x8032c304                ql_rtc_get_ticks_uint64
 .text.ql_rtc_set_nitz_mode
                0x8032c334       0x30 common/lib/ql_common_api.lib(ql_rtc.o)
                0x8032c334                ql_rtc_set_nitz_mode
 .text.ql_rtos_task_create
                0x8032c364       0x50 common/lib/ql_common_api.lib(ql_rtos.o)
                0x8032c364                ql_rtos_task_create
 .text.ql_rtos_task_delete
                0x8032c3b4       0x34 common/lib/ql_common_api.lib(ql_rtos.o)
                0x8032c3b4                ql_rtos_task_delete
 .text.ql_rtos_task_get_current_ref
                0x8032c3e8       0x34 common/lib/ql_common_api.lib(ql_rtos.o)
                0x8032c3e8                ql_rtos_task_get_current_ref
 .text.ql_rtos_task_get_priority
                0x8032c41c       0x3c common/lib/ql_common_api.lib(ql_rtos.o)
                0x8032c41c                ql_rtos_task_get_priority
 .text.ql_rtos_task_sleep_ms
                0x8032c458       0x30 common/lib/ql_common_api.lib(ql_rtos.o)
                0x8032c458                ql_rtos_task_sleep_ms
 .text.ql_rtos_semaphore_create
                0x8032c488       0x3c common/lib/ql_common_api.lib(ql_rtos.o)
                0x8032c488                ql_rtos_semaphore_create
 .text.ql_rtos_semaphore_wait
                0x8032c4c4       0x3c common/lib/ql_common_api.lib(ql_rtos.o)
                0x8032c4c4                ql_rtos_semaphore_wait
 .text.ql_rtos_semaphore_release
                0x8032c500       0x34 common/lib/ql_common_api.lib(ql_rtos.o)
                0x8032c500                ql_rtos_semaphore_release
 .text.ql_rtos_mutex_create
                0x8032c534       0x34 common/lib/ql_common_api.lib(ql_rtos.o)
                0x8032c534                ql_rtos_mutex_create
 .text.ql_rtos_mutex_lock
                0x8032c568       0x3c common/lib/ql_common_api.lib(ql_rtos.o)
                0x8032c568                ql_rtos_mutex_lock
 .text.ql_rtos_mutex_try_lock
                0x8032c5a4       0x34 common/lib/ql_common_api.lib(ql_rtos.o)
                0x8032c5a4                ql_rtos_mutex_try_lock
 .text.ql_rtos_mutex_unlock
                0x8032c5d8       0x34 common/lib/ql_common_api.lib(ql_rtos.o)
                0x8032c5d8                ql_rtos_mutex_unlock
 .text.ql_rtos_mutex_delete
                0x8032c60c       0x34 common/lib/ql_common_api.lib(ql_rtos.o)
                0x8032c60c                ql_rtos_mutex_delete
 .text.ql_rtos_queue_create
                0x8032c640       0x40 common/lib/ql_common_api.lib(ql_rtos.o)
                0x8032c640                ql_rtos_queue_create
 .text.ql_rtos_queue_wait
                0x8032c680       0x44 common/lib/ql_common_api.lib(ql_rtos.o)
                0x8032c680                ql_rtos_queue_wait
 .text.ql_rtos_queue_release
                0x8032c6c4       0x44 common/lib/ql_common_api.lib(ql_rtos.o)
                0x8032c6c4                ql_rtos_queue_release
 .text.ql_rtos_queue_get_cnt
                0x8032c708       0x3c common/lib/ql_common_api.lib(ql_rtos.o)
                0x8032c708                ql_rtos_queue_get_cnt
 .text.ql_rtos_queue_delete
                0x8032c744       0x34 common/lib/ql_common_api.lib(ql_rtos.o)
                0x8032c744                ql_rtos_queue_delete
 .text.ql_rtos_timer_create
                0x8032c778       0x34 common/lib/ql_common_api.lib(ql_rtos.o)
                0x8032c778                ql_rtos_timer_create
 .text.ql_rtos_timer_start
                0x8032c7ac       0x4c common/lib/ql_common_api.lib(ql_rtos.o)
                0x8032c7ac                ql_rtos_timer_start
 .text.ql_rtos_timer_delete
                0x8032c7f8       0x34 common/lib/ql_common_api.lib(ql_rtos.o)
                0x8032c7f8                ql_rtos_timer_delete
 .text.ql_rtos_get_systicks
                0x8032c82c       0x30 common/lib/ql_common_api.lib(ql_rtos.o)
                0x8032c82c                ql_rtos_get_systicks
 .text.malloc   0x8032c85c       0x30 common/lib/ql_common_api.lib(ql_rtos.o)
                0x8032c85c                malloc
 .text.free     0x8032c88c       0x30 common/lib/ql_common_api.lib(ql_rtos.o)
                0x8032c88c                free
 .text.realloc  0x8032c8bc       0x38 common/lib/ql_common_api.lib(ql_rtos.o)
                0x8032c8bc                realloc
 .text.calloc   0x8032c8f4       0x38 common/lib/ql_common_api.lib(ql_rtos.o)
                0x8032c8f4                calloc
 .text._malloc_r
                0x8032c92c        0xc common/lib/ql_common_api.lib(ql_rtos.o)
                0x8032c92c                _malloc_r
 .text._calloc_r
                0x8032c938        0xc common/lib/ql_common_api.lib(ql_rtos.o)
                0x8032c938                _calloc_r
 .text._free_r  0x8032c944        0xc common/lib/ql_common_api.lib(ql_rtos.o)
                0x8032c944                _free_r
 .text._realloc_r
                0x8032c950        0xc common/lib/ql_common_api.lib(ql_rtos.o)
                0x8032c950                _realloc_r
 .text.ql_securedata_store
                0x8032c95c       0x40 common/lib/ql_common_api.lib(ql_securedata.o)
                0x8032c95c                ql_securedata_store
 .text.ql_securedata_read
                0x8032c99c       0x40 common/lib/ql_common_api.lib(ql_securedata.o)
                0x8032c99c                ql_securedata_read
 .text.ql_sim_get_card_status
                0x8032c9dc       0x30 common/lib/ql_common_api.lib(ql_sim.o)
                0x8032c9dc                ql_sim_get_card_status
 .text.ql_set_sms_msg_mode
                0x8032ca0c       0x30 common/lib/ql_common_api.lib(ql_sms.o)
                0x8032ca0c                ql_set_sms_msg_mode
 .text.ql_set_sms_code_mode
                0x8032ca3c       0x30 common/lib/ql_common_api.lib(ql_sms.o)
                0x8032ca3c                ql_set_sms_code_mode
 .text.ql_sms_send_text_msg
                0x8032ca6c       0x3c common/lib/ql_common_api.lib(ql_sms.o)
                0x8032ca6c                ql_sms_send_text_msg
 .text.ql_sms_delete_msg_ex
                0x8032caa8       0x38 common/lib/ql_common_api.lib(ql_sms.o)
                0x8032caa8                ql_sms_delete_msg_ex
 .text.ql_set_sms_save_location
                0x8032cae0       0x3c common/lib/ql_common_api.lib(ql_sms.o)
                0x8032cae0                ql_set_sms_save_location
 .text.ql_set_sms_recive_dealmode
                0x8032cb1c       0x30 common/lib/ql_common_api.lib(ql_sms.o)
                0x8032cb1c                ql_set_sms_recive_dealmode
 .text.ql_search_sms_text_message
                0x8032cb4c       0x38 common/lib/ql_common_api.lib(ql_sms.o)
                0x8032cb4c                ql_search_sms_text_message
 .text.ql_sms_add_event_handler
                0x8032cb84       0x38 common/lib/ql_common_api.lib(ql_sms.o)
                0x8032cb84                ql_sms_add_event_handler
 .text.bind     0x8032cbbc       0x40 common/lib/ql_common_api.lib(ql_sockets.o)
                0x8032cbbc                bind
 .text.shutdown
                0x8032cbfc       0x3c common/lib/ql_common_api.lib(ql_sockets.o)
                0x8032cbfc                shutdown
 .text.close    0x8032cc38       0x34 common/lib/ql_common_api.lib(ql_sockets.o)
                0x8032cc38                close
 .text.connect  0x8032cc6c       0x40 common/lib/ql_common_api.lib(ql_sockets.o)
                0x8032cc6c                connect
 .text.setsockopt
                0x8032ccac       0x4c common/lib/ql_common_api.lib(ql_sockets.o)
                0x8032ccac                setsockopt
 .text.getsockopt
                0x8032ccf8       0x4c common/lib/ql_common_api.lib(ql_sockets.o)
                0x8032ccf8                getsockopt
 .text.recv     0x8032cd44       0x44 common/lib/ql_common_api.lib(ql_sockets.o)
                0x8032cd44                recv
 .text.send     0x8032cd88       0x44 common/lib/ql_common_api.lib(ql_sockets.o)
                0x8032cd88                send
 .text.socket   0x8032cdcc       0x40 common/lib/ql_common_api.lib(ql_sockets.o)
                0x8032cdcc                socket
 .text.select   0x8032ce0c       0x4c common/lib/ql_common_api.lib(ql_sockets.o)
                0x8032ce0c                select
 .text.ioctl    0x8032ce58       0x40 common/lib/ql_common_api.lib(ql_sockets.o)
                0x8032ce58                ioctl
 .text.write    0x8032ce98       0x40 common/lib/ql_common_api.lib(ql_sockets.o)
                0x8032ce98                write
 .text.getaddrinfo_with_pcid
                0x8032ced8       0x4c common/lib/ql_common_api.lib(ql_sockets.o)
                0x8032ced8                getaddrinfo_with_pcid
 .text.gethostbyname
                0x8032cf24       0x30 common/lib/ql_common_api.lib(ql_sockets.o)
                0x8032cf24                gethostbyname
 .text.ql_netif_find_by_pcid
                0x8032cf54       0x30 common/lib/ql_common_api.lib(ql_sockets.o)
                0x8032cf54                ql_netif_find_by_pcid
 .text.freeaddrinfo
                0x8032cf84       0x30 common/lib/ql_common_api.lib(ql_sockets.o)
                0x8032cf84                freeaddrinfo
 .text.inet_aton
                0x8032cfb4       0x3c common/lib/ql_common_api.lib(ql_sockets.o)
                0x8032cfb4                inet_aton
 .text.inet6_aton
                0x8032cff0       0x3c common/lib/ql_common_api.lib(ql_sockets.o)
                0x8032cff0                inet6_aton
 .text.inet6_ntoa
                0x8032d02c       0x34 common/lib/ql_common_api.lib(ql_sockets.o)
                0x8032d02c                inet6_ntoa
 .text.ql_soc_local_bind
                0x8032d060       0x44 common/lib/ql_common_api.lib(ql_sockets.o)
                0x8032d060                ql_soc_local_bind
 .text.ql_soc_generate_port
                0x8032d0a4       0x30 common/lib/ql_common_api.lib(ql_sockets.o)
                0x8032d0a4                ql_soc_generate_port
 .text.ql_get_soc_errno
                0x8032d0d4       0x30 common/lib/ql_common_api.lib(ql_sockets.o)
                0x8032d0d4                ql_get_soc_errno
 .text.ql_spi_nor_read_id
                0x8032d104       0x30 common/lib/ql_common_api.lib(ql_spi_nor.o)
                0x8032d104                ql_spi_nor_read_id
 .text.ql_spi_nor_init
                0x8032d134       0x3c common/lib/ql_common_api.lib(ql_spi_nor.o)
                0x8032d134                ql_spi_nor_init
 .text.ql_spi_nor_read
                0x8032d170       0x44 common/lib/ql_common_api.lib(ql_spi_nor.o)
                0x8032d170                ql_spi_nor_read
 .text.ql_spi_nor_write
                0x8032d1b4       0x44 common/lib/ql_common_api.lib(ql_spi_nor.o)
                0x8032d1b4                ql_spi_nor_write
 .text.ql_spi_nor_erase_sector
                0x8032d1f8       0x3c common/lib/ql_common_api.lib(ql_spi_nor.o)
                0x8032d1f8                ql_spi_nor_erase_sector
 .text.ql_uart_open
                0x8032d234       0x40 common/lib/ql_common_api.lib(ql_uart.o)
                0x8032d234                ql_uart_open
 .text.ql_uart_close
                0x8032d274       0x34 common/lib/ql_common_api.lib(ql_uart.o)
                0x8032d274                ql_uart_close
 .text.ql_uart_register_cb
                0x8032d2a8       0x38 common/lib/ql_common_api.lib(ql_uart.o)
                0x8032d2a8                ql_uart_register_cb
 .text.ql_uart_write
                0x8032d2e0       0x40 common/lib/ql_common_api.lib(ql_uart.o)
                0x8032d2e0                ql_uart_write
 .text.ql_uart_read
                0x8032d320       0x40 common/lib/ql_common_api.lib(ql_uart.o)
                0x8032d320                ql_uart_read
 .text.strdup   0x8032d360       0x2c common/lib/com_http.lib(ql_http_client.o)
                0x8032d360                strdup
 *fill*         0x8032d38c        0x4 
 .text.HttpTimerCountdownMS
                0x8032d390       0x50 common/lib/com_http.lib(ql_http_client.o)
                0x8032d390                HttpTimerCountdownMS
 .text.HttpTimerLeftMS
                0x8032d3e0       0x68 common/lib/com_http.lib(ql_http_client.o)
                0x8032d3e0                HttpTimerLeftMS
 .text.HttpTimerIsExpired
                0x8032d448       0x14 common/lib/com_http.lib(ql_http_client.o)
                0x8032d448                HttpTimerIsExpired
 .text.quec_http_client_set_url
                0x8032d45c      0xbc8 common/lib/com_http.lib(ql_http_client.o)
 .text.HttpTimerInit
                0x8032e024        0xc common/lib/com_http.lib(ql_http_client.o)
                0x8032e024                HttpTimerInit
 .text.http_client_base64_encode
                0x8032e030      0x114 common/lib/com_http.lib(ql_http_client.o)
                0x8032e030                http_client_base64_encode
 .text.ql_http_client_init
                0x8032e144       0xa8 common/lib/com_http.lib(ql_http_client.o)
                0x8032e144                ql_http_client_init
 .text.ql_http_client_list_append
                0x8032e1ec       0x68 common/lib/com_http.lib(ql_http_client.o)
                0x8032e1ec                ql_http_client_list_append
 .text.ql_http_client_list_destroy
                0x8032e254       0x20 common/lib/com_http.lib(ql_http_client.o)
                0x8032e254                ql_http_client_list_destroy
 .text.ql_http_client_release
                0x8032e274      0x1a0 common/lib/com_http.lib(ql_http_client.o)
                0x8032e274                ql_http_client_release
 .text.ql_http_client_setopt
                0x8032e414      0x304 common/lib/com_http.lib(ql_http_client.o)
                0x8032e414                ql_http_client_setopt
 .text.ql_http_client_get_header
                0x8032e718      0x128 common/lib/com_http.lib(ql_http_client.o)
                0x8032e718                ql_http_client_get_header
 .text.quec_http_client_check_header_tmp.isra.0.constprop.0
                0x8032e840      0x314 common/lib/com_http.lib(ql_http_client.o)
 .text.quec_http_client_resq_cb
                0x8032eb54       0x1a common/lib/com_http.lib(ql_http_client.o)
                0x8032eb54                quec_http_client_resq_cb
 *fill*         0x8032eb6e        0x2 
 .text.quec_http_client_send_head
                0x8032eb70      0x384 common/lib/com_http.lib(ql_http_client.o)
                0x8032eb70                quec_http_client_send_head
 .text.quec_http_client_send_body
                0x8032eef4      0x194 common/lib/com_http.lib(ql_http_client.o)
                0x8032eef4                quec_http_client_send_body
 .text.quec_http_client_send_body_ex
                0x8032f088      0x260 common/lib/com_http.lib(ql_http_client.o)
                0x8032f088                quec_http_client_send_body_ex
 .text.quec_http_client_send
                0x8032f2e8       0x5c common/lib/com_http.lib(ql_http_client.o)
                0x8032f2e8                quec_http_client_send
 .text.quec_http_client_recv_abandon
                0x8032f344      0x190 common/lib/com_http.lib(ql_http_client.o)
                0x8032f344                quec_http_client_recv_abandon
 .text.quec_http_client_recv
                0x8032f4d4      0x774 common/lib/com_http.lib(ql_http_client.o)
                0x8032f4d4                quec_http_client_recv
 .text.quec_http_client_send_recv_task_ref
                0x8032fc48       0xe8 common/lib/com_http.lib(ql_http_client.o)
                0x8032fc48                quec_http_client_send_recv_task_ref
 .text.ql_http_client_request
                0x8032fd30      0x1a8 common/lib/com_http.lib(ql_http_client.o)
                0x8032fd30                ql_http_client_request
 .text.mbedtls_net_free
                0x8032fed8       0x30 common/lib/com_mbedtls.lib(mbedtls_lib.o)
                0x8032fed8                mbedtls_net_free
 .text.mbedtls_x509_crt_free
                0x8032ff08       0x30 common/lib/com_mbedtls.lib(mbedtls_lib.o)
                0x8032ff08                mbedtls_x509_crt_free
 .text.mbedtls_pk_free
                0x8032ff38       0x30 common/lib/com_mbedtls.lib(mbedtls_lib.o)
                0x8032ff38                mbedtls_pk_free
 .text.mbedtls_ssl_free
                0x8032ff68       0x30 common/lib/com_mbedtls.lib(mbedtls_lib.o)
                0x8032ff68                mbedtls_ssl_free
 .text.mbedtls_ssl_config_free
                0x8032ff98       0x30 common/lib/com_mbedtls.lib(mbedtls_lib.o)
                0x8032ff98                mbedtls_ssl_config_free
 .text.mbedtls_ctr_drbg_free
                0x8032ffc8       0x30 common/lib/com_mbedtls.lib(mbedtls_lib.o)
                0x8032ffc8                mbedtls_ctr_drbg_free
 .text.mbedtls_entropy_free
                0x8032fff8       0x30 common/lib/com_mbedtls.lib(mbedtls_lib.o)
                0x8032fff8                mbedtls_entropy_free
 .text.mbedtls_net_init
                0x80330028       0x30 common/lib/com_mbedtls.lib(mbedtls_lib.o)
                0x80330028                mbedtls_net_init
 .text.mbedtls_ssl_init
                0x80330058       0x30 common/lib/com_mbedtls.lib(mbedtls_lib.o)
                0x80330058                mbedtls_ssl_init
 .text.mbedtls_ssl_config_init
                0x80330088       0x30 common/lib/com_mbedtls.lib(mbedtls_lib.o)
                0x80330088                mbedtls_ssl_config_init
 .text.mbedtls_ctr_drbg_init
                0x803300b8       0x30 common/lib/com_mbedtls.lib(mbedtls_lib.o)
                0x803300b8                mbedtls_ctr_drbg_init
 .text.mbedtls_x509_crt_init
                0x803300e8       0x30 common/lib/com_mbedtls.lib(mbedtls_lib.o)
                0x803300e8                mbedtls_x509_crt_init
 .text.mbedtls_pk_init
                0x80330118       0x30 common/lib/com_mbedtls.lib(mbedtls_lib.o)
                0x80330118                mbedtls_pk_init
 .text.mbedtls_entropy_init
                0x80330148       0x30 common/lib/com_mbedtls.lib(mbedtls_lib.o)
                0x80330148                mbedtls_entropy_init
 .text.mbedtls_debug_set_threshold
                0x80330178       0x30 common/lib/com_mbedtls.lib(mbedtls_lib.o)
                0x80330178                mbedtls_debug_set_threshold
 .text.mbedtls_ssl_conf_dbg
                0x803301a8       0x3c common/lib/com_mbedtls.lib(mbedtls_lib.o)
                0x803301a8                mbedtls_ssl_conf_dbg
 .text.mbedtls_ctr_drbg_seed
                0x803301e4       0x48 common/lib/com_mbedtls.lib(mbedtls_lib.o)
                0x803301e4                mbedtls_ctr_drbg_seed
 .text.mbedtls_x509_crt_parse
                0x8033022c       0x3c common/lib/com_mbedtls.lib(mbedtls_lib.o)
                0x8033022c                mbedtls_x509_crt_parse
 .text.mbedtls_x509_crt_parse_file
                0x80330268       0x38 common/lib/com_mbedtls.lib(mbedtls_lib.o)
                0x80330268                mbedtls_x509_crt_parse_file
 .text.mbedtls_pk_parse_keyfile
                0x803302a0       0x3c common/lib/com_mbedtls.lib(mbedtls_lib.o)
                0x803302a0                mbedtls_pk_parse_keyfile
 .text.mbedtls_net_connect
                0x803302dc       0x48 common/lib/com_mbedtls.lib(mbedtls_lib.o)
                0x803302dc                mbedtls_net_connect
 .text.mbedtls_ssl_config_defaults
                0x80330324       0x44 common/lib/com_mbedtls.lib(mbedtls_lib.o)
                0x80330324                mbedtls_ssl_config_defaults
 .text.mbedtls_ssl_conf_verify
                0x80330368       0x3c common/lib/com_mbedtls.lib(mbedtls_lib.o)
                0x80330368                mbedtls_ssl_conf_verify
 .text.mbedtls_ssl_conf_authmode
                0x803303a4       0x38 common/lib/com_mbedtls.lib(mbedtls_lib.o)
                0x803303a4                mbedtls_ssl_conf_authmode
 .text.mbedtls_ssl_conf_rng
                0x803303dc       0x3c common/lib/com_mbedtls.lib(mbedtls_lib.o)
                0x803303dc                mbedtls_ssl_conf_rng
 .text.mbedtls_ssl_conf_ca_chain
                0x80330418       0x3c common/lib/com_mbedtls.lib(mbedtls_lib.o)
                0x80330418                mbedtls_ssl_conf_ca_chain
 .text.mbedtls_ssl_conf_own_cert
                0x80330454       0x3c common/lib/com_mbedtls.lib(mbedtls_lib.o)
                0x80330454                mbedtls_ssl_conf_own_cert
 .text.mbedtls_ssl_setup